W/PackageManager(  800): Failure retrieving resources for com.android.provision: Resource ID #0x0
W/ResourceType(  800): No package identifier when getting value for resource number 0x00000000
W/PackageManager(  800): Failure retrieving resources for com.android.sharedstoragebackup: Resource ID #0x0
W/ResourceType(  800): No package identifier when getting value for resource number 0x00000000
I/ActivityManager(  414): Activity reported stop, but no longer stopping: ActivityRecord{28f6b0e0 u0 android/com.android.internal.app.ResolverActivity t3 f}
W/PackageManager(  800): Failure retrieving resources for com.android.printspooler: Resource ID #0x0
W/ResourceType(  800): No package identifier when getting value for resource number 0x00000000
W/PackageManager(  800): Failure retrieving resources for com.android.dreams.basic: Resource ID #0x0
W/ResourceType(  800): No package identifier when getting value for resource number 0x00000000
W/PackageManager(  800): Failure retrieving resources for com.android.inputdevices: Resource ID #0x0
W/ResourceType(  800): No package identifier when getting value for resource number 0x00000000
W/PackageManager(  800): Failure retrieving resources for com.android.keychain: Resource ID #0x0
W/ResourceType(  800): No package identifier when getting value for resource number 0x00000000
W/PackageManager(  800): Failure retrieving resources for com.android.packageinstaller: Resource ID #0x0
W/ResourceType(  800): No package identifier when getting value for resource number 0x00000000
W/PackageManager(  800): Failure retrieving resources for com.svox.pico: Resource ID #0x0
W/ResourceType(  800): No package identifier when getting value for resource number 0x00000000
W/PackageManager(  800): Failure retrieving resources for com.android.proxyhandler: Resource ID #0x0
D/IWDS_NATIVE---Uniconnect: AndroidBtDataChannel: (  781): Trace: enter readyForOperation 
D/IWDS_NATIVE---Uniconnect: AndroidBtDataChannel: (  781): Trace: exit readyForOperation 
D/IWDS_NATIVE---Uniconnect: Link: Server: Android BT data channel(  781): Not ready for operation: android BT was disabled
W/ResourceType(  800): No package identifier when getting value for resource number 0x00000000
W/PackageManager(  800): Failure retrieving resources for com.android.managedprovisioning: Resource ID #0x0
W/ResourceType(  800): No package identifier when getting value for resource number 0x00000000
W/PackageManager(  800): Failure retrieving resources for com.android.smspush: Resource ID #0x0
W/ResourceType(  800): No package identifier when getting value for resource number 0x00000000
W/PackageManager(  800): Failure retrieving resources for jp.co.omronsoft.openwnn: Resource ID #0x0
W/ResourceType(  800): No package identifier when getting value for resource number 0x00000000
W/PackageManager(  800): Failure retrieving resources for com.android.vpndialogs: Resource ID #0x0
W/ResourceType(  800): No package identifier when getting value for resource number 0x00000000
W/PackageManager(  800): Failure retrieving resources for com.android.shell: Resource ID #0x0
W/ResourceType(  800): No package identifier when getting value for resource number 0x00000000
W/PackageManager(  800): Failure retrieving resources for com.android.providers.userdictionary: Resource ID #0x0
W/ResourceType(  800): No package identifier when getting value for resource number 0x00000000
W/PackageManager(  800): Failure retrieving resources for com.android.location.fused: Resource ID #0x0
W/ResourceType(  800): No package identifier when getting value for resource number 0x00000000
W/PackageManager(  800): Failure retrieving resources for com.android.captiveportallogin: Resource ID #0x0
I/ActivityManager(  414): Start proc 1097:com.android.defcontainer/u0a2 for service com.android.defcontainer/.DefaultContainerService
I/ActivityManager(  414): START u0 {act=android.intent.action.MAIN cat=[android.intent.category.HOME] flg=0x10000000 cmp=android/com.android.internal.app.ResolverActivity} from uid 0 on display 0
V/WindowManager(  414): addAppToken: AppWindowToken{f3c0032 token=Token{3373a03d ActivityRecord{2f42dd94 u0 android/com.android.internal.app.ResolverActivity t5}}} to stack=1 task=5 at 0
I/art     (   89): Explicit concurrent mark sweep GC freed 709(30KB) AllocSpace objects, 0(0B) LOS objects, 84% free, 92KB/604KB, paused 473us total 178.059ms
I/art     (   89): Explicit concurrent mark sweep GC freed 5(160B) AllocSpace objects, 0(0B) LOS objects, 84% free, 92KB/604KB, paused 564us total 136.682ms
V/WindowManager(  414): Adding window Window{f4399f5 u0 android/com.android.internal.app.ResolverActivity} at 3 of 6 (after Window{22e22afc u0 com.android.settings/com.android.settings.applications.InstalledAppDetails})
I/art     (   89): Explicit concurrent mark sweep GC freed 5(160B) AllocSpace objects, 0(0B) LOS objects, 84% free, 92KB/604KB, paused 468us total 70.693ms
W/ResourcesManager(  911): Asset path '/system/framework/android.test.runner.jar' does not exist or contains no resources.
E/WindowManager(  414): CCCCCCCCCCCCCCCCCCCCCCCCCCCCCCCCCCCCCCCCCCCCCCCCCCCCCC 
E/WindowManager(  414): dw: 400
E/WindowManager(  414): dh: 400
E/WindowManager(  414): config.orientation: 1
E/WindowManager(  414): Configuration.ORIENTATION_PORTRAIT: 1
E/WindowManager(  414): Configuration.ORIENTATION_LANDSCAPE: 2
D/IWDS_NATIVE---Uniconnect: AndroidBtDataChannel: (  781): Trace: enter readyForOperation 
D/IWDS_NATIVE---Uniconnect: AndroidBtDataChannel: (  781): Trace: exit readyForOperation 
D/IWDS_NATIVE---Uniconnect: Link: Server: Android BT data channel(  781): Not ready for operation: android BT was disabled
I/ActivityManager(  414): Displayed android/com.android.internal.app.ResolverActivity: +629ms
D/IWDS_NATIVE---Uniconnect: AndroidBtDataChannel: (  781): Trace: enter readyForOperation 
D/IWDS_NATIVE---Uniconnect: AndroidBtDataChannel: (  781): Trace: exit readyForOperation 
D/IWDS_NATIVE---Uniconnect: Link: Server: Android BT data channel(  781): Not ready for operation: android BT was disabled
I/art     (  414): Background partial concurrent mark sweep GC freed 13153(759KB) AllocSpace objects, 3(66KB) LOS objects, 19% free, 6MB/7MB, paused 2.056ms total 127.016ms
D/IWDS_NATIVE---Uniconnect: AndroidBtDataChannel: (  781): Trace: enter readyForOperation 
D/IWDS_NATIVE---Uniconnect: AndroidBtDataChannel: (  781): Trace: exit readyForOperation 
D/IWDS_NATIVE---Uniconnect: Link: Server: Android BT data channel(  781): Not ready for operation: android BT was disabled
D/TaskPersister(  414): removeObsoleteFile: deleting file=4_task.xml
D/TaskPersister(  414): removeObsoleteFile: deleting file=3_task_thumbnail.png
D/TaskPersister(  414): removeObsoleteFile: deleting file=4_task_thumbnail.png
D/IWDS_NATIVE---Uniconnect: AndroidBtDataChannel: (  781): Trace: enter readyForOperation 
D/IWDS_NATIVE---Uniconnect: AndroidBtDataChannel: (  781): Trace: exit readyForOperation 
D/IWDS_NATIVE---Uniconnect: Link: Server: Android BT data channel(  781): Not ready for operation: android BT was disabled
D/IWDS_NATIVE---Uniconnect: AndroidBtDataChannel: (  781): Trace: enter readyForOperation 
D/IWDS_NATIVE---Uniconnect: AndroidBtDataChannel: (  781): Trace: exit readyForOperation 
D/IWDS_NATIVE---Uniconnect: Link: Server: Android BT data channel(  781): Not ready for operation: android BT was disabled
W/AudioTrack(  414): AUDIO_OUTPUT_FLAG_FAST denied by client
V/audio_hw_primary(   86): start_output_stream 
D/IWDS_NATIVE---Uniconnect: AndroidBtDataChannel: (  781): Trace: enter readyForOperation 
D/IWDS_NATIVE---Uniconnect: AndroidBtDataChannel: (  781): Trace: exit readyForOperation 
D/IWDS_NATIVE---Uniconnect: Link: Server: Android BT data channel(  781): Not ready for operation: android BT was disabled
W/AudioTrack(  414): AUDIO_OUTPUT_FLAG_FAST denied by client
I/PackageManager(  414): Setting last chosen activity com.ingenic.launcher/.Launcher for user 0:
I/PackageManager(  414):   Action: "android.intent.action.MAIN"
I/PackageManager(  414):   Category: "android.intent.category.HOME"
I/PackageManager(  414):   Category: "android.intent.category.DEFAULT"
I/ActivityManager(  414): START u0 {act=android.intent.action.MAIN cat=[android.intent.category.HOME] flg=0x13000000 cmp=com.ingenic.launcher/.Launcher} from uid 0 on display 0
W/ResourcesManager(  414): Asset path '/system/framework/android.test.runner.jar' does not exist or contains no resources.
V/WindowManager(  414): addAppToken: AppWindowToken{305bd173 token=Token{2010d9e2 ActivityRecord{2b7212ad u0 com.ingenic.launcher/.Launcher t6}}} to stack=0 task=6 at 0
V/WindowManager(  414): Adding window Window{30c6d75c u0 Starting com.ingenic.launcher} at 2 of 5 (after Window{f4399f5 u0 android/com.android.internal.app.ResolverActivity})
E/WindowManager(  414): CCCCCCCCCCCCCCCCCCCCCCCCCCCCCCCCCCCCCCCCCCCCCCCCCCCCCC 
E/WindowManager(  414): dw: 400
E/WindowManager(  414): dh: 400
E/WindowManager(  414): config.orientation: 1
E/WindowManager(  414): Configuration.ORIENTATION_PORTRAIT: 1
E/WindowManager(  414): Configuration.ORIENTATION_LANDSCAPE: 2
D/IWDS---Launcher( 1063): launcher the screen is acquire
D/IWDS_NATIVE---Uniconnect: AndroidBtDataChannel: (  781): Trace: enter readyForOperation 
D/IWDS_NATIVE---Uniconnect: AndroidBtDataChannel: (  781): Trace: exit readyForOperation 
D/IWDS_NATIVE---Uniconnect: Link: Server: Android BT data channel(  781): Not ready for operation: android BT was disabled
W/SQLiteConnectionPool( 1063): A SQLiteConnection object for database '/data/data/com.ingenic.launcher/databases/schedulesInfo.db' was leaked!  Please fix your application to end transactions in progress properly and to close the database when it is no longer needed.
I/art     ( 1063): Background sticky concurrent mark sweep GC freed 3475(243KB) AllocSpace objects, 0(0B) LOS objects, 17% free, 812KB/984KB, paused 8.184ms total 219.009ms
D/OpenGLRenderer( 1063): Use EGL_SWAP_BEHAVIOR_PRESERVED: true
D/Atlas   ( 1063): Validating map...
V/WindowManager(  414): Adding window Window{f713d60 u0 com.ingenic.launcher/com.ingenic.launcher.Launcher} at 2 of 6 (before Window{30c6d75c u0 Starting com.ingenic.launcher})
W/ResourceType( 1063): No package identifier when getting value for resource number 0x00000000
W/PackageManager( 1063): Failure retrieving resources for com.android.contacts: Resource ID #0x0
W/ResourceType( 1063): No package identifier when getting value for resource number 0x00000000
W/PackageManager( 1063): Failure retrieving resources for com.android.contacts: Resource ID #0x0
W/ResourceType( 1063): No package identifier when getting value for resource number 0x00000000
W/PackageManager( 1063): Failure retrieving resources for com.android.settings: Resource ID #0x0
W/ResourceType( 1063): No package identifier when getting value for resource number 0x00000000
W/PackageManager( 1063): Failure retrieving resources for com.android.settings: Resource ID #0x0
W/ResourceType( 1063): No package identifier when getting value for resource number 0x00000000
W/PackageManager( 1063): Failure retrieving resources for com.ingenic.calculator: Resource ID #0x0
W/ResourceType( 1063): No package identifier when getting value for resource number 0x00000000
W/PackageManager( 1063): Failure retrieving resources for com.ingenic.calculator: Resource ID #0x0
W/ResourceType( 1063): No package identifier when getting value for resource number 0x00000000
W/PackageManager( 1063): Failure retrieving resources for com.ingenic.soundrecorder: Resource ID #0x0
W/ResourceType( 1063): No package identifier when getting value for resource number 0x00000000
W/PackageManager( 1063): Failure retrieving resources for com.ingenic.soundrecorder: Resource ID #0x0
W/ResourceType( 1063): No package identifier when getting value for resource number 0x00000000
W/PackageManager( 1063): Failure retrieving resources for com.android.browser: Resource ID #0x0
W/ResourceType( 1063): No package identifier when getting value for resource number 0x00000000
W/PackageManager( 1063): Failure retrieving resources for com.android.browser: Resource ID #0x0
W/ResourceType( 1063): No package identifier when getting value for resource number 0x00000000
W/PackageManager( 1063): Failure retrieving resources for com.android.gallery3d: Resource ID #0x0
W/ResourceType( 1063): No package identifier when getting value for resource number 0x00000000
W/PackageManager( 1063): Failure retrieving resources for com.android.gallery3d: Resource ID #0x0
W/ResourceType( 1063): No package identifier when getting value for resource number 0x00000000
W/PackageManager( 1063): Failure retrieving resources for com.android.camera: Resource ID #0x0
W/ResourceType( 1063): No package identifier when getting value for resource number 0x00000000
W/PackageManager( 1063): Failure retrieving resources for com.android.camera: Resource ID #0x0
W/ResourceType( 1063): No package identifier when getting value for resource number 0x00000000
W/PackageManager( 1063): Failure retrieving resources for com.ingenic.alarmclock: Resource ID #0x0
W/ResourceType( 1063): No package identifier when getting value for resource number 0x00000000
W/PackageManager( 1063): Failure retrieving resources for com.ingenic.alarmclock: Resource ID #0x0
W/ResourceType( 1063): No package identifier when getting value for resource number 0x00000000
W/PackageManager( 1063): Failure retrieving resources for com.ingenic.calendar: Resource ID #0x0
W/ResourceType( 1063): No package identifier when getting value for resource number 0x00000000
W/PackageManager( 1063): Failure retrieving resources for com.ingenic.calendar: Resource ID #0x0
W/ResourceType( 1063): No package identifier when getting value for resource number 0x00000000
W/PackageManager( 1063): Failure retrieving resources for com.ingenic.settings: Resource ID #0x0
W/art     ( 1063): Long monitor contention event with owner method=long android.content.res.AssetManager.openNonAssetNative(int, java.lang.String, int) from AssetManager.java:4294967294 waiters=0 for 132ms
W/ResourceType( 1063): No package identifier when getting value for resource number 0x00000000
W/PackageManager( 1063): Failure retrieving resources for com.ingenic.settings: Resource ID #0x0
W/ResourceType( 1063): No package identifier when getting value for resource number 0x00000000
W/PackageManager( 1063): Failure retrieving resources for com.ingenic.uptimer: Resource ID #0x0
W/ResourceType( 1063): No package identifier when getting value for resource number 0x00000000
W/PackageManager( 1063): Failure retrieving resources for com.ingenic.uptimer: Resource ID #0x0
W/ResourceType( 1063): No package identifier when getting value for resource number 0x00000000
W/PackageManager( 1063): Failure retrieving resources for imoblife.androidsensorbox: Resource ID #0x0
W/ResourceType( 1063): No package identifier when getting value for resource number 0x00000000
W/PackageManager( 1063): Failure retrieving resources for imoblife.androidsensorbox: Resource ID #0x0
D/IWDS_NATIVE---Uniconnect: AndroidBtDataChannel: (  781): Trace: enter readyForOperation 
D/IWDS_NATIVE---Uniconnect: AndroidBtDataChannel: (  781): Trace: exit readyForOperation 
D/IWDS_NATIVE---Uniconnect: Link: Server: Android BT data channel(  781): Not ready for operation: android BT was disabled
W/ResourceType( 1063): No package identifier when getting value for resource number 0x00000000
W/PackageManager( 1063): Failure retrieving resources for com.android.contacts: Resource ID #0x0
I/art     ( 1063): Background sticky concurrent mark sweep GC freed 1111(75KB) AllocSpace objects, 0(0B) LOS objects, 5% free, 1519KB/1600KB, paused 6.580ms total 89.804ms
I/ActivityManager(  414): Waited long enough for: ServiceRecord{2687cef8 u0 com.ingenic.launcher/com.ingenic.amazingvoice.service.VoiceService}
I/ActivityManager(  414): Resuming delayed broadcast
I/art     ( 1063): Background partial concurrent mark sweep GC freed 954(83KB) AllocSpace objects, 0(0B) LOS objects, 25% free, 1518KB/2030KB, paused 4.501ms total 124.348ms
I/ActivityManager(  414): Start proc 1125:com.android.managedprovisioning/u0a4 for broadcast com.android.managedprovisioning/.BootReminder
W/System.err( 1063): android.content.pm.PackageManager$NameNotFoundException: com.ingenic.sms
W/System.err( 1063): 	at android.app.ApplicationPackageManager.getApplicationInfo(ApplicationPackageManager.java:281)
W/System.err( 1063): 	at android.app.ApplicationPackageManager.getApplicationIcon(ApplicationPackageManager.java:805)
W/System.err( 1063): 	at com.ingenic.launcher.widget.notification.NotificationCenterListAdapter.getAppIconByPackageName(NotificationCenterListAdapter.java:223)
W/System.err( 1063): 	at com.ingenic.launcher.widget.notification.NotificationCenterListAdapter.<init>(NotificationCenterListAdapter.java:63)
W/System.err( 1063): 	at com.ingenic.launcher.widget.notification.NotificationCenterWidget.<init>(NotificationCenterWidget.java:92)
W/System.err( 1063): 	at com.ingenic.launcher.widget.notification.NotificationCenterWidget.<init>(NotificationCenterWidget.java:75)
W/System.err( 1063): 	at java.lang.reflect.Constructor.newInstance(Native Method)
W/System.err( 1063): 	at java.lang.reflect.Constructor.newInstance(Constructor.java:288)
W/System.err( 1063): 	at android.view.LayoutInflater.createView(LayoutInflater.java:607)
W/System.err( 1063): 	at android.view.LayoutInflater.createViewFromTag(LayoutInflater.java:743)
W/System.err( 1063): 	at android.view.LayoutInflater.rInflate(LayoutInflater.java:806)
W/System.err( 1063): 	at android.view.LayoutInflater.inflate(LayoutInflater.java:504)
W/System.err( 1063): 	at android.view.LayoutInflater.inflate(LayoutInflater.java:414)
W/System.err( 1063): 	at android.view.LayoutInflater.inflate(LayoutInflater.java:365)
W/System.err( 1063): 	at com.ingenic.launcher.Launcher.getTopStatusBar(Launcher.java:669)
W/System.err( 1063): 	at com.ingenic.launcher.Launcher.initView(Launcher.java:249)
W/System.err( 1063): 	at com.ingenic.launcher.Launcher.onCreate(Launcher.java:207)
W/System.err( 1063): 	at android.app.Activity.performCreate(Activity.java:5990)
W/System.err( 1063): 	at android.app.Instrumentation.callActivityOnCreate(Instrumentation.java:1106)
W/System.err( 1063): 	at android.app.ActivityThread.performLaunchActivity(ActivityThread.java:2278)
W/System.err( 1063): 	at android.app.ActivityThread.handleLaunchActivity(ActivityThread.java:2387)
W/System.err( 1063): 	at android.app.ActivityThread.access$800(ActivityThread.java:151)
W/System.err( 1063): 	at android.app.ActivityThread$H.handleMessage(ActivityThread.java:1303)
W/System.err( 1063): 	at android.os.Handler.dispatchMessage(Handler.java:102)
W/System.err( 1063): 	at android.os.Looper.loop(Looper.java:135)
W/System.err( 1063): 	at android.app.ActivityThread.main(ActivityThread.java:5254)
W/System.err( 1063): 	at java.lang.reflect.Method.invoke(Native Method)
W/System.err( 1063): 	at java.lang.reflect.Method.invoke(Method.java:372)
W/System.err( 1063): 	at com.android.internal.os.ZygoteInit$MethodAndArgsCaller.run(ZygoteInit.java:903)
W/System.err( 1063): 	at com.android.internal.os.ZygoteInit.main(ZygoteInit.java:698)
I/ActivityManager(  414): Delay finish: com.android.providers.media/.MediaScannerReceiver
V/WindowManager(  414): Adding window Window{269adf8e u0 com.ingenic.launcher/com.ingenic.launcher.Launcher} at 2 of 7 (before Window{f713d60 u0 com.ingenic.launcher/com.ingenic.launcher.Launcher})
I/Choreographer( 1063): Skipped 88 frames!  The application may be doing too much work on its main thread.
W/ResourceType( 1063): No package identifier when getting value for resource number 0x00000000
W/PackageManager( 1063): Failure retrieving resources for com.android.settings: Resource ID #0x0
I/OpenGLRenderer( 1063): Initialized EGL, version 1.4
D/OpenGLRenderer( 1063): Enabling debug mode 0
E/BufferQueueProducer(   78): [com.ingenic.launcher/com.ingenic.launcher.Launcher] dequeueBuffer: can't dequeue multiple buffers without setting the buffer count
D/IWDS_NATIVE---Uniconnect: AndroidBtDataChannel: (  781): Trace: enter readyForOperation 
D/IWDS_NATIVE---Uniconnect: AndroidBtDataChannel: (  781): Trace: exit readyForOperation 
D/IWDS_NATIVE---Uniconnect: Link: Server: Android BT data channel(  781): Not ready for operation: android BT was disabled
E/BufferQueueProducer(   78): [com.ingenic.launcher/com.ingenic.launcher.Launcher] dequeueBuffer: can't dequeue multiple buffers without setting the buffer count
D/IWDS---VoiceManagerService( 1063): onCreate()
D/IWDS---VoiceManagerService( 1063): onBind()
D/IWDS---WidgetServiceProxy(  781): Widget service created.
D/IWDS--- ( 1063): ------------------------------true
I/IWDS--- ( 1063): binder onServiceConnected
I/ActivityManager(  414): Displayed com.ingenic.launcher/.Launcher: +2s767ms (total +28s973ms)
D/IWDS---RemoteSpeechService(  781): onCreate
D/IWDS---RemoteSpeechService(  781): onBind
I/IWDS---BottomOriginWidget( 1063): Connect to Widget service.
I/IWDS---BottomOriginWidget( 1063): Start Host.
W/art     ( 1063): Suspending all threads took: 5.950ms
I/art     ( 1063): Background sticky concurrent mark sweep GC freed 2269(187KB) AllocSpace objects, 0(0B) LOS objects, 6% free, 1907KB/2030KB, paused 7.504ms total 117.406ms
I/IWDS---WidgetPagerAdapter( 1063): instantiate item:0
I/ActivityManager(  414): Start proc 1145:com.ingenic.settings/1000 for service com.ingenic.settings/com.ingenic.iwds.appwidget.WidgetProviderService
D/IWDS_NATIVE---Uniconnect: AndroidBtDataChannel: (  781): Trace: enter readyForOperation 
D/IWDS_NATIVE---Uniconnect: AndroidBtDataChannel: (  781): Trace: exit readyForOperation 
D/IWDS_NATIVE---Uniconnect: Link: Server: Android BT data channel(  781): Not ready for operation: android BT was disabled
I/art     ( 1063): Background partial concurrent mark sweep GC freed 1391(234KB) AllocSpace objects, 2(32KB) LOS objects, 24% free, 1869KB/2MB, paused 3.532ms total 150.812ms
I/IWDS---WidgetPagerAdapter( 1063): instantiate item:1
D/IWDS---tag( 1145): appclication oncrate
D/IWDS---FindMobilePhoneModel( 1145): init FindMobilePhoneModel
D/IWDS---d(  781): Provider Service:ComponentInfo{com.ingenic.settings/com.ingenic.iwds.appwidget.WidgetProviderService} Connected.
W/ContextImpl( 1145): Calling a method in the system process without a qualified user: android.app.ContextImpl.bindService:1756 android.content.ContextWrapper.bindService:539 com.ingenic.iwds.common.api.ServiceClient$a.handleMessage:615 android.os.Handler.dispatchMessage:102 android.os.Looper.loop:135 
D/IWDS---SettingsWidgetProvider( 1145): setting--------------->onAdded
D/IWDS---VoiceManagerService( 1063): onConnected
D/BluetoothManagerService(  414): Message: 20
D/BluetoothManagerService(  414): Added callback: android.bluetooth.IBluetoothManagerCallback$Stub$Proxy@19fffbc6:true
D/IWDS---d(  781): registerRemoteStatusListener called by: android.os.BinderProxy@10f42e04
D/IWDS---f(  781): Try to register remote status listener
I/IWDS---f(  781): Speech service on remote device not connected yet
I/IWDS---f(  781): Speech service disconnected with error code 30000
I/IWDS---WidgetHostCallback( 1063): Provider ComponentInfo{com.ingenic.settings/com.ingenic.settings.widget.SettingsWidgetProvider} bound to Widget: 1
I/IWDS---WidgetHostCallback( 1063): Provider ComponentInfo{com.ingenic.settings/com.ingenic.settings.battery.BatteryWidget} bound to Widget: 2
I/IWDS---BatteryWidget( 1145): provider onAdded.
W/ActivityManager(  414): Finishing task with all activities already finished
W/ActivityManager(  414): Duplicate finish request for ActivityRecord{2f42dd94 u0 android/com.android.internal.app.ResolverActivity t5 f}
I/art     (  781): Background sticky concurrent mark sweep GC freed 4576(275KB) AllocSpace objects, 0(0B) LOS objects, 27% free, 995KB/1377KB, paused 668us total 176.025ms
I/art     (  911): Explicit concurrent mark sweep GC freed 1432(69KB) AllocSpace objects, 0(0B) LOS objects, 50% free, 502KB/1014KB, paused 618us total 162.434ms
W/ContextImpl( 1145): Calling a method in the system process without a qualified user: android.app.ContextImpl.bindService:1756 android.content.ContextWrapper.bindService:539 com.ingenic.iwds.common.api.ServiceClient$a.handleMessage:615 android.os.Handler.dispatchMessage:102 android.os.Looper.loop:135 
D/IWDS_NATIVE---Uniconnect: AndroidBtDataChannel: (  781): Trace: enter readyForOperation 
D/IWDS_NATIVE---Uniconnect: AndroidBtDataChannel: (  781): Trace: exit readyForOperation 
D/IWDS_NATIVE---Uniconnect: Link: Server: Android BT data channel(  781): Not ready for operation: android BT was disabled
I/MediaProvider(  828): Upgrading media database from version 0 to 800, which will destroy all old data
I/art     (  911): Explicit concurrent mark sweep GC freed 1562(131KB) AllocSpace objects, 0(0B) LOS objects, 57% free, 371KB/883KB, paused 610us total 52.998ms
W/ResourceType( 1063): No package identifier when getting value for resource number 0x00000000
W/PackageManager( 1063): Failure retrieving resources for com.android.browser: Resource ID #0x0
I/art     (  911): Explicit concurrent mark sweep GC freed 2(32B) AllocSpace objects, 0(0B) LOS objects, 57% free, 371KB/883KB, paused 792us total 78.052ms
W/ResourceType( 1063): No package identifier when getting value for resource number 0x00000000
W/PackageManager( 1063): Failure retrieving resources for com.android.gallery3d: Resource ID #0x0
W/ResourceType( 1063): No package identifier when getting value for resource number 0x00000000
W/PackageManager( 1063): Failure retrieving resources for com.android.camera: Resource ID #0x0
D/IWDS_NATIVE---Uniconnect: AndroidBtDataChannel: (  781): Trace: enter readyForOperation 
D/IWDS_NATIVE---Uniconnect: AndroidBtDataChannel: (  781): Trace: exit readyForOperation 
D/IWDS_NATIVE---Uniconnect: Link: Server: Android BT data channel(  781): Not ready for operation: android BT was disabled
W/ResourceType( 1063): No package identifier when getting value for resource number 0x00000000
W/PackageManager( 1063): Failure retrieving resources for imoblife.androidsensorbox: Resource ID #0x0
D/IWDS---OtherAppListView( 1063): listItem is not null 
D/IWDS---OtherAppListView( 1063): mItemScreenCount: 5
W/View    ( 1063): requestLayout() improperly called by com.ingenic.iwds.widget.AmazingScrollBar{20e37197 V.ED.... ......I. 0,0-0,0 #7f0a0035 app:id/app_list_scrollbar} during layout: running second layout pass
D/MediaProvider(  828): Adjusting external storage paths to: /storage/emulated/0
E/SQLiteLog(  828): (1) no such table: files
E/MediaExtractor(   86): [close xbdemux] DLCNT=0 lumeHandle=0
D/IWDS_NATIVE---Uniconnect: AndroidBtDataChannel: (  781): Trace: enter readyForOperation 
D/IWDS_NATIVE---Uniconnect: AndroidBtDataChannel: (  781): Trace: exit readyForOperation 
D/IWDS_NATIVE---Uniconnect: Link: Server: Android BT data channel(  781): Not ready for operation: android BT was disabled
E/MediaExtractor(   86): [close xbdemux] DLCNT=0 lumeHandle=0
E/MediaExtractor(   86): [close xbdemux] DLCNT=0 lumeHandle=0
E/MediaExtractor(   86): [close xbdemux] DLCNT=0 lumeHandle=0
E/MediaExtractor(   86): [close xbdemux] DLCNT=0 lumeHandle=0
W/BackupManagerService(  414): dataChanged but no participant pkg='com.android.providers.settings' uid=10005
E/MetadataRetrieverClient(   86): failed to extract an album art
E/MediaExtractor(   86): [close xbdemux] DLCNT=0 lumeHandle=0
E/MediaExtractor(   86): [close xbdemux] DLCNT=0 lumeHandle=0
E/MediaExtractor(   86): [close xbdemux] DLCNT=0 lumeHandle=0
E/MediaExtractor(   86): [close xbdemux] DLCNT=0 lumeHandle=0
D/IWDS_NATIVE---Uniconnect: AndroidBtDataChannel: (  781): Trace: enter readyForOperation 
D/IWDS_NATIVE---Uniconnect: AndroidBtDataChannel: (  781): Trace: exit readyForOperation 
D/IWDS_NATIVE---Uniconnect: Link: Server: Android BT data channel(  781): Not ready for operation: android BT was disabled
E/MediaExtractor(   86): [close xbdemux] DLCNT=0 lumeHandle=0
E/MediaExtractor(   86): [close xbdemux] DLCNT=0 lumeHandle=0
E/MediaExtractor(   86): [close xbdemux] DLCNT=0 lumeHandle=0
E/MediaExtractor(   86): [close xbdemux] DLCNT=0 lumeHandle=0
E/MediaExtractor(   86): [close xbdemux] DLCNT=0 lumeHandle=0
E/MediaExtractor(   86): [close xbdemux] DLCNT=0 lumeHandle=0
E/MediaExtractor(   86): [close xbdemux] DLCNT=0 lumeHandle=0
E/MediaExtractor(   86): [close xbdemux] DLCNT=0 lumeHandle=0
E/MediaExtractor(   86): [close xbdemux] DLCNT=0 lumeHandle=0
E/MediaExtractor(   86): [close xbdemux] DLCNT=0 lumeHandle=0
D/IWDS_NATIVE---Uniconnect: AndroidBtDataChannel: (  781): Trace: enter readyForOperation 
D/IWDS_NATIVE---Uniconnect: AndroidBtDataChannel: (  781): Trace: exit readyForOperation 
D/IWDS_NATIVE---Uniconnect: Link: Server: Android BT data channel(  781): Not ready for operation: android BT was disabled
E/MediaExtractor(   86): [close xbdemux] DLCNT=0 lumeHandle=0
E/MediaExtractor(   86): [close xbdemux] DLCNT=0 lumeHandle=0
E/MediaExtractor(   86): [close xbdemux] DLCNT=0 lumeHandle=0
E/MediaExtractor(   86): [close xbdemux] DLCNT=0 lumeHandle=0
E/MediaExtractor(   86): [close xbdemux] DLCNT=0 lumeHandle=0
E/MediaExtractor(   86): [close xbdemux] DLCNT=0 lumeHandle=0
E/MediaExtractor(   86): [close xbdemux] DLCNT=0 lumeHandle=0
E/MediaExtractor(   86): [close xbdemux] DLCNT=0 lumeHandle=0
E/MediaExtractor(   86): [close xbdemux] DLCNT=0 lumeHandle=0
E/MediaExtractor(   86): [close xbdemux] DLCNT=0 lumeHandle=0
E/MediaExtractor(   86): [close xbdemux] DLCNT=0 lumeHandle=0
D/IWDS_NATIVE---Uniconnect: AndroidBtDataChannel: (  781): Trace: enter readyForOperation 
D/IWDS_NATIVE---Uniconnect: AndroidBtDataChannel: (  781): Trace: exit readyForOperation 
D/IWDS_NATIVE---Uniconnect: Link: Server: Android BT data channel(  781): Not ready for operation: android BT was disabled
E/MediaExtractor(   86): [close xbdemux] DLCNT=0 lumeHandle=0
E/MediaExtractor(   86): [close xbdemux] DLCNT=0 lumeHandle=0
E/MediaExtractor(   86): [close xbdemux] DLCNT=0 lumeHandle=0
E/MediaExtractor(   86): [close xbdemux] DLCNT=0 lumeHandle=0
E/MediaExtractor(   86): [close xbdemux] DLCNT=0 lumeHandle=0
E/MediaExtractor(   86): [close xbdemux] DLCNT=0 lumeHandle=0
E/MediaExtractor(   86): [close xbdemux] DLCNT=0 lumeHandle=0
E/MediaExtractor(   86): [close xbdemux] DLCNT=0 lumeHandle=0
E/MediaExtractor(   86): [close xbdemux] DLCNT=0 lumeHandle=0
E/MediaExtractor(   86): [close xbdemux] DLCNT=0 lumeHandle=0
E/MediaExtractor(   86): [close xbdemux] DLCNT=0 lumeHandle=0
E/MediaExtractor(   86): [close xbdemux] DLCNT=0 lumeHandle=0
D/IWDS_NATIVE---Uniconnect: AndroidBtDataChannel: (  781): Trace: enter readyForOperation 
D/IWDS_NATIVE---Uniconnect: AndroidBtDataChannel: (  781): Trace: exit readyForOperation 
D/IWDS_NATIVE---Uniconnect: Link: Server: Android BT data channel(  781): Not ready for operation: android BT was disabled
E/MediaExtractor(   86): [close xbdemux] DLCNT=0 lumeHandle=0
E/MediaExtractor(   86): [close xbdemux] DLCNT=0 lumeHandle=0
E/MediaExtractor(   86): [close xbdemux] DLCNT=0 lumeHandle=0
E/MediaExtractor(   86): [close xbdemux] DLCNT=0 lumeHandle=0
E/MediaExtractor(   86): [close xbdemux] DLCNT=0 lumeHandle=0
D/IWDS---adfha( 1063): -------true---
E/MediaExtractor(   86): [close xbdemux] DLCNT=0 lumeHandle=0
E/MediaExtractor(   86): [close xbdemux] DLCNT=0 lumeHandle=0
E/MediaExtractor(   86): [close xbdemux] DLCNT=0 lumeHandle=0
E/MediaExtractor(   86): [close xbdemux] DLCNT=0 lumeHandle=0
E/MediaExtractor(   86): [close xbdemux] DLCNT=0 lumeHandle=0
E/MediaExtractor(   86): [close xbdemux] DLCNT=0 lumeHandle=0
D/IWDS_NATIVE---Uniconnect: AndroidBtDataChannel: (  781): Trace: enter readyForOperation 
D/IWDS_NATIVE---Uniconnect: AndroidBtDataChannel: (  781): Trace: exit readyForOperation 
D/IWDS_NATIVE---Uniconnect: Link: Server: Android BT data channel(  781): Not ready for operation: android BT was disabled
E/MediaExtractor(   86): [close xbdemux] DLCNT=0 lumeHandle=0
E/MediaExtractor(   86): [close xbdemux] DLCNT=0 lumeHandle=0
E/MediaExtractor(   86): [close xbdemux] DLCNT=0 lumeHandle=0
E/MediaExtractor(   86): [close xbdemux] DLCNT=0 lumeHandle=0
E/MediaExtractor(   86): [close xbdemux] DLCNT=0 lumeHandle=0
E/MediaExtractor(   86): [close xbdemux] DLCNT=0 lumeHandle=0
E/MediaExtractor(   86): [close xbdemux] DLCNT=0 lumeHandle=0
E/MediaExtractor(   86): [close xbdemux] DLCNT=0 lumeHandle=0
E/MediaExtractor(   86): [close xbdemux] DLCNT=0 lumeHandle=0
E/MediaExtractor(   86): [close xbdemux] DLCNT=0 lumeHandle=0
E/MediaExtractor(   86): [close xbdemux] DLCNT=0 lumeHandle=0
E/MediaExtractor(   86): [close xbdemux] DLCNT=0 lumeHandle=0
D/IWDS_NATIVE---Uniconnect: AndroidBtDataChannel: (  781): Trace: enter readyForOperation 
D/IWDS_NATIVE---Uniconnect: AndroidBtDataChannel: (  781): Trace: exit readyForOperation 
D/IWDS_NATIVE---Uniconnect: Link: Server: Android BT data channel(  781): Not ready for operation: android BT was disabled
E/MediaExtractor(   86): [close xbdemux] DLCNT=0 lumeHandle=0
E/MediaExtractor(   86): [close xbdemux] DLCNT=0 lumeHandle=0
E/MediaExtractor(   86): [close xbdemux] DLCNT=0 lumeHandle=0
E/MediaExtractor(   86): [close xbdemux] DLCNT=0 lumeHandle=0
E/MediaExtractor(   86): [close xbdemux] DLCNT=0 lumeHandle=0
E/MediaExtractor(   86): [close xbdemux] DLCNT=0 lumeHandle=0
E/MediaExtractor(   86): [close xbdemux] DLCNT=0 lumeHandle=0
E/MediaExtractor(   86): [close xbdemux] DLCNT=0 lumeHandle=0
E/MediaExtractor(   86): [close xbdemux] DLCNT=0 lumeHandle=0
E/MediaExtractor(   86): [close xbdemux] DLCNT=0 lumeHandle=0
E/MediaExtractor(   86): [close xbdemux] DLCNT=0 lumeHandle=0
E/MediaExtractor(   86): [close xbdemux] DLCNT=0 lumeHandle=0
D/IWDS_NATIVE---Uniconnect: AndroidBtDataChannel: (  781): Trace: enter readyForOperation 
D/IWDS_NATIVE---Uniconnect: AndroidBtDataChannel: (  781): Trace: exit readyForOperation 
D/IWDS_NATIVE---Uniconnect: Link: Server: Android BT data channel(  781): Not ready for operation: android BT was disabled
E/MediaExtractor(   86): [close xbdemux] DLCNT=0 lumeHandle=0
E/MediaExtractor(   86): [close xbdemux] DLCNT=0 lumeHandle=0
E/MediaExtractor(   86): [close xbdemux] DLCNT=0 lumeHandle=0
E/MediaExtractor(   86): [close xbdemux] DLCNT=0 lumeHandle=0
E/MediaExtractor(   86): [close xbdemux] DLCNT=0 lumeHandle=0
E/MediaExtractor(   86): [close xbdemux] DLCNT=0 lumeHandle=0
E/MediaExtractor(   86): [close xbdemux] DLCNT=0 lumeHandle=0
E/MediaExtractor(   86): [close xbdemux] DLCNT=0 lumeHandle=0
E/MediaExtractor(   86): [close xbdemux] DLCNT=0 lumeHandle=0
E/MediaExtractor(   86): [close xbdemux] DLCNT=0 lumeHandle=0
E/MediaExtractor(   86): [close xbdemux] DLCNT=0 lumeHandle=0
E/MediaExtractor(   86): [close xbdemux] DLCNT=0 lumeHandle=0
D/IWDS_NATIVE---Uniconnect: AndroidBtDataChannel: (  781): Trace: enter readyForOperation 
D/IWDS_NATIVE---Uniconnect: AndroidBtDataChannel: (  781): Trace: exit readyForOperation 
D/IWDS_NATIVE---Uniconnect: Link: Server: Android BT data channel(  781): Not ready for operation: android BT was disabled
E/MediaExtractor(   86): [close xbdemux] DLCNT=0 lumeHandle=0
E/MediaExtractor(   86): [close xbdemux] DLCNT=0 lumeHandle=0
E/MediaExtractor(   86): [close xbdemux] DLCNT=0 lumeHandle=0
E/MediaExtractor(   86): [close xbdemux] DLCNT=0 lumeHandle=0
E/MediaExtractor(   86): [close xbdemux] DLCNT=0 lumeHandle=0
E/MetadataRetrieverClient(   86): failed to extract an album art
E/MediaExtractor(   86): [close xbdemux] DLCNT=0 lumeHandle=0
D/IWDS_NATIVE---Uniconnect: AndroidBtDataChannel: (  781): Trace: enter readyForOperation 
D/IWDS_NATIVE---Uniconnect: AndroidBtDataChannel: (  781): Trace: exit readyForOperation 
D/IWDS_NATIVE---Uniconnect: Link: Server: Android BT data channel(  781): Not ready for operation: android BT was disabled
W/BackupManagerService(  414): dataChanged but no participant pkg='com.android.providers.settings' uid=10005
E/MediaExtractor(   86): [close xbdemux] DLCNT=0 lumeHandle=0
E/MediaExtractor(   86): [close xbdemux] DLCNT=0 lumeHandle=0
E/MediaExtractor(   86): [close xbdemux] DLCNT=0 lumeHandle=0
E/MediaExtractor(   86): [close xbdemux] DLCNT=0 lumeHandle=0
E/MediaExtractor(   86): [close xbdemux] DLCNT=0 lumeHandle=0
E/MediaExtractor(   86): [close xbdemux] DLCNT=0 lumeHandle=0
E/MediaExtractor(   86): [close xbdemux] DLCNT=0 lumeHandle=0
D/IWDS_NATIVE---Uniconnect: AndroidBtDataChannel: (  781): Trace: enter readyForOperation 
D/IWDS_NATIVE---Uniconnect: AndroidBtDataChannel: (  781): Trace: exit readyForOperation 
D/IWDS_NATIVE---Uniconnect: Link: Server: Android BT data channel(  781): Not ready for operation: android BT was disabled
E/MediaExtractor(   86): [close xbdemux] DLCNT=0 lumeHandle=0
E/MediaExtractor(   86): [close xbdemux] DLCNT=0 lumeHandle=0
E/MediaExtractor(   86): [close xbdemux] DLCNT=0 lumeHandle=0
E/MediaExtractor(   86): [close xbdemux] DLCNT=0 lumeHandle=0
E/MediaExtractor(   86): [close xbdemux] DLCNT=0 lumeHandle=0
E/MediaExtractor(   86): [close xbdemux] DLCNT=0 lumeHandle=0
E/MediaExtractor(   86): [close xbdemux] DLCNT=0 lumeHandle=0
I/ActivityManager(  414): Waited long enough for: ServiceRecord{17ebe90 u0 com.android.providers.media/.MediaScannerService}
I/ActivityManager(  414): Resuming delayed broadcast
D/MtpService(  828): updating state; isCurrentUser=true, mMtpLocked=false
I/ActivityManager(  414): Start proc 1279:com.ingenic.alarmclock/u0a11 for broadcast com.ingenic.alarmclock/.ClockReceiver
D/IWDS_NATIVE---Uniconnect: AndroidBtDataChannel: (  781): Trace: enter readyForOperation 
D/IWDS_NATIVE---Uniconnect: AndroidBtDataChannel: (  781): Trace: exit readyForOperation 
D/IWDS_NATIVE---Uniconnect: Link: Server: Android BT data channel(  781): Not ready for operation: android BT was disabled
I/ActivityManager(  414): Start proc 1296:com.ingenic.calendar/u0a13 for broadcast com.ingenic.calendar/.receiver.BootedReceiver
W/art     (  414): Long monitor contention event with owner method=void com.android.server.am.BroadcastQueue.processNextBroadcast(boolean) from BroadcastQueue.java:542 waiters=1 for 186ms
E/MediaExtractor(   86): [close xbdemux] DLCNT=0 lumeHandle=0
I/ActivityManager(  414): Delay finish: com.ingenic.calendar/.receiver.BootedReceiver
I/IWDS---ServiceNotificationProxyModel( 1063): widget receive notification packageName = com.ingenic.alarmclock, id = -1, note = Note [title=Clear By Id, content=1, packageName=null, pendingIntent=null]
I/art     (  414): Background sticky concurrent mark sweep GC freed 6325(622KB) AllocSpace objects, 11(527KB) LOS objects, 16% free, 6MB/7MB, paused 1.937ms total 209.546ms
I/art     (   89): Background concurrent mark sweep GC freed 782(33KB) AllocSpace objects, 0(0B) LOS objects, 84% free, 93KB/605KB, paused 409us total 152.270ms
I/ActivityManager(  414): Start proc 1313:com.ingenic.provider.calendar/u0a14 for content provider com.ingenic.provider.calendar/.CalendarProvider
W/art     (  414): Long monitor contention event with owner method=android.app.IActivityManager$ContentProviderHolder com.android.server.am.ActivityManagerService.getContentProviderImpl(android.app.IApplicationThread, java.lang.String, android.os.IBinder, boolean, int) from ActivityManagerService.java:9159 waiters=0 for 205ms
D/IWDS_NATIVE---Uniconnect: AndroidBtDataChannel: (  781): Trace: enter readyForOperation 
D/IWDS_NATIVE---Uniconnect: AndroidBtDataChannel: (  781): Trace: exit readyForOperation 
D/IWDS_NATIVE---Uniconnect: Link: Server: Android BT data channel(  781): Not ready for operation: android BT was disabled
E/MediaExtractor(   86): [close xbdemux] DLCNT=0 lumeHandle=0
E/MediaExtractor(   86): [close xbdemux] DLCNT=0 lumeHandle=0
E/MediaExtractor(   86): [close xbdemux] DLCNT=0 lumeHandle=0
D/IWDS_NATIVE---Uniconnect: AndroidBtDataChannel: (  781): Trace: enter readyForOperation 
D/IWDS_NATIVE---Uniconnect: AndroidBtDataChannel: (  781): Trace: exit readyForOperation 
D/IWDS_NATIVE---Uniconnect: Link: Server: Android BT data channel(  781): Not ready for operation: android BT was disabled
E/MediaExtractor(   86): [close xbdemux] DLCNT=0 lumeHandle=0
E/MediaExtractor(   86): [close xbdemux] DLCNT=0 lumeHandle=0
E/MediaExtractor(   86): [close xbdemux] DLCNT=0 lumeHandle=0
E/MediaExtractor(   86): [close xbdemux] DLCNT=0 lumeHandle=0
E/MediaExtractor(   86): [close xbdemux] DLCNT=0 lumeHandle=0
E/MediaExtractor(   86): [close xbdemux] DLCNT=0 lumeHandle=0
E/MediaExtractor(   86): [close xbdemux] DLCNT=0 lumeHandle=0
E/MediaExtractor(   86): [close xbdemux] DLCNT=0 lumeHandle=0
E/MediaExtractor(   86): [close xbdemux] DLCNT=0 lumeHandle=0
E/MediaExtractor(   86): [close xbdemux] DLCNT=0 lumeHandle=0
D/IWDS_NATIVE---Uniconnect: AndroidBtDataChannel: (  781): Trace: enter readyForOperation 
D/IWDS_NATIVE---Uniconnect: AndroidBtDataChannel: (  781): Trace: exit readyForOperation 
D/IWDS_NATIVE---Uniconnect: Link: Server: Android BT data channel(  781): Not ready for operation: android BT was disabled
E/MediaExtractor(   86): [close xbdemux] DLCNT=0 lumeHandle=0
E/MediaExtractor(   86): [close xbdemux] DLCNT=0 lumeHandle=0
E/MediaExtractor(   86): [close xbdemux] DLCNT=0 lumeHandle=0
E/MediaExtractor(   86): [close xbdemux] DLCNT=0 lumeHandle=0
E/MediaExtractor(   86): [close xbdemux] DLCNT=0 lumeHandle=0
E/MediaExtractor(   86): [close xbdemux] DLCNT=0 lumeHandle=0
E/MediaExtractor(   86): [close xbdemux] DLCNT=0 lumeHandle=0
E/MediaExtractor(   86): [close xbdemux] DLCNT=0 lumeHandle=0
E/MediaExtractor(   86): [close xbdemux] DLCNT=0 lumeHandle=0
E/MediaExtractor(   86): [close xbdemux] DLCNT=0 lumeHandle=0
D/IWDS_NATIVE---Uniconnect: AndroidBtDataChannel: (  781): Trace: enter readyForOperation 
D/IWDS_NATIVE---Uniconnect: AndroidBtDataChannel: (  781): Trace: exit readyForOperation 
D/IWDS_NATIVE---Uniconnect: Link: Server: Android BT data channel(  781): Not ready for operation: android BT was disabled
E/MediaExtractor(   86): [close xbdemux] DLCNT=0 lumeHandle=0
E/MediaExtractor(   86): [close xbdemux] DLCNT=0 lumeHandle=0
E/MediaExtractor(   86): [close xbdemux] DLCNT=0 lumeHandle=0
E/MediaExtractor(   86): [close xbdemux] DLCNT=0 lumeHandle=0
E/MediaExtractor(   86): [close xbdemux] DLCNT=0 lumeHandle=0
E/MediaExtractor(   86): [close xbdemux] DLCNT=0 lumeHandle=0
E/MediaExtractor(   86): [close xbdemux] DLCNT=0 lumeHandle=0
E/MediaExtractor(   86): [close xbdemux] DLCNT=0 lumeHandle=0
E/MediaExtractor(   86): [close xbdemux] DLCNT=0 lumeHandle=0
E/MediaExtractor(   86): [close xbdemux] DLCNT=0 lumeHandle=0
D/IWDS_NATIVE---Uniconnect: AndroidBtDataChannel: (  781): Trace: enter readyForOperation 
D/IWDS_NATIVE---Uniconnect: AndroidBtDataChannel: (  781): Trace: exit readyForOperation 
D/IWDS_NATIVE---Uniconnect: Link: Server: Android BT data channel(  781): Not ready for operation: android BT was disabled
E/MediaExtractor(   86): [close xbdemux] DLCNT=0 lumeHandle=0
E/MediaExtractor(   86): [close xbdemux] DLCNT=0 lumeHandle=0
E/MediaExtractor(   86): [close xbdemux] DLCNT=0 lumeHandle=0
E/MediaExtractor(   86): [close xbdemux] DLCNT=0 lumeHandle=0
E/MediaExtractor(   86): [close xbdemux] DLCNT=0 lumeHandle=0
E/MediaExtractor(   86): [close xbdemux] DLCNT=0 lumeHandle=0
E/MediaExtractor(   86): [close xbdemux] DLCNT=0 lumeHandle=0
E/MediaExtractor(   86): [close xbdemux] DLCNT=0 lumeHandle=0
E/MediaExtractor(   86): [close xbdemux] DLCNT=0 lumeHandle=0
E/MediaExtractor(   86): [close xbdemux] DLCNT=0 lumeHandle=0
D/IWDS_NATIVE---Uniconnect: AndroidBtDataChannel: (  781): Trace: enter readyForOperation 
D/IWDS_NATIVE---Uniconnect: AndroidBtDataChannel: (  781): Trace: exit readyForOperation 
D/IWDS_NATIVE---Uniconnect: Link: Server: Android BT data channel(  781): Not ready for operation: android BT was disabled
E/MediaExtractor(   86): [close xbdemux] DLCNT=0 lumeHandle=0
E/MediaExtractor(   86): [close xbdemux] DLCNT=0 lumeHandle=0
E/MediaExtractor(   86): [close xbdemux] DLCNT=0 lumeHandle=0
E/MediaExtractor(   86): [close xbdemux] DLCNT=0 lumeHandle=0
E/MediaExtractor(   86): [close xbdemux] DLCNT=0 lumeHandle=0
E/MediaExtractor(   86): [close xbdemux] DLCNT=0 lumeHandle=0
E/MediaExtractor(   86): [close xbdemux] DLCNT=0 lumeHandle=0
E/MediaExtractor(   86): [close xbdemux] DLCNT=0 lumeHandle=0
E/MediaExtractor(   86): [close xbdemux] DLCNT=0 lumeHandle=0
D/IWDS_NATIVE---Uniconnect: AndroidBtDataChannel: (  781): Trace: enter readyForOperation 
D/IWDS_NATIVE---Uniconnect: AndroidBtDataChannel: (  781): Trace: exit readyForOperation 
D/IWDS_NATIVE---Uniconnect: Link: Server: Android BT data channel(  781): Not ready for operation: android BT was disabled
E/MediaExtractor(   86): [close xbdemux] DLCNT=0 lumeHandle=0
E/MediaExtractor(   86): [close xbdemux] DLCNT=0 lumeHandle=0
E/MediaExtractor(   86): [close xbdemux] DLCNT=0 lumeHandle=0
E/MediaExtractor(   86): [close xbdemux] DLCNT=0 lumeHandle=0
E/MediaExtractor(   86): [close xbdemux] DLCNT=0 lumeHandle=0
E/MediaExtractor(   86): [close xbdemux] DLCNT=0 lumeHandle=0
E/MediaExtractor(   86): [close xbdemux] DLCNT=0 lumeHandle=0
E/MediaExtractor(   86): [close xbdemux] DLCNT=0 lumeHandle=0
E/MediaExtractor(   86): [close xbdemux] DLCNT=0 lumeHandle=0
E/MediaExtractor(   86): [close xbdemux] DLCNT=0 lumeHandle=0
D/IWDS_NATIVE---Uniconnect: AndroidBtDataChannel: (  781): Trace: enter readyForOperation 
D/IWDS_NATIVE---Uniconnect: AndroidBtDataChannel: (  781): Trace: exit readyForOperation 
D/IWDS_NATIVE---Uniconnect: Link: Server: Android BT data channel(  781): Not ready for operation: android BT was disabled
E/MediaExtractor(   86): [close xbdemux] DLCNT=0 lumeHandle=0
E/MediaExtractor(   86): [close xbdemux] DLCNT=0 lumeHandle=0
E/MediaExtractor(   86): [close xbdemux] DLCNT=0 lumeHandle=0
E/MediaExtractor(   86): [close xbdemux] DLCNT=0 lumeHandle=0
E/MetadataRetrieverClient(   86): failed to extract an album art
E/MediaExtractor(   86): [close xbdemux] DLCNT=0 lumeHandle=0
D/IWDS_NATIVE---Uniconnect: AndroidBtDataChannel: (  781): Trace: enter readyForOperation 
D/IWDS_NATIVE---Uniconnect: AndroidBtDataChannel: (  781): Trace: exit readyForOperation 
D/IWDS_NATIVE---Uniconnect: Link: Server: Android BT data channel(  781): Not ready for operation: android BT was disabled
W/BackupManagerService(  414): dataChanged but no participant pkg='com.android.providers.settings' uid=10005
E/MediaExtractor(   86): [close xbdemux] DLCNT=0 lumeHandle=0
E/MediaExtractor(   86): [close xbdemux] DLCNT=0 lumeHandle=0
E/MediaExtractor(   86): [close xbdemux] DLCNT=0 lumeHandle=0
E/MediaExtractor(   86): [close xbdemux] DLCNT=0 lumeHandle=0
E/MediaExtractor(   86): [close xbdemux] DLCNT=0 lumeHandle=0
E/MediaExtractor(   86): [close xbdemux] DLCNT=0 lumeHandle=0
E/MediaExtractor(   86): [close xbdemux] DLCNT=0 lumeHandle=0
D/IWDS_NATIVE---Uniconnect: AndroidBtDataChannel: (  781): Trace: enter readyForOperation 
D/IWDS_NATIVE---Uniconnect: AndroidBtDataChannel: (  781): Trace: exit readyForOperation 
D/IWDS_NATIVE---Uniconnect: Link: Server: Android BT data channel(  781): Not ready for operation: android BT was disabled
E/MediaExtractor(   86): [close xbdemux] DLCNT=0 lumeHandle=0
E/MediaExtractor(   86): [close xbdemux] DLCNT=0 lumeHandle=0
E/MediaExtractor(   86): [close xbdemux] DLCNT=0 lumeHandle=0
E/MediaExtractor(   86): [close xbdemux] DLCNT=0 lumeHandle=0
E/MediaExtractor(   86): [close xbdemux] DLCNT=0 lumeHandle=0
E/MediaExtractor(   86): [close xbdemux] DLCNT=0 lumeHandle=0
E/MediaExtractor(   86): [close xbdemux] DLCNT=0 lumeHandle=0
E/MediaExtractor(   86): [close xbdemux] DLCNT=0 lumeHandle=0
E/MediaExtractor(   86): [close xbdemux] DLCNT=0 lumeHandle=0
E/MediaExtractor(   86): [close xbdemux] DLCNT=0 lumeHandle=0
D/IWDS_NATIVE---Uniconnect: AndroidBtDataChannel: (  781): Trace: enter readyForOperation 
D/IWDS_NATIVE---Uniconnect: AndroidBtDataChannel: (  781): Trace: exit readyForOperation 
D/IWDS_NATIVE---Uniconnect: Link: Server: Android BT data channel(  781): Not ready for operation: android BT was disabled
E/MediaExtractor(   86): [close xbdemux] DLCNT=0 lumeHandle=0
E/MediaExtractor(   86): [close xbdemux] DLCNT=0 lumeHandle=0
E/MediaExtractor(   86): [close xbdemux] DLCNT=0 lumeHandle=0
E/MediaExtractor(   86): [close xbdemux] DLCNT=0 lumeHandle=0
E/MediaExtractor(   86): [close xbdemux] DLCNT=0 lumeHandle=0
E/MediaExtractor(   86): [close xbdemux] DLCNT=0 lumeHandle=0
E/MediaExtractor(   86): [close xbdemux] DLCNT=0 lumeHandle=0
E/MediaExtractor(   86): [close xbdemux] DLCNT=0 lumeHandle=0
E/MediaExtractor(   86): [close xbdemux] DLCNT=0 lumeHandle=0
E/MediaExtractor(   86): [close xbdemux] DLCNT=0 lumeHandle=0
D/IWDS_NATIVE---Uniconnect: AndroidBtDataChannel: (  781): Trace: enter readyForOperation 
D/IWDS_NATIVE---Uniconnect: AndroidBtDataChannel: (  781): Trace: exit readyForOperation 
D/IWDS_NATIVE---Uniconnect: Link: Server: Android BT data channel(  781): Not ready for operation: android BT was disabled
E/MediaExtractor(   86): [close xbdemux] DLCNT=0 lumeHandle=0
E/MediaExtractor(   86): [close xbdemux] DLCNT=0 lumeHandle=0
E/MediaExtractor(   86): [close xbdemux] DLCNT=0 lumeHandle=0
E/MediaExtractor(   86): [close xbdemux] DLCNT=0 lumeHandle=0
E/MediaExtractor(   86): [close xbdemux] DLCNT=0 lumeHandle=0
E/MediaExtractor(   86): [close xbdemux] DLCNT=0 lumeHandle=0
E/MediaExtractor(   86): [close xbdemux] DLCNT=0 lumeHandle=0
E/MediaExtractor(   86): [close xbdemux] DLCNT=0 lumeHandle=0
E/MediaExtractor(   86): [close xbdemux] DLCNT=0 lumeHandle=0
E/MediaExtractor(   86): [close xbdemux] DLCNT=0 lumeHandle=0
E/MediaExtractor(   86): [close xbdemux] DLCNT=0 lumeHandle=0
E/MediaExtractor(   86): [close xbdemux] DLCNT=0 lumeHandle=0
E/MediaExtractor(   86): [close xbdemux] DLCNT=0 lumeHandle=0
E/MediaExtractor(   86): [close xbdemux] DLCNT=0 lumeHandle=0
E/MediaExtractor(   86): [close xbdemux] DLCNT=0 lumeHandle=0
W/MediaScanner(  828): Error opening directory '/oem/media/', skipping: No such file or directory.
D/IWDS_NATIVE---Uniconnect: AndroidBtDataChannel: (  781): Trace: enter readyForOperation 
