--------- beginning of main
I/installd(    0): installd firing up
I/Netd    (    0): Netd 1.0 starting
E/Netd    (    0): Failed to open /proc/sys/net/ipv6/conf/default/accept_ra_rt_table: No such file or directory
E/Netd    (    0): Failed to open /proc/sys/net/ipv6/conf/lo/accept_ra_rt_table: No such file or directory
E/Netd    (    0): Failed to open /proc/sys/net/ipv6/conf/sit0/accept_ra_rt_table: No such file or directory
E/Netd    (    0): Failed to open /proc/sys/net/ipv6/conf/wlan0/accept_ra_rt_table: No such file or directory
E/Netd    (    0): Failed to open /proc/sys/net/ipv6/conf/default/use_optimistic: No such file or directory
E/Netd    (    0): Failed to open /proc/sys/net/ipv6/conf/lo/use_optimistic: No such file or directory
E/Netd    (    0): Failed to open /proc/sys/net/ipv6/conf/sit0/use_optimistic: No such file or directory
E/Netd    (    0): Failed to open /proc/sys/net/ipv6/conf/wlan0/use_optimistic: No such file or directory
I/lowmemorykiller(    0): Using in-kernel low memory killer interface
--------- beginning of system
I/Vold    (    0): Vold 2.1 (the revenge) firing up
I/        (    0): debuggerd: Aug 17 2016 10:50:18
I/SurfaceFlinger(   78): SurfaceFlinger is starting
I/SurfaceFlinger(   78): SurfaceFlinger's main thread ready to run. Initializing graphics H/W...
I/keystore(   88): SELinux: Keystore SELinux is disabled.
D/libEGL  (   78): loaded /system/lib/egl/libEGL_VIVANTE.so
D/libEGL  (   78): loaded /system/lib/egl/libGLESv1_CM_VIVANTE.so
D/libEGL  (   78): loaded /system/lib/egl/libGLESv2_VIVANTE.so
I/mediaserver(   86): ServiceManager: 0x754700c0
I/AudioFlinger(   86): Using default 3000 mSec as standby time.
I/ServiceManager(   86): Waiting for service batterystats...
I/gralloc (   78): Use default framebuffer pixel format=5
I/gralloc (   78): using (fd=12)
I/gralloc (   78): id           = jzfb
I/gralloc (   78): xres         = 400 px
I/gralloc (   78): yres         = 400 px
I/gralloc (   78): xres_virtual = 400 px
I/gralloc (   78): yres_virtual = 1200 px
I/gralloc (   78): bpp          = 32
I/gralloc (   78): r            = 16:8
I/gralloc (   78): g            =  8:8
I/gralloc (   78): b            =  0:8
I/gralloc (   78): width        = 31 mm (327.741943 dpi)
I/gralloc (   78): height       = 31 mm (327.741943 dpi)
I/gralloc (   78): refresh rate = 60.00 Hz
I/gralloc (   78): Framebuffer phys addr = 0x8400000
I/gralloc (   78): format=5, NUM_BUFFERS=3
I/gralloc (   78): format=5, NUM_BUFFERS=3
W/v_hwc   (   78): TODO: HWC integration: display!
I/v_hwc   (   78): Default primary display
I/v_hwc   (   78): xres         = 400 px
I/v_hwc   (   78): yres         = 400 px
I/v_hwc   (   78): xdpi         = 327.7 dpi
I/v_hwc   (   78): ydpi         = 327.7 dpi
I/v_hwc   (   78): refresh rate = 60.0 Hz
I/v_hwc   (   78): Virtual display @2 initialized.
I/v_hwc   (   78): Vivante HWComposer v2.4
I/v_hwc   (   78): Device:               0x76c89900
I/v_hwc   (   78): Separated 2D:         NO
I/v_hwc   (   78): YUV separate stride : NO
I/v_hwc   (   78): Multi-source blit   : YES
I/v_hwc   (   78):   Source mirror     : NO
I/v_hwc   (   78):   Max source count  : 4
I/v_hwc   (   78):   Byte alignment    : NO
I/v_hwc   (   78):   Source rotation   : NO
I/v_hwc   (   78):   Source offsets:   : YES
I/v_hwc   (   78):   Scaling:          : NO
I/v_hwc   (   78): OPF/YUV blit        : NO
I/v_hwc   (   78): Tiled input         : YES
I/v_hwc   (   78): Compression         : NO
I/v_hwc   (   78): Filter stretch      : NO
I/SurfaceFlinger(   78): Using composer version 1.3
W/SurfaceFlinger(   78): no suitable EGLConfig found, trying a simpler query
I/SurfaceFlinger(   78): EGL information:
I/SurfaceFlinger(   78): vendor    : Android
I/SurfaceFlinger(   78): version   : 1.4 Android META-EGL
I/SurfaceFlinger(   78): extensions: EGL_KHR_get_all_proc_addresses EGL_ANDROID_presentation_time EGL_KHR_image EGL_KHR_image_base EGL_KHR_image_pixmap EGL_KHR_lock_surface EGL_KHR_gl_texture_2D_image EGL_KHR_gl_texture_cubemap_image EGL_KHR_gl_renderbuffer_image EGL_KHR_reusable_sync EGL_KHR_fence_sync EGL_KHR_create_context EGL_EXT_create_context_robustness EGL_ANDROID_image_native_buffer EGL_KHR_wait_sync EGL_ANDROID_recordable 
I/SurfaceFlinger(   78): Client API: OpenGL_ES
I/SurfaceFlinger(   78): EGLSurface: 8-8-8-8, config=0x15
I/SurfaceFlinger(   78): OpenGL ES informations:
I/SurfaceFlinger(   78): vendor    : Vivante Corporation
I/SurfaceFlinger(   78): renderer  : Vivante GC1000
I/SurfaceFlinger(   78): version   : OpenGL ES 2.0 V5.0.11.p6.31013
I/SurfaceFlinger(   78): extensions: GL_EXT_debug_marker GL_OES_vertex_half_float GL_OES_element_index_uint GL_OES_mapbuffer GL_OES_vertex_array_object GL_OES_compressed_ETC1_RGB8_texture GL_OES_compressed_paletted_texture GL_OES_texture_npot GL_OES_rgb8_rgba8 GL_OES_depth_texture GL_OES_depth_texture_cube_map GL_OES_depth24 GL_OES_depth32 GL_OES_packed_depth_stencil GL_OES_fbo_render_mipmap GL_OES_get_program_binary GL_OES_fragment_precision_high GL_OES_standard_derivatives GL_OES_EGL_image GL_OES_EGL_image_external GL_OES_EGL_sync GL_OES_required_internalformat GL_OES_surfaceless_context GL_EXT_texture_type_2_10_10_10_REV GL_EXT_texture_format_BGRA8888 GL_EXT_read_format_bgra GL_EXT_multi_draw_arrays GL_EXT_frag_depth GL_EXT_discard_framebuffer GL_EXT_blend_minmax GL_EXT_multisampled_render_to_texture GL_EXT_robustness GL_VIV_direct_texture 
I/SurfaceFlinger(   78): GL_MAX_TEXTURE_SIZE = 8192
I/SurfaceFlinger(   78): GL_MAX_VIEWPORT_DIMS = 8064
I/gralloc (   78): *pStride=400, stride=400, m->finfo.line_length=1600, m->info.xres_virtual=400
E/SurfaceFlinger(   78): HWComposer: framebufferTarget is null
I/gralloc (   78): *pStride=400, stride=400, m->finfo.line_length=1600, m->info.xres_virtual=400
E/SurfaceFlinger(   78): HWComposer: framebufferTarget is null
I/gralloc (   78): *pStride=400, stride=400, m->finfo.line_length=1600, m->info.xres_virtual=400
E/SurfaceFlinger(   78): HWComposer: framebufferTarget is null
E/SurfaceFlinger(   78): HWComposer: framebufferTarget is null
D/SurfaceFlinger(   78): Set power mode=2, type=0 flinger=0x76c82000
E/v_hwc   (   78): $ly-test---->hwc_blank(66): turn off && turn on lcd
E/v_hwc   (   78): $ly-test---->hwc_blank(67): blank= 0,frambuffer_fd= -1
E/v_hwc   (   78): hwc_blank(86): in ublank
D/AndroidRuntime(   89): >>>>>> START com.android.internal.os.ZygoteInit uid 0 <<<<<<
D/AndroidRuntime(   89): CheckJNI is OFF
I/art     (   89): option[0]=-Xzygote
I/art     (   89): option[1]=-Xstacktracefile:/data/anr/traces.txt
I/art     (   89): option[2]=exit
I/art     (   89): option[3]=vfprintf
I/art     (   89): option[4]=sensitiveThread
I/art     (   89): option[5]=-verbose:gc
I/art     (   89): option[6]=-Xms64m
I/art     (   89): option[7]=-Xmx384m
I/art     (   89): option[8]=-XX:mainThreadStackSize=24K
I/art     (   89): option[9]=-XX:HeapGrowthLimit=64m
I/art     (   89): option[10]=-XX:HeapMinFree=512k
I/art     (   89): option[11]=-XX:HeapMaxFree=2m
I/art     (   89): option[12]=-XX:HeapTargetUtilization=0.75
I/art     (   89): option[13]=-XX:LowMemoryMode
I/art     (   89): option[14]=-agentlib:jdwp=transport=dt_android_adb,suspend=n,server=y
I/art     (   89): option[15]=-Xlockprofthreshold:500
I/art     (   89): option[16]=-Ximage-compiler-option
I/art     (   89): option[17]=--runtime-arg
I/art     (   89): option[18]=-Ximage-compiler-option
I/art     (   89): option[19]=-Xms64m
I/art     (   89): option[20]=-Ximage-compiler-option
I/art     (   89): option[21]=--runtime-arg
I/art     (   89): option[22]=-Ximage-compiler-option
I/art     (   89): option[23]=-Xmx64m
I/art     (   89): option[24]=-Ximage-compiler-option
I/art     (   89): option[25]=--image-classes=/system/etc/preloaded-classes
I/art     (   89): option[26]=-Xcompiler-option
I/art     (   89): option[27]=--runtime-arg
I/art     (   89): option[28]=-Xcompiler-option
I/art     (   89): option[29]=-Xms64m
I/art     (   89): option[30]=-Xcompiler-option
I/art     (   89): option[31]=--runtime-arg
I/art     (   89): option[32]=-Xcompiler-option
I/art     (   89): option[33]=-Xmx512m
I/art     (   89): option[34]=-Duser.language=en
I/art     (   89): option[35]=-Duser.region=US
I/ServiceManager(   86): Waiting for service batterystats...
I/ServiceManager(   86): Waiting for service batterystats...
D/SurfaceFlinger(   78): shader cache generated - 24 shaders in 1983.059570 ms
D/libEGL  (  158): loaded /system/lib/egl/libEGL_VIVANTE.so
D/libEGL  (  158): loaded /system/lib/egl/libGLESv1_CM_VIVANTE.so
D/libEGL  (  158): loaded /system/lib/egl/libGLESv2_VIVANTE.so
E/BufferQueueProducer(   78): [BootAnimation] dequeueBuffer: can't dequeue multiple buffers without setting the buffer count
I/v_hwc   (   78): Display(0x76fba000) detected: format=212 400x400
I/v_hwc   (   78): Display buffer(0x74cc9178) detected: physical=0x08400000
I/ServiceManager(   86): Waiting for service batterystats...
I/v_hwc   (   78): Display buffer(0x74cc9038) detected: physical=0x0849c400
I/v_hwc   (   78): Display buffer(0x74cc9088) detected: physical=0x08538800
I/ServiceManager(   86): Waiting for service batterystats...
E/memtrack(   89): Couldn't load memtrack module (No such file or directory)
E/android.os.Debug(   89): failed to load memtrack module: -2
I/SamplingProfilerIntegration(   89): Profiling disabled.
D/Zygote  (   89): begin preload
I/Zygote  (   89): Preloading classes...
I/art     (   89): Explicit concurrent mark sweep GC freed 796(35KB) AllocSpace objects, 0(0B) LOS objects, 92% free, 44KB/556KB, paused 484us total 52.591ms
I/art     (   89): Counter: 1
I/art     (   89): Explicit concurrent mark sweep GC freed 537(33KB) AllocSpace objects, 0(0B) LOS objects, 88% free, 64KB/576KB, paused 432us total 43.763ms
I/art     (   89): Explicit concurrent mark sweep GC freed 650(41KB) AllocSpace objects, 0(0B) LOS objects, 87% free, 71KB/583KB, paused 436us total 31.991ms
I/CameraService(   86): CameraService started (pid=86)
E/CameraHalSelect(   86): add device path: /dev/video0
E/CameraHalSelect(   86): media profile camera num = 2, real number = 1
I/CameraService(   86): Loaded "Camera Module" camera module
I/AudioPolicyService(   86): AudioPolicyService CSTOR in legacy mode
I/AudioPolicyManagerBase(   86): loadAudioPolicyConfig() loaded /system/etc/audio_policy.conf
V/audio_hw_primary(   86): bt_stream_init enter
V/audio_hw_primary(   86): bt_stream_init leave
I/AudioFlinger(   86): loadHwModule() Loaded primary audio interface from Ingenic Audio Alsa HW HAL (audio) handle 1
V/audio_hw_primary(   86): adev_open_output_stream enter 
V/audio_hw_primary(   86): adev_open_output_stream leave 
I/AudioFlinger(   86): HAL output buffer size 2048 frames, normal sink buffer size 2048 frames
I/AudioMixer(   86): found effect "Multichannel Downmix To Stereo" from The Android Open Source Project
I/AudioFlinger(   86): Using module 1 has the primary audio interface
I/AudioFlinger(   86): AudioFlinger's thread 0x756f4000 ready to run
W/AudioFlinger(   86): Thread AudioOut_2 cannot connect to the power manager service
V/audio_hw_primary(   86): out_set_parameters enter
V/audio_hw_primary(   86): #############dmic on###############
V/audio_hw_primary(   86): hp=n speaker=y headset_mic_on=n buildin_mic_on=y bt_slave_sco_on=n
V/audio_hw_primary(   86): out_set_parameters leave
W/AudioFlinger(   86): Thread AudioOut_2 cannot connect to the power manager service
W/AudioFlinger(   86): Thread AudioOut_2 cannot connect to the power manager service
E/AudioFlinger(   86): no wake lock to update!
I/audio_a2dp_hw(   86): adev_open:  adev_open in A2dp_hw module
I/AudioFlinger(   86): loadHwModule() Loaded a2dp audio interface from A2DP Audio HW HAL (audio) handle 3
E/AudioFlinger(   86): int android::load_audio_interface(const char*, audio_hw_device_t**) couldn't load audio hw module audio.usb (No such file or directory)
I/AudioFlinger(   86): loadHwModule() error -2 loading module usb 
W/AudioPolicyManagerBase(   86): could not open HW module usb
I/AudioPolicyService(   86): Loaded audio policy from LEGACY Audio Policy HAL (audio_policy)
E/SoundTriggerHwService(   86): couldn't load sound trigger module sound_trigger.primary (No such file or directory)
I/art     (   89): Explicit concurrent mark sweep GC freed 381(22KB) AllocSpace objects, 0(0B) LOS objects, 83% free, 102KB/614KB, paused 13.128ms total 26.888ms
I/iptables(   83): iptables v1.4.20: can't initialize iptables table `nat': Table does not exist (do you need to insmod?)
I/iptables(   83): Perhaps iptables or your kernel needs to be upgraded.
I/iptables(   83): iptables terminated by exit(3)
E/Netd    (   83): exec() res=0, status=768 for /system/bin/iptables -t nat -N oem_nat_pre 
I/iptables(   83): iptables v1.4.20: can't initialize iptables table `nat': Table does not exist (do you need to insmod?)
I/iptables(   83): Perhaps iptables or your kernel needs to be upgraded.
I/iptables(   83): iptables terminated by exit(3)
E/Netd    (   83): exec() res=0, status=768 for /system/bin/iptables -t nat -A PREROUTING -j oem_nat_pre 
I/iptables(   83): iptables v1.4.20: can't initialize iptables table `nat': Table does not exist (do you need to insmod?)
I/iptables(   83): Perhaps iptables or your kernel needs to be upgraded.
I/iptables(   83): iptables terminated by exit(3)
E/Netd    (   83): exec() res=0, status=768 for /system/bin/iptables -t nat -N natctrl_nat_POSTROUTING 
I/iptables(   83): iptables v1.4.20: can't initialize iptables table `nat': Table does not exist (do you need to insmod?)
I/iptables(   83): Perhaps iptables or your kernel needs to be upgraded.
I/iptables(   83): iptables terminated by exit(3)
E/Netd    (   83): exec() res=0, status=768 for /system/bin/iptables -t nat -A POSTROUTING -j natctrl_nat_POSTROUTING 
V/NatController(   83): runCmd(/system/bin/iptables -F natctrl_FORWARD) res=0
V/NatController(   83): runCmd(/system/bin/iptables -A natctrl_FORWARD -j DROP) res=0
V/NatController(   83): runCmd(/system/bin/iptables -t nat -F natctrl_nat_POSTROUTING) res=3
E/Minikin (   89): addFont failed to create font /system/fonts/NotoSansGujarati-Regular.ttf
E/Minikin (   89): addFont failed to create font /system/fonts/NotoSansGujarati-Bold.ttf
E/Minikin (   89): addFont failed to create font /system/fonts/NotoSansGujaratiUI-Regular.ttf
E/Minikin (   89): addFont failed to create font /system/fonts/NotoSansGujaratiUI-Bold.ttf
E/Minikin (   89): addFont failed to create font /system/fonts/NotoSansGurmukhi-Regular.ttf
E/Minikin (   89): addFont failed to create font /system/fonts/NotoSansGurmukhi-Bold.ttf
E/Minikin (   89): addFont failed to create font /system/fonts/NotoSansGurmukhiUI-Regular.ttf
E/Minikin (   89): addFont failed to create font /system/fonts/NotoSansGurmukhiUI-Bold.ttf
E/Minikin (   89): addFont failed to create font /system/fonts/NotoSansSinhala-Regular.ttf
E/Minikin (   89): addFont failed to create font /system/fonts/NotoSansSinhala-Bold.ttf
E/Minikin (   89): addFont failed to create font /system/fonts/NotoSansThaana-Regular.ttf
E/Minikin (   89): addFont failed to create font /system/fonts/NotoSansThaana-Bold.ttf
E/Minikin (   89): addFont failed to create font /system/fonts/NotoSansCham-Regular.ttf
E/Minikin (   89): addFont failed to create font /system/fonts/NotoSansCham-Bold.ttf
E/Minikin (   89): addFont failed to create font /system/fonts/NotoSansBalinese-Regular.ttf
E/Minikin (   89): addFont failed to create font /system/fonts/NotoSansBatak-Regular.ttf
E/Minikin (   89): addFont failed to create font /system/fonts/NotoSansBuginese-Regular.ttf
E/Minikin (   89): addFont failed to create font /system/fonts/NotoSansBuhid-Regular.ttf
E/Minikin (   89): addFont failed to create font /system/fonts/NotoSansCanadianAboriginal-Regular.ttf
E/Minikin (   89): addFont failed to create font /system/fonts/NotoSansCherokee-Regular.ttf
E/Minikin (   89): addFont failed to create font /system/fonts/NotoSansCoptic-Regular.ttf
E/Minikin (   89): addFont failed to create font /system/fonts/NotoSansGlagolitic-Regular.ttf
E/Minikin (   89): addFont failed to create font /system/fonts/NotoSansHanunoo-Regular.ttf
E/Minikin (   89): addFont failed to create font /system/fonts/NotoSansJavanese-Regular.ttf
E/Minikin (   89): addFont failed to create font /system/fonts/NotoSansKayahLi-Regular.ttf
E/Minikin (   89): addFont failed to create font /system/fonts/NotoSansLepcha-Regular.ttf
E/Minikin (   89): addFont failed to create font /system/fonts/NotoSansLimbu-Regular.ttf
E/Minikin (   89): addFont failed to create font /system/fonts/NotoSansMeeteiMayek-Regular.ttf
E/Minikin (   89): addFont failed to create font /system/fonts/NotoSansOlChiki-Regular.ttf
E/Minikin (   89): addFont failed to create font /system/fonts/NotoSansRejang-Regular.ttf
E/Minikin (   89): addFont failed to create font /system/fonts/NotoSansSaurashtra-Regular.ttf
E/Minikin (   89): addFont failed to create font /system/fonts/NotoSansSundanese-Regular.ttf
E/Minikin (   89): addFont failed to create font /system/fonts/NotoSansSylotiNagri-Regular.ttf
E/Minikin (   89): addFont failed to create font /system/fonts/NotoSansTagbanwa-Regular.ttf
E/Minikin (   89): addFont failed to create font /system/fonts/NotoSansTaiLe-Regular.ttf
E/Minikin (   89): addFont failed to create font /system/fonts/NotoSansTaiTham-Regular.ttf
E/Minikin (   89): addFont failed to create font /system/fonts/NotoSansTaiViet-Regular.ttf
E/Minikin (   89): addFont failed to create font /system/fonts/NotoSansTifinagh-Regular.ttf
E/Minikin (   89): addFont failed to create font /system/fonts/NotoSansYi-Regular.ttf
E/Minikin (   89): addFont failed to create font /system/fonts/Lohit-Odia.ttf
E/Minikin (   89): addFont failed to create font /system/fonts/NotoSansHans-Regular.otf
E/Minikin (   89): addFont failed to create font /system/fonts/NotoSansHant-Regular.otf
E/Minikin (   89): addFont failed to create font /system/fonts/NotoSansJP-Regular.otf
E/Minikin (   89): addFont failed to create font /system/fonts/NotoSansKR-Regular.otf
I/art     (   89): Explicit concurrent mark sweep GC freed 1797(129KB) AllocSpace objects, 0(0B) LOS objects, 81% free, 113KB/625KB, paused 440us total 16.755ms
I/art     (   89): Explicit concurrent mark sweep GC freed 1947(92KB) AllocSpace objects, 0(0B) LOS objects, 76% free, 154KB/666KB, paused 437us total 62.041ms
I/art     (   89): Explicit concurrent mark sweep GC freed 1977(87KB) AllocSpace objects, 0(0B) LOS objects, 73% free, 189KB/701KB, paused 441us total 41.023ms
I/art     (   89): Explicit concurrent mark sweep GC freed 371(19KB) AllocSpace objects, 0(0B) LOS objects, 69% free, 222KB/734KB, paused 433us total 44.208ms
I/art     (   89): Thread[1,tid=89,WaitingForJniOnLoad,Thread*=0x73c27800,peer=0x12c31160,"main"] recursive attempt to load library "/system/lib/libmedia_jni.so"
D/MtpDeviceJNI(   89): register_android_mtp_MtpDevice
I/art     (   89): Thread[1,tid=89,WaitingForJniOnLoad,Thread*=0x73c27800,peer=0x12c31160,"main"] recursive attempt to load library "/system/lib/libmedia_jni.so"
I/art     (   89): Thread[1,tid=89,WaitingForJniOnLoad,Thread*=0x73c27800,peer=0x12c31160,"main"] recursive attempt to load library "/system/lib/libmedia_jni.so"
I/art     (   89): Explicit concurrent mark sweep GC freed 663(37KB) AllocSpace objects, 0(0B) LOS objects, 67% free, 244KB/756KB, paused 438us total 48.221ms
I/art     (   89): Explicit concurrent mark sweep GC freed 572(29KB) AllocSpace objects, 0(0B) LOS objects, 65% free, 264KB/776KB, paused 443us total 57.488ms
I/art     (   89): Explicit concurrent mark sweep GC freed 432(25KB) AllocSpace objects, 0(0B) LOS objects, 62% free, 303KB/815KB, paused 451us total 35.662ms
D/MDnsDS  (   83): MDnsSdListener::Hander starting up
D/MDnsDS  (   83): MDnsSdListener starting to monitor
D/MDnsDS  (   83): Going to poll with pollCount 1
I/art     (   89): Explicit concurrent mark sweep GC freed 1780(104KB) AllocSpace objects, 0(0B) LOS objects, 53% free, 453KB/965KB, paused 446us total 17.442ms
E/EmojiFactory_jni(   89): Failed to load libemoji.so: dlopen failed: library "libemoji.so" not found
I/art     (   89): Explicit concurrent mark sweep GC freed 366(45KB) AllocSpace objects, 0(0B) LOS objects, 40% free, 750KB/1262KB, paused 451us total 25.651ms
I/art     (   89): Explicit concurrent mark sweep GC freed 438(30KB) AllocSpace objects, 0(0B) LOS objects, 39% free, 768KB/1280KB, paused 441us total 25.540ms
I/art     (   89): Explicit concurrent mark sweep GC freed 780(49KB) AllocSpace objects, 0(0B) LOS objects, 39% free, 769KB/1281KB, paused 442us total 24.847ms
I/art     (   89): Explicit concurrent mark sweep GC freed 956(105KB) AllocSpace objects, 0(0B) LOS objects, 38% free, 812KB/1324KB, paused 457us total 28.801ms
I/art     (   89): Explicit concurrent mark sweep GC freed 597(42KB) AllocSpace objects, 0(0B) LOS objects, 38% free, 818KB/1330KB, paused 458us total 21.192ms
I/art     (   89): Explicit concurrent mark sweep GC freed 265(20KB) AllocSpace objects, 0(0B) LOS objects, 37% free, 847KB/1359KB, paused 462us total 18.611ms
I/art     (   89): Background sticky concurrent mark sweep GC freed 4422(244KB) AllocSpace objects, 0(0B) LOS objects, 23% free, 1046KB/1359KB, paused 14.164ms total 49.544ms
I/art     (   89): Explicit concurrent mark sweep GC freed 578(22KB) AllocSpace objects, 0(0B) LOS objects, 29% free, 1226KB/1738KB, paused 468us total 24.772ms
I/art     (   89): Explicit concurrent mark sweep GC freed 572(33KB) AllocSpace objects, 0(0B) LOS objects, 29% free, 1242KB/1754KB, paused 462us total 30.368ms
I/art     (   89): Explicit concurrent mark sweep GC freed 741(45KB) AllocSpace objects, 0(0B) LOS objects, 29% free, 1245KB/1757KB, paused 461us total 23.478ms
I/System  (   89): Loaded time zone names for "" in 187ms (169ms in ICU)
I/System  (   89): Loaded time zone names for "en_US" in 128ms (107ms in ICU)
I/art     (   89): Explicit concurrent mark sweep GC freed 2347(178KB) AllocSpace objects, 0(0B) LOS objects, 26% free, 1404KB/1916KB, paused 658us total 26.766ms
I/art     (   89): Explicit concurrent mark sweep GC freed 136(12KB) AllocSpace objects, 0(0B) LOS objects, 25% free, 1469KB/1981KB, paused 676us total 25.682ms
I/art     (   89): Explicit concurrent mark sweep GC freed 288(24KB) AllocSpace objects, 0(0B) LOS objects, 25% free, 1514KB/2026KB, paused 784us total 30.358ms
I/art     (   89): Explicit concurrent mark sweep GC freed 679(47KB) AllocSpace objects, 0(0B) LOS objects, 25% free, 1516KB/2028KB, paused 554us total 31.342ms
I/Zygote  (   89): ...preloaded 3005 classes in 5229ms.
I/art     (   89): VMRuntime.preloadDexCaches starting
I/art     (   89): VMRuntime.preloadDexCaches strings total=210428 before=38960 after=38960
I/art     (   89): VMRuntime.preloadDexCaches types total=18411 before=6375 after=6409
I/art     (   89): VMRuntime.preloadDexCaches fields total=85539 before=32260 after=32594
I/art     (   89): VMRuntime.preloadDexCaches methods total=151706 before=66654 after=67555
I/art     (   89): VMRuntime.preloadDexCaches finished
I/art     (   89): Counter: 0
I/art     (   89): Counter: 1
I/art     (   89): Explicit concurrent mark sweep GC freed 61(15KB) AllocSpace objects, 0(0B) LOS objects, 25% free, 1502KB/2014KB, paused 511us total 37.652ms
D/idmap   (  413): error: no read access to /vendor/overlay: No such file or directory
I/Zygote  (   89): Preloading resources...
W/Resources(   89): Preloaded drawable resource #0x1080096 (android:drawable/toast_frame) that varies with configuration!!
W/Resources(   89): Preloaded drawable resource #0x108010d (android:drawable/btn_check_on_pressed_holo_light) that varies with configuration!!
W/Resources(   89): Preloaded drawable resource #0x108010c (android:drawable/btn_check_on_pressed_holo_dark) that varies with configuration!!
W/Resources(   89): Preloaded drawable resource #0x108010a (android:drawable/btn_check_on_holo_light) that varies with configuration!!
W/Resources(   89): Preloaded drawable resource #0x1080109 (android:drawable/btn_check_on_holo_dark) that varies with configuration!!
I/art     (   89): Explicit concurrent mark sweep GC freed 144(8KB) AllocSpace objects, 0(0B) LOS objects, 25% free, 1545KB/2MB, paused 537us total 36.924ms
W/Resources(   89): Preloaded drawable resource #0x1080107 (android:drawable/btn_check_on_focused_holo_light) that varies with configuration!!
W/Resources(   89): Preloaded drawable resource #0x1080106 (android:drawable/btn_check_on_focused_holo_dark) that varies with configuration!!
W/Resources(   89): Preloaded drawable resource #0x1080105 (android:drawable/btn_check_on_disabled_holo_light) that varies with configuration!!
W/Resources(   89): Preloaded drawable resource #0x1080104 (android:drawable/btn_check_on_disabled_holo_dark) that varies with configuration!!
W/Resources(   89): Preloaded drawable resource #0x1080103 (android:drawable/btn_check_on_disabled_focused_holo_light) that varies with configuration!!
W/Resources(   89): Preloaded drawable resource #0x1080102 (android:drawable/btn_check_on_disabled_focused_holo_dark) that varies with configuration!!
W/Resources(   89): Preloaded drawable resource #0x10800fa (android:drawable/btn_check_off_pressed_holo_light) that varies with configuration!!
W/Resources(   89): Preloaded drawable resource #0x10800f9 (android:drawable/btn_check_off_pressed_holo_dark) that varies with configuration!!
W/Resources(   89): Preloaded drawable resource #0x10800f5 (android:drawable/btn_check_off_holo_light) that varies with configuration!!
I/art     (   89): Explicit concurrent mark sweep GC freed 227(39KB) AllocSpace objects, 0(0B) LOS objects, 24% free, 1559KB/2MB, paused 496us total 25.854ms
W/Resources(   89): Preloaded drawable resource #0x10800f4 (android:drawable/btn_check_off_holo_dark) that varies with configuration!!
W/Resources(   89): Preloaded drawable resource #0x10800f2 (android:drawable/btn_check_off_focused_holo_light) that varies with configuration!!
W/Resources(   89): Preloaded drawable resource #0x10800f1 (android:drawable/btn_check_off_focused_holo_dark) that varies with configuration!!
W/Resources(   89): Preloaded drawable resource #0x10800f0 (android:drawable/btn_check_off_disabled_holo_light) that varies with configuration!!
W/Resources(   89): Preloaded drawable resource #0x10800ef (android:drawable/btn_check_off_disabled_holo_dark) that varies with configuration!!
W/Resources(   89): Preloaded drawable resource #0x10800ee (android:drawable/btn_check_off_disabled_focused_holo_light) that varies with configuration!!
W/Resources(   89): Preloaded drawable resource #0x10800ed (android:drawable/btn_check_off_disabled_focused_holo_dark) that varies with configuration!!
W/Resources(   89): Preloaded drawable resource #0x108010a (android:drawable/btn_check_on_holo_light) that varies with configuration!!
W/Resources(   89): Preloaded drawable resource #0x10800f5 (android:drawable/btn_check_off_holo_light) that varies with configuration!!
W/Resources(   89): Preloaded drawable resource #0x108010d (android:drawable/btn_check_on_pressed_holo_light) that varies with configuration!!
W/Resources(   89): Preloaded drawable resource #0x10800fa (android:drawable/btn_check_off_pressed_holo_light) that varies with configuration!!
W/Resources(   89): Preloaded drawable resource #0x1080107 (android:drawable/btn_check_on_focused_holo_light) that varies with configuration!!
W/Resources(   89): Preloaded drawable resource #0x10800f2 (android:drawable/btn_check_off_focused_holo_light) that varies with configuration!!
W/Resources(   89): Preloaded drawable resource #0x10800f5 (android:drawable/btn_check_off_holo_light) that varies with configuration!!
W/Resources(   89): Preloaded drawable resource #0x108010a (android:drawable/btn_check_on_holo_light) that varies with configuration!!
W/Resources(   89): Preloaded drawable resource #0x1080105 (android:drawable/btn_check_on_disabled_holo_light) that varies with configuration!!
W/Resources(   89): Preloaded drawable resource #0x10800f0 (android:drawable/btn_check_off_disabled_holo_light) that varies with configuration!!
W/Resources(   89): Preloaded drawable resource #0x1080103 (android:drawable/btn_check_on_disabled_focused_holo_light) that varies with configuration!!
W/Resources(   89): Preloaded drawable resource #0x10800ee (android:drawable/btn_check_off_disabled_focused_holo_light) that varies with configuration!!
W/Resources(   89): Preloaded drawable resource #0x10800f0 (android:drawable/btn_check_off_disabled_holo_light) that varies with configuration!!
W/Resources(   89): Preloaded drawable resource #0x1080105 (android:drawable/btn_check_on_disabled_holo_light) that varies with configuration!!
W/Resources(   89): Preloaded drawable resource #0x10800e3 (android:drawable/btn_check_holo_light) that varies with configuration!!
I/art     (   89): Explicit concurrent mark sweep GC freed 550(71KB) AllocSpace objects, 0(0B) LOS objects, 25% free, 1613KB/2MB, paused 508us total 26.810ms
W/Resources(   89): Preloaded drawable resource #0x1080109 (android:drawable/btn_check_on_holo_dark) that varies with configuration!!
W/Resources(   89): Preloaded drawable resource #0x10800f4 (android:drawable/btn_check_off_holo_dark) that varies with configuration!!
W/Resources(   89): Preloaded drawable resource #0x108010c (android:drawable/btn_check_on_pressed_holo_dark) that varies with configuration!!
W/Resources(   89): Preloaded drawable resource #0x10800f9 (android:drawable/btn_check_off_pressed_holo_dark) that varies with configuration!!
W/Resources(   89): Preloaded drawable resource #0x1080106 (android:drawable/btn_check_on_focused_holo_dark) that varies with configuration!!
W/Resources(   89): Preloaded drawable resource #0x10800f1 (android:drawable/btn_check_off_focused_holo_dark) that varies with configuration!!
W/Resources(   89): Preloaded drawable resource #0x10800f4 (android:drawable/btn_check_off_holo_dark) that varies with configuration!!
W/Resources(   89): Preloaded drawable resource #0x1080109 (android:drawable/btn_check_on_holo_dark) that varies with configuration!!
W/Resources(   89): Preloaded drawable resource #0x1080104 (android:drawable/btn_check_on_disabled_holo_dark) that varies with configuration!!
W/Resources(   89): Preloaded drawable resource #0x10800ef (android:drawable/btn_check_off_disabled_holo_dark) that varies with configuration!!
W/Resources(   89): Preloaded drawable resource #0x1080102 (android:drawable/btn_check_on_disabled_focused_holo_dark) that varies with configuration!!
W/Resources(   89): Preloaded drawable resource #0x10800ed (android:drawable/btn_check_off_disabled_focused_holo_dark) that varies with configuration!!
W/Resources(   89): Preloaded drawable resource #0x10800ef (android:drawable/btn_check_off_disabled_holo_dark) that varies with configuration!!
W/Resources(   89): Preloaded drawable resource #0x1080104 (android:drawable/btn_check_on_disabled_holo_dark) that varies with configuration!!
W/Resources(   89): Preloaded drawable resource #0x10800e2 (android:drawable/btn_check_holo_dark) that varies with configuration!!
I/art     (   89): Explicit concurrent mark sweep GC freed 498(113KB) AllocSpace objects, 0(0B) LOS objects, 24% free, 1583KB/2MB, paused 499us total 31.225ms
W/Resources(   89): Preloaded drawable resource #0x10801bd (android:drawable/btn_radio_on_pressed_holo_light) that varies with configuration!!
W/Resources(   89): Preloaded drawable resource #0x10801bc (android:drawable/btn_radio_on_pressed_holo_dark) that varies with configuration!!
W/Resources(   89): Preloaded drawable resource #0x10801b9 (android:drawable/btn_radio_on_holo_light) that varies with configuration!!
W/Resources(   89): Preloaded drawable resource #0x10801b8 (android:drawable/btn_radio_on_holo_dark) that varies with configuration!!
W/Resources(   89): Preloaded drawable resource #0x10801b6 (android:drawable/btn_radio_on_focused_holo_light) that varies with configuration!!
W/Resources(   89): Preloaded drawable resource #0x10801b5 (android:drawable/btn_radio_on_focused_holo_dark) that varies with configuration!!
W/Resources(   89): Preloaded drawable resource #0x10801b4 (android:drawable/btn_radio_on_disabled_holo_light) that varies with configuration!!
W/Resources(   89): Preloaded drawable resource #0x10801b3 (android:drawable/btn_radio_on_disabled_holo_dark) that varies with configuration!!
W/Resources(   89): Preloaded drawable resource #0x10801b2 (android:drawable/btn_radio_on_disabled_focused_holo_light) that varies with configuration!!
I/art     (   89): Explicit concurrent mark sweep GC freed 289(73KB) AllocSpace objects, 0(0B) LOS objects, 24% free, 1563KB/2MB, paused 498us total 25.994ms
W/Resources(   89): Preloaded drawable resource #0x10801b1 (android:drawable/btn_radio_on_disabled_focused_holo_dark) that varies with configuration!!
W/Resources(   89): Preloaded drawable resource #0x10801ae (android:drawable/btn_radio_off_pressed_holo_light) that varies with configuration!!
W/Resources(   89): Preloaded drawable resource #0x10801ad (android:drawable/btn_radio_off_pressed_holo_dark) that varies with configuration!!
W/Resources(   89): Preloaded drawable resource #0x10801ab (android:drawable/btn_radio_off_holo_light) that varies with configuration!!
W/Resources(   89): Preloaded drawable resource #0x10801aa (android:drawable/btn_radio_off_holo_dark) that varies with configuration!!
W/Resources(   89): Preloaded drawable resource #0x10801a8 (android:drawable/btn_radio_off_focused_holo_light) that varies with configuration!!
W/Resources(   89): Preloaded drawable resource #0x10801a7 (android:drawable/btn_radio_off_focused_holo_dark) that varies with configuration!!
W/Resources(   89): Preloaded drawable resource #0x10801a6 (android:drawable/btn_radio_off_disabled_holo_light) that varies with configuration!!
W/Resources(   89): Preloaded drawable resource #0x10801a5 (android:drawable/btn_radio_off_disabled_holo_dark) that varies with configuration!!
I/art     (   89): Explicit concurrent mark sweep GC freed 248(51KB) AllocSpace objects, 0(0B) LOS objects, 24% free, 1564KB/2MB, paused 500us total 28.472ms
W/Resources(   89): Preloaded drawable resource #0x10801a4 (android:drawable/btn_radio_off_disabled_focused_holo_light) that varies with configuration!!
W/Resources(   89): Preloaded drawable resource #0x10801a3 (android:drawable/btn_radio_off_disabled_focused_holo_dark) that varies with configuration!!
W/Resources(   89): Preloaded drawable resource #0x108014e (android:drawable/btn_default_pressed_holo_light) that varies with configuration!!
W/Resources(   89): Preloaded drawable resource #0x108014d (android:drawable/btn_default_pressed_holo_dark) that varies with configuration!!
W/Resources(   89): Preloaded drawable resource #0x108014a (android:drawable/btn_default_normal_holo_light) that varies with configuration!!
W/Resources(   89): Preloaded drawable resource #0x1080149 (android:drawable/btn_default_normal_holo_dark) that varies with configuration!!
W/Resources(   89): Preloaded drawable resource #0x1080140 (android:drawable/btn_default_focused_holo_light) that varies with configuration!!
W/Resources(   89): Preloaded drawable resource #0x108013f (android:drawable/btn_default_focused_holo_dark) that varies with configuration!!
W/Resources(   89): Preloaded drawable resource #0x108013d (android:drawable/btn_default_disabled_holo_light) that varies with configuration!!
W/Resources(   89): Preloaded drawable resource #0x108013c (android:drawable/btn_default_disabled_holo_dark) that varies with configuration!!
I/art     (   89): Explicit concurrent mark sweep GC freed 268(52KB) AllocSpace objects, 0(0B) LOS objects, 25% free, 1566KB/2MB, paused 668us total 28.769ms
W/Resources(   89): Preloaded drawable resource #0x108013a (android:drawable/btn_default_disabled_focused_holo_light) that varies with configuration!!
W/Resources(   89): Preloaded drawable resource #0x1080139 (android:drawable/btn_default_disabled_focused_holo_dark) that varies with configuration!!
W/Resources(   89): Preloaded drawable resource #0x1080149 (android:drawable/btn_default_normal_holo_dark) that varies with configuration!!
W/Resources(   89): Preloaded drawable resource #0x108013c (android:drawable/btn_default_disabled_holo_dark) that varies with configuration!!
W/Resources(   89): Preloaded drawable resource #0x108014d (android:drawable/btn_default_pressed_holo_dark) that varies with configuration!!
W/Resources(   89): Preloaded drawable resource #0x108013f (android:drawable/btn_default_focused_holo_dark) that varies with configuration!!
W/Resources(   89): Preloaded drawable resource #0x1080149 (android:drawable/btn_default_normal_holo_dark) that varies with configuration!!
W/Resources(   89): Preloaded drawable resource #0x1080139 (android:drawable/btn_default_disabled_focused_holo_dark) that varies with configuration!!
W/Resources(   89): Preloaded drawable resource #0x108013c (android:drawable/btn_default_disabled_holo_dark) that varies with configuration!!
W/Resources(   89): Preloaded drawable resource #0x1080141 (android:drawable/btn_default_holo_dark) that varies with configuration!!
I/art     (   89): Explicit concurrent mark sweep GC freed 334(53KB) AllocSpace objects, 0(0B) LOS objects, 24% free, 1562KB/2MB, paused 516us total 26.402ms
W/Resources(   89): Preloaded drawable resource #0x108014a (android:drawable/btn_default_normal_holo_light) that varies with configuration!!
W/Resources(   89): Preloaded drawable resource #0x108013d (android:drawable/btn_default_disabled_holo_light) that varies with configuration!!
W/Resources(   89): Preloaded drawable resource #0x108014e (android:drawable/btn_default_pressed_holo_light) that varies with configuration!!
W/Resources(   89): Preloaded drawable resource #0x1080140 (android:drawable/btn_default_focused_holo_light) that varies with configuration!!
W/Resources(   89): Preloaded drawable resource #0x108014a (android:drawable/btn_default_normal_holo_light) that varies with configuration!!
W/Resources(   89): Preloaded drawable resource #0x108013a (android:drawable/btn_default_disabled_focused_holo_light) that varies with configuration!!
W/Resources(   89): Preloaded drawable resource #0x108013d (android:drawable/btn_default_disabled_holo_light) that varies with configuration!!
W/Resources(   89): Preloaded drawable resource #0x1080142 (android:drawable/btn_default_holo_light) that varies with configuration!!
W/Resources(   89): Preloaded drawable resource #0x108021e (android:drawable/btn_star_off_normal_holo_light) that varies with configuration!!
W/Resources(   89): Preloaded drawable resource #0x1080228 (android:drawable/btn_star_on_normal_holo_light) that varies with configuration!!
I/art     (   89): Explicit concurrent mark sweep GC freed 336(48KB) AllocSpace objects, 0(0B) LOS objects, 25% free, 1564KB/2MB, paused 2.540ms total 31.108ms
W/Resources(   89): Preloaded drawable resource #0x1080224 (android:drawable/btn_star_on_disabled_holo_light) that varies with configuration!!
W/Resources(   89): Preloaded drawable resource #0x108021a (android:drawable/btn_star_off_disabled_holo_light) that varies with configuration!!
W/Resources(   89): Preloaded drawable resource #0x108022a (android:drawable/btn_star_on_pressed_holo_light) that varies with configuration!!
W/Resources(   89): Preloaded drawable resource #0x1080220 (android:drawable/btn_star_off_pressed_holo_light) that varies with configuration!!
W/Resources(   89): Preloaded drawable resource #0x1080226 (android:drawable/btn_star_on_focused_holo_light) that varies with configuration!!
W/Resources(   89): Preloaded drawable resource #0x108021c (android:drawable/btn_star_off_focused_holo_light) that varies with configuration!!
W/Resources(   89): Preloaded drawable resource #0x1080222 (android:drawable/btn_star_on_disabled_focused_holo_light) that varies with configuration!!
W/Resources(   89): Preloaded drawable resource #0x1080218 (android:drawable/btn_star_off_disabled_focused_holo_light) that varies with configuration!!
W/Resources(   89): Preloaded drawable resource #0x108021e (android:drawable/btn_star_off_normal_holo_light) that varies with configuration!!
W/Resources(   89): Preloaded drawable resource #0x1080228 (android:drawable/btn_star_on_normal_holo_light) that varies with configuration!!
W/Resources(   89): Preloaded drawable resource #0x1080224 (android:drawable/btn_star_on_disabled_holo_light) that varies with configuration!!
W/Resources(   89): Preloaded drawable resource #0x108021a (android:drawable/btn_star_off_disabled_holo_light) that varies with configuration!!
W/Resources(   89): Preloaded drawable resource #0x108022a (android:drawable/btn_star_on_pressed_holo_light) that varies with configuration!!
W/Resources(   89): Preloaded drawable resource #0x1080220 (android:drawable/btn_star_off_pressed_holo_light) that varies with configuration!!
W/Resources(   89): Preloaded drawable resource #0x1080226 (android:drawable/btn_star_on_focused_holo_light) that varies with configuration!!
W/Resources(   89): Preloaded drawable resource #0x108021c (android:drawable/btn_star_off_focused_holo_light) that varies with configuration!!
W/Resources(   89): Preloaded drawable resource #0x1080222 (android:drawable/btn_star_on_disabled_focused_holo_light) that varies with configuration!!
W/Resources(   89): Preloaded drawable resource #0x1080224 (android:drawable/btn_star_on_disabled_holo_light) that varies with configuration!!
W/Resources(   89): Preloaded drawable resource #0x1080218 (android:drawable/btn_star_off_disabled_focused_holo_light) that varies with configuration!!
W/Resources(   89): Preloaded drawable resource #0x108021a (android:drawable/btn_star_off_disabled_holo_light) that varies with configuration!!
W/Resources(   89): Preloaded drawable resource #0x108021e (android:drawable/btn_star_off_normal_holo_light) that varies with configuration!!
W/Resources(   89): Preloaded drawable resource #0x1080228 (android:drawable/btn_star_on_normal_holo_light) that varies with configuration!!
W/Resources(   89): Preloaded drawable resource #0x1080213 (android:drawable/btn_star_holo_light) that varies with configuration!!
I/art     (   89): Explicit concurrent mark sweep GC freed 611(69KB) AllocSpace objects, 0(0B) LOS objects, 25% free, 1626KB/2MB, paused 509us total 29.125ms
W/Resources(   89): Preloaded drawable resource #0x108021d (android:drawable/btn_star_off_normal_holo_dark) that varies with configuration!!
W/Resources(   89): Preloaded drawable resource #0x1080227 (android:drawable/btn_star_on_normal_holo_dark) that varies with configuration!!
W/Resources(   89): Preloaded drawable resource #0x1080223 (android:drawable/btn_star_on_disabled_holo_dark) that varies with configuration!!
W/Resources(   89): Preloaded drawable resource #0x1080219 (android:drawable/btn_star_off_disabled_holo_dark) that varies with configuration!!
W/Resources(   89): Preloaded drawable resource #0x1080229 (android:drawable/btn_star_on_pressed_holo_dark) that varies with configuration!!
W/Resources(   89): Preloaded drawable resource #0x108021f (android:drawable/btn_star_off_pressed_holo_dark) that varies with configuration!!
W/Resources(   89): Preloaded drawable resource #0x1080225 (android:drawable/btn_star_on_focused_holo_dark) that varies with configuration!!
W/Resources(   89): Preloaded drawable resource #0x108021b (android:drawable/btn_star_off_focused_holo_dark) that varies with configuration!!
W/Resources(   89): Preloaded drawable resource #0x1080221 (android:drawable/btn_star_on_disabled_focused_holo_dark) that varies with configuration!!
I/art     (   89): Explicit concurrent mark sweep GC freed 352(108KB) AllocSpace objects, 0(0B) LOS objects, 25% free, 1571KB/2MB, paused 498us total 26.621ms
W/Resources(   89): Preloaded drawable resource #0x1080217 (android:drawable/btn_star_off_disabled_focused_holo_dark) that varies with configuration!!
W/Resources(   89): Preloaded drawable resource #0x108021d (android:drawable/btn_star_off_normal_holo_dark) that varies with configuration!!
W/Resources(   89): Preloaded drawable resource #0x1080227 (android:drawable/btn_star_on_normal_holo_dark) that varies with configuration!!
W/Resources(   89): Preloaded drawable resource #0x1080223 (android:drawable/btn_star_on_disabled_holo_dark) that varies with configuration!!
W/Resources(   89): Preloaded drawable resource #0x1080219 (android:drawable/btn_star_off_disabled_holo_dark) that varies with configuration!!
W/Resources(   89): Preloaded drawable resource #0x1080229 (android:drawable/btn_star_on_pressed_holo_dark) that varies with configuration!!
W/Resources(   89): Preloaded drawable resource #0x108021f (android:drawable/btn_star_off_pressed_holo_dark) that varies with configuration!!
W/Resources(   89): Preloaded drawable resource #0x1080225 (android:drawable/btn_star_on_focused_holo_dark) that varies with configuration!!
W/Resources(   89): Preloaded drawable resource #0x108021b (android:drawable/btn_star_off_focused_holo_dark) that varies with configuration!!
W/Resources(   89): Preloaded drawable resource #0x1080221 (android:drawable/btn_star_on_disabled_focused_holo_dark) that varies with configuration!!
W/Resources(   89): Preloaded drawable resource #0x1080223 (android:drawable/btn_star_on_disabled_holo_dark) that varies with configuration!!
W/Resources(   89): Preloaded drawable resource #0x1080217 (android:drawable/btn_star_off_disabled_focused_holo_dark) that varies with configuration!!
W/Resources(   89): Preloaded drawable resource #0x1080219 (android:drawable/btn_star_off_disabled_holo_dark) that varies with configuration!!
W/Resources(   89): Preloaded drawable resource #0x108021d (android:drawable/btn_star_off_normal_holo_dark) that varies with configuration!!
W/Resources(   89): Preloaded drawable resource #0x1080227 (android:drawable/btn_star_on_normal_holo_dark) that varies with configuration!!
W/Resources(   89): Preloaded drawable resource #0x1080212 (android:drawable/btn_star_holo_dark) that varies with configuration!!
I/art     (   89): Explicit concurrent mark sweep GC freed 430(62KB) AllocSpace objects, 0(0B) LOS objects, 24% free, 1598KB/2MB, paused 504us total 31.262ms
W/Resources(   89): Preloaded drawable resource #0x108025e (android:drawable/btn_toggle_on_pressed_holo_light) that varies with configuration!!
W/Resources(   89): Preloaded drawable resource #0x108025d (android:drawable/btn_toggle_on_pressed_holo_dark) that varies with configuration!!
W/Resources(   89): Preloaded drawable resource #0x108025c (android:drawable/btn_toggle_on_normal_holo_light) that varies with configuration!!
W/Resources(   89): Preloaded drawable resource #0x108025b (android:drawable/btn_toggle_on_normal_holo_dark) that varies with configuration!!
W/Resources(   89): Preloaded drawable resource #0x108025a (android:drawable/btn_toggle_on_focused_holo_light) that varies with configuration!!
W/Resources(   89): Preloaded drawable resource #0x1080259 (android:drawable/btn_toggle_on_focused_holo_dark) that varies with configuration!!
W/Resources(   89): Preloaded drawable resource #0x1080258 (android:drawable/btn_toggle_on_disabled_holo_light) that varies with configuration!!
W/Resources(   89): Preloaded drawable resource #0x1080257 (android:drawable/btn_toggle_on_disabled_holo_dark) that varies with configuration!!
W/Resources(   89): Preloaded drawable resource #0x1080256 (android:drawable/btn_toggle_on_disabled_focused_holo_light) that varies with configuration!!
W/Resources(   89): Preloaded drawable resource #0x1080255 (android:drawable/btn_toggle_on_disabled_focused_holo_dark) that varies with configuration!!
I/art     (   89): Explicit concurrent mark sweep GC freed 323(79KB) AllocSpace objects, 0(0B) LOS objects, 25% free, 1572KB/2MB, paused 501us total 25.948ms
W/Resources(   89): Preloaded drawable resource #0x1080253 (android:drawable/btn_toggle_off_pressed_holo_light) that varies with configuration!!
W/Resources(   89): Preloaded drawable resource #0x1080252 (android:drawable/btn_toggle_off_pressed_holo_dark) that varies with configuration!!
W/Resources(   89): Preloaded drawable resource #0x1080251 (android:drawable/btn_toggle_off_normal_holo_light) that varies with configuration!!
W/Resources(   89): Preloaded drawable resource #0x1080250 (android:drawable/btn_toggle_off_normal_holo_dark) that varies with configuration!!
W/Resources(   89): Preloaded drawable resource #0x108024f (android:drawable/btn_toggle_off_focused_holo_light) that varies with configuration!!
W/Resources(   89): Preloaded drawable resource #0x108024e (android:drawable/btn_toggle_off_focused_holo_dark) that varies with configuration!!
W/Resources(   89): Preloaded drawable resource #0x108024d (android:drawable/btn_toggle_off_disabled_holo_light) that varies with configuration!!
W/Resources(   89): Preloaded drawable resource #0x108024c (android:drawable/btn_toggle_off_disabled_holo_dark) that varies with configuration!!
W/Resources(   89): Preloaded drawable resource #0x108024b (android:drawable/btn_toggle_off_disabled_focused_holo_light) that varies with configuration!!
W/Resources(   89): Preloaded drawable resource #0x108024a (android:drawable/btn_toggle_off_disabled_focused_holo_dark) that varies with configuration!!
I/art     (   89): Explicit concurrent mark sweep GC freed 325(52KB) AllocSpace objects, 0(0B) LOS objects, 25% free, 1574KB/2MB, paused 500us total 28.494ms
W/Resources(   89): Preloaded drawable resource #0x108025c (android:drawable/btn_toggle_on_normal_holo_light) that varies with configuration!!
W/Resources(   89): Preloaded drawable resource #0x1080258 (android:drawable/btn_toggle_on_disabled_holo_light) that varies with configuration!!
W/Resources(   89): Preloaded drawable resource #0x108025e (android:drawable/btn_toggle_on_pressed_holo_light) that varies with configuration!!
