I/art     (  828): WaitForGcToComplete blocked for 238.865ms for cause CollectorTransition
D/MtpService(  828): starting MTP server in MTP mode
D/WifiService(  414): New client listening to asynchronous messages
I/art     (  594): Background sticky concurrent mark sweep GC freed 1068(98KB) AllocSpace objects, 0(0B) LOS objects, 7% free, 2MB/2MB, paused 7.336ms total 64.525ms
D/BluetoothManagerService(  414): Message: 20
D/BluetoothManagerService(  414): Added callback: android.bluetooth.IBluetoothManagerCallback$Stub$Proxy@308ade01:true
D/BluetoothAdapter(  594): 80839147: getState() :  mService = null. Returning STATE_OFF
D/BluetoothAdapter(  594): 80839147: getState() :  mService = null. Returning STATE_OFF
D/BluetoothManagerService(  414): Message: 30
D/BluetoothManagerService(  414): Message: 30
I/art     (  594): Background sticky concurrent mark sweep GC freed 219(16KB) AllocSpace objects, 0(0B) LOS objects, 4% free, 2MB/2MB, paused 9.804ms total 65.008ms
D/BluetoothManagerService(  414): Message: 30
D/BluetoothManagerService(  414): Message: 30
D/BluetoothManagerService(  414): Trying to bind to profile: 1, while Bluetooth was disabled
D/BluetoothManagerService(  414): Message: 30
D/BluetoothManagerService(  414): Message: 30
D/BluetoothMap(  594): Create BluetoothMap proxy object
D/BluetoothManagerService(  414): Message: 30
D/BluetoothManagerService(  414): Message: 30
D/ConnectivityService(  414): listenForNetwork for NetworkRequest [ id=2, legacyType=-1, [] ]
W/WindowManager(  414): Keyguard drawn timeout. Setting mKeyguardDrawComplete
I/CameraManagerGlobal(  594): getCameraService: Reconnecting to camera service
I/art     (  594): Background partial concurrent mark sweep GC freed 1196(99KB) AllocSpace objects, 0(0B) LOS objects, 24% free, 2MB/3MB, paused 18.573ms total 281.519ms
E/CameraHalSelect(   86): AAAAAAAAAAAAAAAAAAAAAAA
E/CameraV4L2Device(   86): getCameraModuleInfo: id: 1, facing: front camera, orientation: 0
E/CameraHalSelect(   86): info->facing = 1
E/CameraHalSelect(   86): info->orientation = 0
I/CameraService(   86): getCameraCharacteristics: Switching to HAL1 shim implementation...
E/CameraHalSelect(   86): AAAAAAAAAAAAAAAAAAAAAAA
E/CameraV4L2Device(   86): getCameraModuleInfo: id: 1, facing: front camera, orientation: 0
E/CameraHalSelect(   86): info->facing = 1
E/CameraHalSelect(   86): info->orientation = 0
E/CameraHalSelect(   86): AAAAAAAAAAAAAAAAAAAAAAA
E/CameraV4L2Device(   86): getCameraModuleInfo: id: 1, facing: front camera, orientation: 0
E/CameraHalSelect(   86): info->facing = 1
E/CameraHalSelect(   86): info->orientation = 0
I/AwesomePlayer(   86): setDataSource_l(<no-scheme URI suppressed>)
I/HardOMXPlugin(   86): ### hard  makeComponentInstance 'OMX.LUMEAudioDecoder'
I/        (   86): ########get handle, lib:libstagefright_hard_alume.so
I/AwesomePlayer(   86): setDataSource_l(<no-scheme URI suppressed>)
I/LatinIME:LogUtils(  749): Dictionary info: dictionary = main:de ; version = 44 ; date = 1393228134
I/HardOMXPlugin(   86): ### hard  makeComponentInstance 'OMX.LUMEAudioDecoder'
I/        (   86): ########get handle, lib:libstagefright_hard_alume.so
I/CameraClient(   86): Opening camera 0
E/CameraHalSelect(   86): AAAAAAAAAAAAAAAAAAAAAAA
E/CameraV4L2Device(   86): getCameraModuleInfo: id: 1, facing: front camera, orientation: 0
E/CameraHalSelect(   86): info->facing = 1
E/CameraHalSelect(   86): info->orientation = 0
I/CameraV4L2Device(   86): connect /dev/video0 camera, state: 8, fd: -1
E/CameraParams(   86): ----fps:30-------------------frameworks/av/camera/CameraParameters.cpp, void android::CameraParameters::setPreviewFrameRate(int), 400
I/CameraV4L2Device(   86): Enter getSensorInfo, state: 1
I/JZCameraParams(   86): (0) init preferred preview video size: 640x480
I/CameraV4L2Device(   86): setCameraParam: size: 1280x720
D/CameraHal1(   86): stopPreview: already stop preview
I/CameraClient(   86): Destroying camera 0
I/LatinIME:LogUtils(  749): Dictionary info: dictionary = main:fr ; version = 45 ; date = 1400639634
I/LatinIME:LogUtils(  749): Dictionary info: dictionary = main:es ; version = 49 ; date = 1404131686
I/LatinIME:LogUtils(  749): Dictionary info: dictionary = main:it ; version = 44 ; date = 1393228135
I/LatinIME:LogUtils(  749): Dictionary info: dictionary = main:ru ; version = 50 ; date = 1406597821
E/CameraV4L2Device(   86): freePreviewBuffer: 0 type buffer already free
E/MediaExtractor(   86): [close xbdemux] DLCNT=1 lumeHandle=72d0ebc4
E/MediaExtractor(   86): [close xbdemux] DLCNT=0 lumeHandle=0
E/CameraHalSelect(   86): AAAAAAAAAAAAAAAAAAAAAAA
E/CameraV4L2Device(   86): getCameraModuleInfo: id: 1, facing: front camera, orientation: 0
E/CameraHalSelect(   86): info->facing = 1
E/CameraHalSelect(   86): info->orientation = 0
E/FlashlightController(  594): Couldn't initialize.
E/FlashlightController(  594): java.lang.UnsupportedOperationException: Unknown error -122
E/FlashlightController(  594): 	at android.hardware.camera2.utils.CameraBinderDecorator.throwOnError(CameraBinderDecorator.java:141)
E/FlashlightController(  594): 	at android.hardware.camera2.utils.CameraBinderDecorator$CameraBinderDecoratorListener.onAfterInvocation(CameraBinderDecorator.java:73)
E/FlashlightController(  594): 	at android.hardware.camera2.utils.Decorator.invoke(Decorator.java:81)
E/FlashlightController(  594): 	at java.lang.reflect.Proxy.invoke(Proxy.java:397)
E/FlashlightController(  594): 	at $Proxy0.supportsCameraApi(Unknown Source)
E/FlashlightController(  594): 	at android.hardware.camera2.CameraManager.supportsCameraApiLocked(CameraManager.java:528)
E/FlashlightController(  594): 	at android.hardware.camera2.CameraManager.supportsCamera2ApiLocked(CameraManager.java:502)
E/FlashlightController(  594): 	at android.hardware.camera2.CameraManager.getCameraCharacteristics(CameraManager.java:180)
E/FlashlightController(  594): 	at com.android.systemui.statusbar.policy.FlashlightController.getCameraId(FlashlightController.java:169)
E/FlashlightController(  594): 	at com.android.systemui.statusbar.policy.FlashlightController.initialize(FlashlightController.java:76)
E/FlashlightController(  594): 	at com.android.systemui.statusbar.policy.FlashlightController.<init>(FlashlightController.java:71)
E/FlashlightController(  594): 	at com.android.systemui.statusbar.phone.PhoneStatusBar.makeStatusBarView(PhoneStatusBar.java:873)
E/FlashlightController(  594): 	at com.android.systemui.statusbar.phone.PhoneStatusBar.addStatusBarWindow(PhoneStatusBar.java:3047)
E/FlashlightController(  594): 	at com.android.systemui.statusbar.phone.PhoneStatusBar.createAndAddWindows(PhoneStatusBar.java:3043)
E/FlashlightController(  594): 	at com.android.systemui.statusbar.BaseStatusBar.start(BaseStatusBar.java:561)
E/FlashlightController(  594): 	at com.android.systemui.statusbar.phone.PhoneStatusBar.start(PhoneStatusBar.java:588)
E/FlashlightController(  594): 	at com.android.systemui.statusbar.SystemBars.createStatusBarFromConfig(SystemBars.java:106)
E/FlashlightController(  594): 	at com.android.systemui.statusbar.SystemBars.onNoService(SystemBars.java:58)
E/FlashlightController(  594): 	at com.android.systemui.statusbar.ServiceMonitor.startService(ServiceMonitor.java:228)
E/FlashlightController(  594): 	at com.android.systemui.statusbar.ServiceMonitor.access$000(ServiceMonitor.java:49)
E/FlashlightController(  594): 	at com.android.systemui.statusbar.ServiceMonitor$1.handleMessage(ServiceMonitor.java:73)
E/FlashlightController(  594): 	at android.os.Handler.dispatchMessage(Handler.java:102)
E/FlashlightController(  594): 	at android.os.Looper.loop(Looper.java:135)
E/FlashlightController(  594): 	at android.app.ActivityThread.main(ActivityThread.java:5254)
E/FlashlightController(  594): 	at java.lang.reflect.Method.invoke(Native Method)
E/FlashlightController(  594): 	at java.lang.reflect.Method.invoke(Method.java:372)
E/FlashlightController(  594): 	at com.android.internal.os.ZygoteInit$MethodAndArgsCaller.run(ZygoteInit.java:903)
E/FlashlightController(  594): 	at com.android.internal.os.ZygoteInit.main(ZygoteInit.java:698)
D/BluetoothAdapter(  594): 80839147: getState() :  mService = null. Returning STATE_OFF
D/BluetoothAdapter(  594): 80839147: getState() :  mService = null. Returning STATE_OFF
D/BluetoothAdapter(  594): 80839147: getState() :  mService = null. Returning STATE_OFF
D/BluetoothAdapter(  594): 80839147: getState() :  mService = null. Returning STATE_OFF
D/OpenGLRenderer(  594): Use EGL_SWAP_BEHAVIOR_PRESERVED: true
D/Atlas   (  594): Validating map...
D/PhoneStatusBar(  594): disable: < EXPAND* icons alerts system_info BACK* HOME* RECENT* clock SEARCH* >
D/BluetoothAdapter(  594): 80839147: getState() :  mService = null. Returning STATE_OFF
D/BluetoothAdapter(  594): 80839147: getState() :  mService = null. Returning STATE_OFF
D/PhoneStatusBar(  594): heads up is enabled
D/StatusBar(  594): user hasn't seen notification about hidden notifications
D/StatusBar(  594): insecure lockscreen, skipping notification
W/BackupManagerService(  414): dataChanged but no participant pkg='com.android.providers.settings' uid=10008
I/LatinIME:LogUtils(  749): Dictionary info: dictionary = main:en ; version = 47 ; date = 1402373178
I/art     (  594): Background partial concurrent mark sweep GC freed 770(82KB) AllocSpace objects, 0(0B) LOS objects, 18% free, 8MB/10MB, paused 1.016ms total 149.126ms
I/SurfaceFlinger(   78): Boot is finished (69997 ms)
I/Choreographer(  594): Skipped 378 frames!  The application may be doing too much work on its main thread.
D/ViewRootImpl(  594): changeCanvasOpacity: opaque=true
I/SystemServiceManager(  414): Starting phase 1000
V/KeyguardServiceDelegate(  414): *** Keyguard connected (yay!)
D/WifiService(  414): New client listening to asynchronous messages
D/BluetoothManagerService(  414): Retrieving Bluetooth Adapter name and address...
D/BluetoothManagerService(  414): getNameAndAddress(): mBluetooth = null mBinding = false
D/BluetoothManagerService(  414): Message: 200
D/BluetoothManagerService(  414): MESSAGE_GET_NAME_AND_ADDRESS
D/BluetoothManagerService(  414): Binding to service to get name and address
D/MtpService(  828): addStorageLocked 65537 /storage/emulated/0
I/ActivityManager(  414): Start proc 960:com.android.bluetooth/1002 for service com.android.bluetooth/.btservice.AdapterService
W/art     (  414): Long monitor contention event with owner method=int com.android.server.am.ActivityManagerService.bindService(android.app.IApplicationThread, android.os.IBinder, android.content.Intent, java.lang.String, android.app.IServiceConnection, int, int) from ActivityManagerService.java:15320 waiters=0 for 122ms
E/WindowManager(  414): CCCCCCCCCCCCCCCCCCCCCCCCCCCCCCCCCCCCCCCCCCCCCCCCCCCCCC 
E/WindowManager(  414): dw: 400
E/WindowManager(  414): dh: 400
E/WindowManager(  414): config.orientation: 1
E/WindowManager(  414): Configuration.ORIENTATION_PORTRAIT: 1
E/WindowManager(  414): Configuration.ORIENTATION_LANDSCAPE: 2
I/ActivityManager(  414): Start proc 983:com.android.keychain/1000 for service com.android.keychain/.KeyChainService
W/ResourcesManager(  960): Asset path '/system/framework/javax.obex.jar' does not exist or contains no resources.
I/LatinIME:LogUtils(  749): Dictionary info: dictionary = main:en ; version = 47 ; date = 1402373178
I/LatinIME:LogUtils(  749): Dictionary info: dictionary = main:en ; version = 47 ; date = 1402373178
I/LatinIME:LogUtils(  749): Dictionary info: dictionary = main:en ; version = 47 ; date = 1402373178
D/AdapterServiceConfig(  960): Adding HeadsetService
D/AdapterServiceConfig(  960): Adding A2dpService
D/AdapterServiceConfig(  960): Adding A2dpSinkService
D/AdapterServiceConfig(  960): Adding HidService
D/AdapterServiceConfig(  960): Adding HealthService
I/LatinIME:LogUtils(  749): Dictionary info: dictionary = main:en ; version = 47 ; date = 1402373178
D/AdapterServiceConfig(  960): Adding PanService
D/AdapterServiceConfig(  960): Adding GattService
D/AdapterServiceConfig(  960): Adding BluetoothMapService
D/AdapterServiceConfig(  960): Adding HeadsetClientService
D/AdapterServiceConfig(  960): Adding AvrcpControllerService
I/LatinIME:LogUtils(  749): Dictionary info: dictionary = main:en ; version = 47 ; date = 1402373178
W/Searchables(  414): No global search activity found
D/BluetoothManagerService(  414): Message: 20
D/BluetoothManagerService(  414): Added callback: android.bluetooth.IBluetoothManagerCallback$Stub$Proxy@1d05625a:true
D/BluetoothAdapterState(  960): make
I/LatinIME:LogUtils(  749): Dictionary info: dictionary = main:en ; version = 47 ; date = 1402373178
I/BluetoothAdapterState(  960): Entering OffState
I/bluedroid(  960): init
E/bt-btif (  960): btif_config_get(L190): assert failed: section && *section && key && *key && name && *name && bytes && type
I/bte_conf(  960): bte_load_conf attempt to load stack conf from /etc/bluetooth/bt_stack.conf
I/bte_conf(  960): bte_load_ble_conf attempt to load ble stack conf from /etc/bluetooth/ble_stack.conf
E/bt_osi_config(  960): config_new unable to open file '/etc/bluetooth/ble_stack.conf': No such file or directory
I/bte_conf(  960): bte_load_ble_conf file >/etc/bluetooth/ble_stack.conf< not found
I/LatinIME:LogUtils(  749): Dictionary info: dictionary = main:en ; version = 47 ; date = 1402373178
I/bluedroid(  960): get_profile_interface socket
I/bluedroid(  960): get_profile_interface map_client
I/GKI_LINUX(  960): gki_task_entry task_id=1 [BTIF] starting
D/BluetoothAdapterProperties(  960): Address is:22:22:6B:D2:55:F5
D/BluetoothManagerService(  414): BluetoothServiceConnection: com.android.bluetooth.btservice.AdapterService
D/BluetoothManagerService(  414): Bluetooth Adapter name changed to Newton2_plus
D/BluetoothManagerService(  414): Message: 40
D/BluetoothManagerService(  414): MESSAGE_BLUETOOTH_SERVICE_CONNECTED: 1
I/bluedroid(  960): config_hci_snoop_log
D/BluetoothManagerService(  414): Message: 200
D/BluetoothManagerService(  414): MESSAGE_GET_NAME_AND_ADDRESS
D/BluetoothManagerService(  414): Message: 201
D/BluetoothManagerService(  414): MESSAGE_SAVE_NAME_AND_ADDRESS
D/BluetoothAdapterState(  960): CURRENT_STATE=OFF, MESSAGE = USER_TURN_ON
D/BluetoothAdapterProperties(  960): Name is: Newton2_plus
D/BluetoothAdapterProperties(  960): Setting state to 11
I/BluetoothAdapterState(  960): Bluetooth adapter state changed: 10-> 11
D/BluetoothBondStateMachine(  960): make
D/BluetoothManagerService(  414): Stored Bluetooth name: Newton2_plus
I/BluetoothBondStateMachine(  960): StableState(): Entering Off State
E/StatusBarIconView(  594): ----66------status_bar_icon_size: 2131558424
D/BluetoothAdapterService(  960): getAdapterService() - returning com.android.bluetooth.btservice.AdapterService@27aad32f
D/HeadsetService(  960): Received start request. Starting profile...
I/BluetoothHeadsetServiceJni(  960): classInitNative: succeeds
D/HeadsetStateMachine(  960): make
D/HeadsetStateMachine(  960): max_hf_connections = 1
I/bluedroid(  960): get_profile_interface handsfree
D/HeadsetStateMachine(  960): Enter Disconnected: -2, size: 0
D/BluetoothAdapterService(  960): getAdapterService() - returning com.android.bluetooth.btservice.AdapterService@27aad32f
D/BluetoothA2dp(  414): Proxy object connected
D/BluetoothAdapter(  414): 114007675: getState() :  mService = null. Returning STATE_OFF
D/A2dpService(  960): Received start request. Starting profile...
I/BluetoothAvrcpServiceJni(  960): classInitNative: succeeds
I/bluedroid(  960): get_profile_interface avrcp
I/BluetoothAdapterState(  960): Entering PendingCommandState State: isTurningOn()=true, isTurningOff()=false
E/StatusBar(  594): ----1300------mRowMaxHeight: 256
E/RemoteController(  960): Cannot set synchronization mode on an unregistered RemoteController
I/BluetoothA2dpServiceJni(  960): classInitNative: succeeds
D/A2dpStateMachine(  960): make
I/bluedroid(  960): get_profile_interface a2dp
I/GKI_LINUX(  960): gki_task_entry task_id=2 [A2DP-MEDIA] starting
D/BluetoothAdapterService(  960): getAdapterService() - returning com.android.bluetooth.btservice.AdapterService@27aad32f
D/A2dpSinkService(  960): Received start request. Starting profile...
I/BluetoothA2dpSinkServiceJni(  960): classInitNative: succeeds
D/A2dpSinkStateMachine(  960): make
D/A2dpStateMachine(  960): Enter Disconnected: -2
I/bluedroid(  960): get_profile_interface a2dp_sink
E/GKI_LINUX(  960): GKI_exception(): Task State Table
E/GKI_LINUX(  960): TASK ID [0] task name [(null)] state [0]
E/GKI_LINUX(  960): TASK ID [1] task name [BTIF] state [1]
E/GKI_LINUX(  960): TASK ID [2] task name [A2DP-MEDIA] state [1]
E/GKI_LINUX(  960): GKI_exception 65531 Sending to unknown dest
E/GKI_LINUX(  960): ********************************************************************
E/GKI_LINUX(  960): * GKI_exception(): 65531 Sending to unknown dest
E/GKI_LINUX(  960): ********************************************************************
I/BluetoothHidServiceJni(  960): classInitNative: succeeds
D/A2dpSinkStateMachine(  960): Enter Disconnected: -2
D/BluetoothAdapterService(  960): getAdapterService() - returning com.android.bluetooth.btservice.AdapterService@27aad32f
D/HidService(  960): Received start request. Starting profile...
I/bluedroid(  960): get_profile_interface hidhost
I/BluetoothHealthServiceJni(  960): classInitNative: succeeds
D/BluetoothAdapterService(  960): getAdapterService() - returning com.android.bluetooth.btservice.AdapterService@27aad32f
D/HealthService(  960): Received start request. Starting profile...
I/art     (  960): Background partial concurrent mark sweep GC freed 800(65KB) AllocSpace objects, 0(0B) LOS objects, 46% free, 591KB/1103KB, paused 25.430ms total 293.148ms
I/bluedroid(  960): get_profile_interface health
I/BluetoothPanServiceJni(  960): classInitNative(L105): succeeds
D/BluetoothAdapterService(  960): getAdapterService() - returning com.android.bluetooth.btservice.AdapterService@27aad32f
D/PanService(  960): Received start request. Starting profile...
D/BluetoothPanServiceJni(  960): initializeNative(L110): pan
I/bluedroid(  960): get_profile_interface pan
D/HeadsetStateMachine(  960): Proxy object connected
I/BtGatt.JNI(  960): classInitNative(L884): classInitNative: Success!
D/HeadsetStateMachine(  960): Disconnected process message: 10, size: 0
D/HeadsetPhoneState(  960): sendDeviceStateChanged. mService=0 mSignal=0 mRoam=0 mBatteryCharge=5
D/HeadsetStateMachine(  960): Disconnected process message: 11, size: 0
D/BluetoothAdapterService(  960): getAdapterService() - returning com.android.bluetooth.btservice.AdapterService@27aad32f
D/BtGatt.DebugUtils(  960): handleDebugAction() action=null
D/BtGatt.GattService(  960): Received start request. Starting profile...
D/BtGatt.GattService(  960): start()
I/bluedroid(  960): get_profile_interface gatt
D/BluetoothAdapterService(  960): getAdapterService() - returning com.android.bluetooth.btservice.AdapterService@27aad32f
D/BtGatt.AdvertiseManager(  960): advertise manager created
D/BluetoothAdapterService(  960): getAdapterService() - returning com.android.bluetooth.btservice.AdapterService@27aad32f
W/art     (  414): Suspending all threads took: 19.195ms
D/BluetoothMapService(  960): Received start request. Starting profile...
D/BluetoothMapService(  960): start()
D/BluetoothMapEmailSettingsLoader(  960): Found 0 applications
D/BluetoothMapEmailAppObserver(  960): createReceiver()
D/BluetoothMapEmailAppObserver(  960): initObservers()
D/BluetoothMapEmailAppObserver(  960): getEnabledAccountItems()
D/BluetoothAdapterService(  960): getAdapterService() - returning com.android.bluetooth.btservice.AdapterService@27aad32f
I/art     (  414): Background sticky concurrent mark sweep GC freed 7912(827KB) AllocSpace objects, 5(439KB) LOS objects, 22% free, 5MB/7MB, paused 24.749ms total 460.597ms
I/art     (  414): WaitForGcToComplete blocked for 32.755ms for cause Explicit
I/art     (  414): Explicit concurrent mark sweep GC freed 1187(90KB) AllocSpace objects, 2(140KB) LOS objects, 19% free, 5MB/6MB, paused 1.958ms total 128.688ms
D/HeadsetClientService(  960): Received start request. Starting profile...
I/BluetoothHeadsetClientServiceJni(  960): classInitNative succeeds
D/HeadsetClientStateMachine(  960): make
D/Ringtone(  960): Problem opening; delegating to remote player
I/bluedroid(  960): get_profile_interface handsfree_client
D/HeadsetClientStateMachine(  960): Enter Disconnected: -2
I/BluetoothAvrcpControllerJni(  960): classInitNative: succeeds
I/bluedroid(  960): get_profile_interface avrcp_ctrl
D/BluetoothAdapterService(  960): getAdapterService() - returning com.android.bluetooth.btservice.AdapterService@27aad32f
D/AvrcpControllerService(  960): Received start request. Starting profile...
D/BluetoothAdapterState(  960): CURRENT_STATE=PENDING, MESSAGE = STARTED, isTurningOn=true, isTurningOff=false
I/bluedroid(  960): enable
I/bt_hci_bdroid(  960): init
I/bt_vendor(  960): init
I/bt_vnd_conf(  960): Attempt to load conf from /etc/bluetooth/bt_vendor.conf
D/bt_userial(  960): userial_init
D/bt_vendor(  960): op for 5
D/bt_vendor(  960): op for 0
D/bt_upio (  960): is_emulator_context : 0
D/bt_upio (  960): is_rfkill_disabled ? [0]
D/bt_upio (  960): is_rfkill_disabled ? [0]
D/bt_vendor(  960): op for 0
D/bt_upio (  960): is_emulator_context : 0
D/bt_upio (  960): is_rfkill_disabled ? [0]
I/GKI_LINUX(  960): gki_task_entry task_id=0 [BTU] starting
I/bt-btu  (  960): btu_task pending for preload complete event
E/StatusBar(  594): ----1508------mRowMinHeight: 0
E/StatusBarIconView(  594): ----66------status_bar_icon_size: 2131558424
E/StatusBar(  594): ----1300------mRowMaxHeight: 256
E/StatusBar(  594): ----1508------mRowMinHeight: 0
E/StatusBarIconView(  594): ----66------status_bar_icon_size: 2131558424
D/bt_vendor(  960): op for 3
I/bt_userial_vendor(  960): userial vendor open: opening /dev/ttyS1
I/bt_userial_vendor(  960): device fd = 65 open
D/bt_vendor(  960): op for 1
D/bt_userial(  960): Entering userial_read_thread()
E/StatusBar(  594): ----1300------mRowMaxHeight: 256
I/bt_hwcfg(  960): bt vendor lib: set UART baud 3000000
D/bt_hwcfg(  960): Chipset BCM43430A1
D/bt_hwcfg(  960): Chip name = [BCM43430A1.hcd]
D/bt_hwcfg(  960): Target name = [BCM43430A1]
D/ContactDirectoryManager(  564): Found com.android.exchange.directory.provider
I/bt_hwcfg(  960): FW patchfile: /etc/firmware/bcm43438/BCM43430A1.hcd
E/StatusBar(  594): ----1508------mRowMinHeight: 0
I/bt_hwcfg(  960): bt vendor lib: set UART baud 115200
D/bt_hwcfg(  960): Settlement delay -- 200 ms
I/bt_hwcfg(  960): Setting fw settlement delay to 200 
I/ActivityManager(  414): Start proc 1028:com.android.exchange/u0a23 for content provider com.android.exchange/.provider.ExchangeDirectoryProvider
I/bt_hwcfg(  960): bt vendor lib: set UART baud 3000000
I/bt_hwcfg(  960): Setting local bd addr to 22:22:6B:D2:55:F5
I/bt_hwcfg(  960): vendor lib fwcfg completed
I/bt-btu  (  960): btu_task received preload complete event
I/art     (  594): Background sticky concurrent mark sweep GC freed 32520(1326KB) AllocSpace objects, 0(0B) LOS objects, 0% free, 12MB/12MB, paused 1.038ms total 171.750ms
I/        (  960): BTE_InitTraceLevels -- TRC_HCI
I/        (  960): BTE_InitTraceLevels -- TRC_L2CAP
I/        (  960): BTE_InitTraceLevels -- TRC_RFCOMM
I/        (  960): BTE_InitTraceLevels -- TRC_AVDT
I/        (  960): BTE_InitTraceLevels -- TRC_AVRC
I/        (  960): BTE_InitTraceLevels -- TRC_A2D
I/        (  960): BTE_InitTraceLevels -- TRC_BNEP
I/        (  960): BTE_InitTraceLevels -- TRC_BTM
I/        (  960): BTE_InitTraceLevels -- TRC_GAP
I/        (  960): BTE_InitTraceLevels -- TRC_PAN
I/        (  960): BTE_InitTraceLevels -- TRC_SDP
I/        (  960): BTE_InitTraceLevels -- TRC_GATT
I/        (  960): BTE_InitTraceLevels -- TRC_SMP
I/        (  960): BTE_InitTraceLevels -- TRC_BTAPP
I/        (  960): BTE_InitTraceLevels -- TRC_BTIF
E/bt-btm  (  960): BTM_SecRegister:p_cb_info->p_le_callback == 0x5698a694 
E/bt-btm  (  960): BTM_SecRegister: btm_cb.api.p_le_callback = 0x5698a694 
E/bt-btif (  960): Calling BTA_HhEnable
E/bt-btif (  960): btif_config_get(L190): assert failed: section && *section && key && *key && name && *name && bytes && type
E/bt-btif (  960): btif_config_get(L190): assert failed: section && *section && key && *key && name && *name && bytes && type
E/bt-btif (  960): btif_storage_get_adapter_property service_mask:0x3140040
D/BluetoothAdapterProperties(  960): Address is:22:22:6B:D2:55:F5
W/bt-btm  (  960): Stopping oneshot timer
I/art     (  594): Background partial concurrent mark sweep GC freed 3688(268KB) AllocSpace objects, 2(5MB) LOS objects, 24% free, 6MB/8MB, paused 898us total 210.100ms
D/BluetoothManagerService(  414): Bluetooth Adapter name changed to Newton2_plus
D/BluetoothManagerService(  414): Stored Bluetooth name: Newton2_plus
D/BluetoothAdapterProperties(  960): Name is: Newton2_plus
D/BluetoothAdapterProperties(  960): Scan Mode:20
D/BluetoothAdapterProperties(  960): Discoverable Timeout:120
E/bt_osi_config(  960): config_new unable to open file '/etc/bluetooth/auto_pair_devlist.conf': No such file or directory
E/BTIF_STORAGE(  960): btif_storage_load_autopair_device_list failed to open auto pair blacklist conf file '/etc/bluetooth/auto_pair_devlist.conf'.
D/bt_vendor(  960): op for 2
D/bt_hwcfg(  960): hw_set_SCO_codec 0x1
D/bt_vendor(  960): op for 6
I/bt_hwcfg(  960): SCO I2S interface change the sample rate to 8K
E/bt_hwcfg(  960): I2SPCM config {0x0, 0x1, 0x0, 0x3}
D/bt_vendor(  960): op for 7
D/bt_vendor(  960): op for 7
D/bt_upio (  960): BT_WAKE is asserted already
I/Choreographer(  594): Skipped 195 frames!  The application may be doing too much work on its main thread.
D/bt_vendor(  960): op for 7
D/bt_upio (  960): BT_WAKE is asserted already
E/bt_osi_config(  960): config_new unable to open file '/etc/bluetooth/bt_did.conf': No such file or directory
E/bte_conf(  960): bte_load_did_conf unable to load DID config '/etc/bluetooth/bt_did.conf'.
D/BluetoothAdapterState(  960): CURRENT_STATE=PENDING, MESSAGE = ENABLE_READY, isTurningOn=true, isTurningOff=false
D/BluetoothAdapterProperties(  960): ScanMode =  20
D/BluetoothAdapterProperties(  960): State =  11
D/BluetoothAdapterProperties(  960): Setting state to 12
I/BluetoothAdapterState(  960): Bluetooth adapter state changed: 11-> 12
I/BluetoothAdapterState(  960): Entering On State
E/bt-btif (  960): btif_config_get(L190): assert failed: section && *section && key && *key && name && *name && bytes && type
E/bt-btif (  960): btif_config_get(L190): assert failed: section && *section && key && *key && name && *name && bytes && type
E/bt-btif (  960): btif_config_get(L190): assert failed: section && *section && key && *key && name && *name && bytes && type
D/BluetoothPanServiceJni(  960): control_state_callback(L61): state:0, local_role:3, ifname:bt-pan
I/bt_hwcfg(  960): SCO PCM configure {0x0, 0x3, 0x0, 0x1, 0x1}
D/bt_vendor(  960): op for 7
D/bt_upio (  960): BT_WAKE is asserted already
D/BluetoothManagerService(  414): checkIfCallerIsForegroundUser: valid=true callingUser=0 parentUser=-10000 foregroundUser=0
D/BluetoothAdapterProperties(  960): Scan Mode:21
D/BluetoothAdapterProperties(  960): Discoverable Timeout:120
D/bt_vendor(  960): op for 7
D/bt_upio (  960): BT_WAKE is asserted already
E/bt_h4   (  960): vendor lib postload completed
D/bt_vendor(  960): op for 7
D/bt_upio (  960): BT_WAKE is asserted already
I/bt_hwcfg(  960): SCO PCM data format {0x0, 0x0, 0x3, 0x3, 0x0}
D/bt_vendor(  960): op for 7
D/bt_upio (  960): BT_WAKE is asserted already
D/bt_vendor(  960): op for 7
D/bt_upio (  960): BT_WAKE is asserted already
I/bt_hwcfg(  960): sco I2S/PCM config result 0 [0-Success, 1-Fail]
I/bt_vendor(  960): sco_audiostate_cb(status: 0)
D/bt_vendor(  960): op for 7
D/bt_upio (  960): BT_WAKE is asserted already
E/ActivityThread( 1028): Failed to find provider info for com.android.email.provider
D/bt_vendor(  960): op for 7
D/bt_upio (  960): BT_WAKE is asserted already
D/bt_vendor(  960): op for 7
D/bt_upio (  960): BT_WAKE is asserted already
D/IWDS_NATIVE---UniconnectJni: (  781): Trace: enter nativeStartServer 
D/IWDS_NATIVE---Uniconnect(  781): Trace: enter startServer 
D/IWDS_NATIVE---Uniconnect: AndroidBtDataChannel: (  781): Trace: enter probe 
D/IWDS_NATIVE---Uniconnect: AndroidBtDataChannel: (  781): Trace: exit probe 
D/bt_vendor(  960): op for 7
D/bt_upio (  960): BT_WAKE is asserted already
D/bt_vendor(  960): op for 7
D/bt_upio (  960): BT_WAKE is asserted already
D/bt_vendor(  960): op for 7
D/bt_upio (  960): BT_WAKE is asserted already
D/bt_vendor(  960): op for 7
D/bt_upio (  960): BT_WAKE is asserted already
D/bt_vendor(  960): op for 7
D/bt_upio (  960): BT_WAKE is asserted already
D/bt_vendor(  960): op for 7
D/bt_upio (  960): BT_WAKE is asserted already
D/bt_vendor(  960): op for 7
D/bt_upio (  960): BT_WAKE is asserted already
D/bt_vendor(  960): op for 7
D/bt_upio (  960): BT_WAKE is asserted already
D/bt_vendor(  960): op for 7
D/bt_upio (  960): BT_WAKE is asserted already
D/bt_vendor(  960): op for 7
D/bt_upio (  960): BT_WAKE is asserted already
D/bt_vendor(  960): op for 7
D/bt_upio (  960): BT_WAKE is asserted already
D/bt_vendor(  960): op for 7
D/bt_upio (  960): BT_WAKE is asserted already
D/bt_vendor(  960): op for 7
D/bt_upio (  960): BT_WAKE is asserted already
D/bt_vendor(  960): op for 7
D/bt_upio (  960): BT_WAKE is asserted already
D/bt_vendor(  960): op for 7
D/bt_upio (  960): BT_WAKE is asserted already
D/bt_vendor(  960): op for 7
D/bt_upio (  960): BT_WAKE is asserted already
D/IWDS_NATIVE---Uniconnect: AndroidBtDataChannel: (  781): Trace: enter listenerThreadReadyToRun 
D/IWDS_NATIVE---Uniconnect: AndroidBtDataChannel: (  781): Trace: exit listenerThreadReadyToRun 
D/IWDS_NATIVE---Uniconnect(  781): Trace: exit startServer 
D/IWDS_NATIVE---UniconnectJni: (  781): Trace: exit nativeStartServer 
D/IWDS_NATIVE---Uniconnect: AndroidBtDataChannel: (  781): Trace: enter readyForOperation 
D/IWDS_NATIVE---Uniconnect: AndroidBtDataChannel: (  781): Trace: exit readyForOperation 
D/IWDS_NATIVE---Uniconnect: Link: Server: Android BT data channel(  781): Not ready for operation: android BT was disabled
I/IWDS_NATIVE---SafeParcelJni: (  781): Native register done.
W/art     (  781): Can't call EnsureArtActionInFrontOfSignalChain due to unitialized fault manager
D/BluetoothManagerService(  414): Stored Bluetooth name: Newton2_plus
D/BluetoothA2dp(  594): Proxy object connected
D/BluetoothA2dpSink(  594): Proxy object connected
D/BluetoothInputDevice(  594): Proxy object connected
D/BluetoothPan(  594): BluetoothPAN Proxy object connected
D/BluetoothMap(  594): Proxy object connected
D/BluetoothHeadsetClient(  594): Proxy object connected
D/BluetoothManagerService(  414): Stored Bluetoothaddress: 22:22:6B:D2:55:F5
D/BluetoothAvrcpController(  594): Proxy object connected
D/BluetoothAdapterState(  960): CURRENT_STATE=ON, MESSAGE = USER_TURN_OFF
D/BluetoothAdapterProperties(  960): Setting state to 13
I/BluetoothAdapterState(  960): Bluetooth adapter state changed: 12-> 13
D/BluetoothAdapterProperties(  960): onBluetoothDisable()
I/BluetoothAdapterState(  960): Entering PendingCommandState State: isTurningOn()=false, isTurningOff()=true
D/bt_vendor(  960): op for 7
D/bt_upio (  960): BT_WAKE is asserted already
D/BluetoothAdapterProperties(  960): Scan Mode:20
D/BluetoothAdapterState(  960): CURRENT_STATE=PENDING, MESSAGE = BEGIN_DISABLE, isTurningOn=false, isTurningOff=true
D/btif_config_util(  960): btif_config_save_file(L188): in file name:/data/misc/bluedroid/bt_config.new
W/bt-btif (  960): bta_dm_disable BTA_DISABLE_DELAY set to 200 ms
W/bt-l2cap(  960): L2CAP - PSM: 0x0019 not found for deregistration
W/bt-l2cap(  960): L2CAP - PSM: 0x0017 not found for deregistration
D/bt_vendor(  960): op for 7
D/bt_upio (  960): BT_WAKE is asserted already
D/bt_vendor(  960): op for 7
D/bt_upio (  960): BT_WAKE is asserted already
D/bt_vendor(  960): op for 7
D/bt_upio (  960): BT_WAKE is asserted already
D/bt_vendor(  960): op for 7
D/bt_upio (  960): BT_WAKE is asserted already
D/bt_vendor(  960): op for 7
D/bt_upio (  960): BT_WAKE is asserted already
D/bt_vendor(  960): op for 7
D/bt_upio (  960): BT_WAKE is asserted already
D/bt_vendor(  960): op for 7
D/bt_upio (  960): BT_WAKE is asserted already
D/bt_vendor(  960): op for 7
D/bt_upio (  960): BT_WAKE is asserted already
D/bt_vendor(  960): op for 7
D/bt_upio (  960): BT_WAKE is asserted already
D/bt_vendor(  960): op for 7
D/bt_upio (  960): BT_WAKE is asserted already
D/bt_vendor(  960): op for 7
D/bt_upio (  960): BT_WAKE is asserted already
D/bt_vendor(  960): op for 7
D/bt_upio (  960): BT_WAKE is asserted already
D/bt_vendor(  960): op for 7
D/bt_upio (  960): BT_WAKE is asserted already
D/bt_vendor(  960): op for 7
D/bt_upio (  960): BT_WAKE is asserted already
D/bt_vendor(  960): op for 7
D/bt_upio (  960): BT_WAKE is asserted already
V/KeyguardServiceDelegate(  414): **** SHOWN CALLED ****
D/PhoneStatusBar(  594): disable: < expand* icons alerts system_info back* home* recent* clock search* >
I/RecoverySystem(  414): No recovery log file
I/BootReceiver(  414): Copying audit failures to DropBox
I/BootReceiver(  414): Checking for fsck errors
D/bt_vendor(  960): op for 6
D/bt_vendor(  960): op for 7
D/bt_upio (  960): BT_WAKE is asserted already
D/bt_userial(  960): RX termination
W/bt_userial(  960): select_read return size <=0:-1, exiting userial_read_thread
D/bt_userial(  960): Leaving userial_read_thread()
W/bt-btif (  960): ag scb idx 1 not allocated
E/bt-btif (  960): BTA AG is already disabled, ignoring ...
W/bt-l2cap(  960): L2CAP - PSM: 0x0019 not found for deregistration
W/bt-l2cap(  960): L2CAP - PSM: 0x0017 not found for deregistration
W/bt-l2cap(  960): L2CAP - PSM: 0x0019 not found for deregistration
W/bt-l2cap(  960): L2CAP - PSM: 0x0017 not found for deregistration
W/bt-l2cap(  960): L2CAP - PSM: 0x0019 not found for deregistration
W/bt-l2cap(  960): L2CAP - PSM: 0x0017 not found for deregistration
E/bt-btif (  960): BTA HF Client is already disabled, ignoring ...
D/bt_userial(  960): userial_close_reader Joined userial reader thread: 0
D/bt_vendor(  960): op for 9
D/bt_hwcfg(  960): hw_epilog_process
D/bt_vendor(  960): op for 4
I/bt_userial_vendor(  960): device fd = 65 close
D/bt_vendor(  960): op for 0
D/bt_upio (  960): is_emulator_context : 0
D/bt_upio (  960): is_rfkill_disabled ? [0]
D/BackupManagerService(  414): Received broadcast Intent { act=android.intent.action.PACKAGE_CHANGED dat=package:com.android.provision flg=0x4000010 (has extras) }
D/BackupManagerService(  414): Received broadcast Intent { act=android.intent.action.PACKAGE_CHANGED dat=package:com.android.settings flg=0x4000010 (has extras) }
W/Searchables(  414): No global search activity found
W/Searchables(  414): No global search activity found
E/ActivityThread(  414): Failed to find provider info for downloads
E/BootReceiver(  414): Can't remove old update packages
E/BootReceiver(  414): java.lang.IllegalArgumentException: Unknown URL content://downloads/my_downloads
E/BootReceiver(  414): 	at android.content.ContentResolver.delete(ContentResolver.java:1295)
E/BootReceiver(  414): 	at android.provider.Downloads.removeAllDownloadsByPackage(Downloads.java:805)
E/BootReceiver(  414): 	at com.android.server.BootReceiver.removeOldUpdatePackages(BootReceiver.java:93)
E/BootReceiver(  414): 	at com.android.server.BootReceiver.access$100(BootReceiver.java:42)
E/BootReceiver(  414): 	at com.android.server.BootReceiver$1.run(BootReceiver.java:82)
I/InputReader(  414): Reconfiguring input devices.  changes=0x00000010
D/WIFI    (  414): Registering NetworkFactory
D/bt_vendor(  960): cleanup
I/GKI_LINUX(  960): gki_task task_id=0 [BTU] terminating
I/GKI_LINUX(  960): GKI_exit_task 0 done
I/GKI_LINUX(  960): GKI_shutdown(): task [BTU] terminated
D/BluetoothAdapterState(  960): CURRENT_STATE=PENDING, MESSAGE = DISABLED, isTurningOn=false, isTurningOff=true
D/ConnectivityService(  414): Got NetworkFactory Messenger for WIFI
I/InputReader(  414): Reconfiguring input devices.  changes=0x00000010
D/WIFI_UT (  414): Registering NetworkFactory
D/ConnectivityService(  414): Got NetworkFactory Messenger for WIFI_UT
D/WIFI    (  414): got request NetworkRequest [ id=1, legacyType=-1, [ Capabilities: INTERNET&NOT_RESTRICTED&TRUSTED&NOT_VPN] ] with score 0
D/WIFI_UT (  414): got request NetworkRequest [ id=1, legacyType=-1, [ Capabilities: INTERNET&NOT_RESTRICTED&TRUSTED&NOT_VPN] ] with score 0
I/art     (   89): Background concurrent mark sweep GC freed 786(33KB) AllocSpace objects, 0(0B) LOS objects, 84% free, 93KB/605KB, paused 407us total 101.939ms
I/ActivityManager(  414): Start proc 1063:com.ingenic.launcher/u0a15 for broadcast com.ingenic.launcher/com.ingenic.amazingvoice.receiver.VoiceReceiver
D/BluetoothAdapterState(  960): Stopping profile services that were post enabled
D/HeadsetService(  960): Received stop request...Stopping profile...
D/HeadsetStateMachine(  960): Exit Disconnected: -1
D/A2dpService(  960): Received stop request...Stopping profile...
D/A2dpStateMachine(  960): Exit Disconnected: -1
D/BluetoothA2dp(  594): Proxy object disconnected
D/BluetoothA2dp(  414): Proxy object disconnected
D/A2dpSinkService(  960): Received stop request...Stopping profile...
D/A2dpSinkStateMachine(  960): Exit Disconnected: -1
D/BluetoothA2dpSink(  594): Proxy object disconnected
D/HidService(  960): Received stop request...Stopping profile...
D/BluetoothInputDevice(  594): Proxy object disconnected
D/HealthService(  960): Received stop request...Stopping profile...
D/PanService(  960): Received stop request...Stopping profile...
D/BluetoothPan(  594): BluetoothPAN Proxy object disconnected
D/BtGatt.DebugUtils(  960): handleDebugAction() action=null
D/BtGatt.GattService(  960): Received stop request...Stopping profile...
D/BtGatt.GattService(  960): stop()
D/BtGatt.AdvertiseManager(  960): advertise clients cleared
D/BluetoothMapService(  960): Received stop request...Stopping profile...
D/BluetoothMapService(  960): stop()
D/BluetoothMapEmailAppObserver(  960): deinitObservers()
D/BluetoothMapEmailAppObserver(  960): removeReceiver()
D/BluetoothMapService(  960): MAP Service closeService in
D/BluetoothMapMasInstance(  960): MAP Service shutdown
D/BluetoothMap(  594): Proxy object disconnected
D/HeadsetClientService(  960): Received stop request...Stopping profile...
D/HeadsetClientStateMachine(  960): Exit Disconnected: -1
D/BluetoothHeadsetClient(  594): Proxy object disconnected
D/AvrcpControllerService(  960): Received stop request...Stopping profile...
D/BluetoothAdapterState(  960): CURRENT_STATE=PENDING, MESSAGE = STOPPED, isTurningOn=false, isTurningOff=true
D/BluetoothAdapterProperties(  960): Setting state to 10
I/BluetoothAdapterState(  960): Bluetooth adapter state changed: 13-> 10
I/BluetoothAdapterState(  960): Entering OffState
D/BluetoothAvrcpController(  594): Proxy object disconnected
D/BluetoothManagerService(  414): unbindAndFinish(): android.bluetooth.IBluetooth$Stub$Proxy@26e26355 mBinding = false
D/BluetoothManagerService(  414): Sending unbind request.
D/HeadsetStateMachine(  960): Unbinding service...
W/BluetoothHeadsetServiceJni(  960): Cleaning up Bluetooth Handsfree Interface...
W/BluetoothHeadsetServiceJni(  960): Cleaning up Bluetooth Handsfree callback object
I/GKI_LINUX(  960): gki_task task_id=2 [A2DP-MEDIA] terminating
I/GKI_LINUX(  960): GKI_exit_task 2 done
I/GKI_LINUX(  960): GKI_shutdown(): task [A2DP-MEDIA] terminated
W/BluetoothHidServiceJni(  960): Cleaning up Bluetooth HID Interface...
W/bt-btif (  960): cleanup: HH disabling or disabled already, status = 0
W/BluetoothHidServiceJni(  960): Cleaning up Bluetooth GID callback object
W/BluetoothHealthServiceJni(  960): Cleaning up Bluetooth Health Interface...
W/BluetoothHealthServiceJni(  960): Cleaning up Bluetooth Health object
W/BluetoothPanServiceJni(  960): Cleaning up Bluetooth PAN Interface...
W/BluetoothPanServiceJni(  960): Cleaning up Bluetooth PAN callback object
D/BtGatt.GattService(  960): cleanup()
W/bt-btif (  960): GATTC Module not enabled/already disabled
W/bt-btif (  960): GATTS Module not enabled/already disabled
D/BtGatt.AdvertiseManager(  960): advertise clients cleared
D/BluetoothMapService(  960): cleanup()
D/BluetoothMapService(  960): MAP Service closeService in
W/BluetoothHeadsetClientServiceJni(  960): Cleaning up Bluetooth HFP Client Interface...
W/BluetoothHeadsetClientServiceJni(  960): Cleaning up Bluetooth HFP Client callback object
I/GKI_LINUX(  960): gki_task task_id=1 [BTIF] terminating
I/GKI_LINUX(  960): GKI_exit_task 1 done
I/GKI_LINUX(  960): GKI_shutdown(): task [BTIF] terminated
I/BluetoothServiceJni(  960): cleanupNative: return from cleanup
I/art     (  960): System.exit called, status: 0
I/AndroidRuntime(  960): VM exiting with result code 0, cleanup skipped.
W/ResourcesManager( 1063): Asset path '/system/framework/android.test.runner.jar' does not exist or contains no resources.
I/ContactDirectoryManager(  564): deleted 0 stale rows which don't have any relevant directory
D/IWDS_NATIVE---Uniconnect: AndroidBtDataChannel: (  781): Trace: enter readyForOperation 
D/IWDS_NATIVE---Uniconnect: AndroidBtDataChannel: (  781): Trace: exit readyForOperation 
D/IWDS_NATIVE---Uniconnect: Link: Server: Android BT data channel(  781): Not ready for operation: android BT was disabled
I/ActivityManager(  414): Process com.android.bluetooth (pid 960) has died
I/ContactDirectoryManager(  564): Discovered 0 contact directories in 3435ms
I/ValidateNoPeople(  414): mEvictionCount: 0
I/ContactsProvider(  564): Upgrading aggregation algorithm
I/ContactAggregator(  564): Marked all visible contacts for aggregation: 0 raw contacts, 11 ms
D/IWDS---IWDS( 1063): >>>>>>>>>>>>xml to widgets  ![com.ingenic.launcher.widget.WidgetStatusInfo@2ebf56c2, com.ingenic.launcher.widget.WidgetStatusInfo@ff33cd3]
I/ContactsProvider(  564): Aggregation algorithm upgraded for 0 raw contacts in 110ms
D/IWDS---VoiceReceiver( 1063): ========
D/IWDS---GetContactsTask( 1063): 
I/ActivityManager(  414): Delay finish: com.ingenic.launcher/com.ingenic.amazingvoice.receiver.VoiceReceiver
D/IWDS---SchedulesInfoDao( 1063): dayWeek:----------------------4
D/IWDS---SchedulesInfoDao( 1063): dayMonth:----------------------21
D/IWDS---SchedulesInfoDao( 1063): dateSystem----------------------:2014-08-21
D/IWDS---SchedulesInfoDao( 1063): timeSystem----------------------:21:35
D/IWDS---SchedulesInfoDao( 1063): scheduleInfos.size():----------     0
E/StatusBarIconView(  594): ----66------status_bar_icon_size: 2131558424
W/ResourcesManager(  594): Asset path '/system/framework/android.test.runner.jar' does not exist or contains no resources.
E/StatusBar(  594): ----1300------mRowMaxHeight: 256
I/IWDS---VoiceService( 1063): ========onCreate
D/IWDS---VoiceService( 1063): onStart
D/IWDS---DeviceManagerService(  781): onCreate
E/IWDS_NATIVE---SmartsenseJni: (  781): No gesture sensor, setting to wear on which hand only can be done when gesture sensor exists.
D/IWDS---DeviceManagerService(  781): onBind
D/IWDS---SensorService(  781): onBind()
D/IWDS---VoiceService( 1063): onConnected
E/StatusBar(  594): ----1508------mRowMinHeight: 0
I/ContactsFTS(  564): Rebuild contact search index in 572ms, 0 contacts
D/IWDS_NATIVE---Uniconnect: AndroidBtDataChannel: (  781): Trace: enter readyForOperation 
D/IWDS_NATIVE---Uniconnect: AndroidBtDataChannel: (  781): Trace: exit readyForOperation 
D/IWDS_NATIVE---Uniconnect: Link: Server: Android BT data channel(  781): Not ready for operation: android BT was disabled
D/IWDS---GetContactsTask( 1063): contacts: size0
D/IWDS---GetContactsTask( 1063): mContacts: size0
D/IWDS---GetContactsTask( 1063): 
D/IWDS_NATIVE---Uniconnect: AndroidBtDataChannel: (  781): Trace: enter readyForOperation 
D/IWDS_NATIVE---Uniconnect: AndroidBtDataChannel: (  781): Trace: exit readyForOperation 
D/IWDS_NATIVE---Uniconnect: Link: Server: Android BT data channel(  781): Not ready for operation: android BT was disabled
D/IWDS_NATIVE---Uniconnect: AndroidBtDataChannel: (  781): Trace: enter readyForOperation 
D/IWDS_NATIVE---Uniconnect: AndroidBtDataChannel: (  781): Trace: exit readyForOperation 
D/IWDS_NATIVE---Uniconnect: Link: Server: Android BT data channel(  781): Not ready for operation: android BT was disabled
I/ActivityManager(  414): START u0 {act=android.settings.APPLICATION_DETAILS_SETTINGS dat=package:com.ingenic.launcher flg=0x80000 cmp=com.android.settings/.applications.InstalledAppDetails} from uid 1000 on display 0
V/WindowManager(  414): addAppToken: AppWindowToken{2234cb70 token=Token{15fbb9b3 ActivityRecord{189a3b22 u0 com.android.settings/.applications.InstalledAppDetails t4}}} to stack=1 task=4 at 0
D/PermissionCache(   78): checking android.permission.READ_FRAME_BUFFER for uid=1000 => granted (363 us)
V/WindowManager(  414): Adding window Window{1a472f5d u0 Starting com.android.settings} at 2 of 5 (after Window{2e4dab3 u0 android/com.android.internal.app.ResolverActivity})
E/WindowManager(  414): CCCCCCCCCCCCCCCCCCCCCCCCCCCCCCCCCCCCCCCCCCCCCCCCCCCCCC 
E/WindowManager(  414): dw: 400
E/WindowManager(  414): dh: 400
E/WindowManager(  414): config.orientation: 1
E/WindowManager(  414): Configuration.ORIENTATION_PORTRAIT: 1
E/WindowManager(  414): Configuration.ORIENTATION_LANDSCAPE: 2
W/art     (  414): Long monitor contention event with owner method=void com.android.server.am.ActivityManagerService.activityPaused(android.os.IBinder) from ActivityManagerService.java:6308 waiters=0 for 112ms
W/art     (  414): Long monitor contention event with owner method=void com.android.server.am.ActivityManagerService.activityPaused(android.os.IBinder) from ActivityManagerService.java:6308 waiters=1 for 106ms
I/art     (  414): Background sticky concurrent mark sweep GC freed 9143(789KB) AllocSpace objects, 4(159KB) LOS objects, 14% free, 5MB/6MB, paused 4.694ms total 306.358ms
D/IWDS_NATIVE---Uniconnect: AndroidBtDataChannel: (  781): Trace: enter readyForOperation 
D/IWDS_NATIVE---Uniconnect: AndroidBtDataChannel: (  781): Trace: exit readyForOperation 
D/IWDS_NATIVE---Uniconnect: Link: Server: Android BT data channel(  781): Not ready for operation: android BT was disabled
I/art     (  800): Background sticky concurrent mark sweep GC freed 1623(113KB) AllocSpace objects, 0(0B) LOS objects, 0% free, 1286KB/1286KB, paused 1.975ms total 111.394ms
I/art     (  800): Background partial concurrent mark sweep GC freed 1889(99KB) AllocSpace objects, 0(0B) LOS objects, 26% free, 1438KB/1950KB, paused 1.174ms total 173.930ms
D/IWDS_NATIVE---Uniconnect: AndroidBtDataChannel: (  781): Trace: enter readyForOperation 
D/IWDS_NATIVE---Uniconnect: AndroidBtDataChannel: (  781): Trace: exit readyForOperation 
D/IWDS_NATIVE---Uniconnect: Link: Server: Android BT data channel(  781): Not ready for operation: android BT was disabled
D/OpenGLRenderer(  800): Use EGL_SWAP_BEHAVIOR_PRESERVED: true
D/Atlas   (  800): Validating map...
V/WindowManager(  414): Adding window Window{22e22afc u0 com.android.settings/com.android.settings.applications.InstalledAppDetails} at 2 of 6 (before Window{1a472f5d u0 Starting com.android.settings})
I/OpenGLRenderer(  800): Initialized EGL, version 1.4
D/OpenGLRenderer(  800): Enabling debug mode 0
E/BufferQueueProducer(   78): [com.android.settings/com.android.settings.applications.InstalledAppDetails] dequeueBuffer: can't dequeue multiple buffers without setting the buffer count
W/ResourceType(  800): No package identifier when getting value for resource number 0x00000000
W/PackageManager(  800): Failure retrieving resources for com.android.providers.media: Resource ID #0x0
W/ResourceType(  800): No package identifier when getting value for resource number 0x00000000
W/PackageManager(  800): Failure retrieving resources for com.android.wallpapercropper: Resource ID #0x0
W/ResourceType(  800): No package identifier when getting value for resource number 0x00000000
W/PackageManager(  800): Failure retrieving resources for com.android.documentsui: Resource ID #0x0
D/IWDS_NATIVE---Uniconnect: AndroidBtDataChannel: (  781): Trace: enter readyForOperation 
D/IWDS_NATIVE---Uniconnect: AndroidBtDataChannel: (  781): Trace: exit readyForOperation 
D/IWDS_NATIVE---Uniconnect: Link: Server: Android BT data channel(  781): Not ready for operation: android BT was disabled
W/ResourceType(  800): No package identifier when getting value for resource number 0x00000000
W/PackageManager(  800): Failure retrieving resources for com.android.externalstorage: Resource ID #0x0
W/ResourceType(  800): No package identifier when getting value for resource number 0x00000000
W/PackageManager(  800): Failure retrieving resources for com.android.htmlviewer: Resource ID #0x0
I/ActivityManager(  414): Displayed com.android.settings/.applications.InstalledAppDetails: +2s739ms
I/Choreographer(  800): Skipped 45 frames!  The application may be doing too much work on its main thread.
W/ResourceType(  800): No package identifier when getting value for resource number 0x00000000
W/PackageManager(  800): Failure retrieving resources for com.android.defcontainer: Resource ID #0x0
W/ResourceType(  800): No package identifier when getting value for resource number 0x00000000
W/PackageManager(  800): Failure retrieving resources for com.android.pacprocessor: Resource ID #0x0
W/ResourceType(  800): No package identifier when getting value for resource number 0x00000000
W/PackageManager(  800): Failure retrieving resources for com.android.certinstaller: Resource ID #0x0
W/ResourceType(  800): No package identifier when getting value for resource number 0x00000000
W/PackageManager(  800): Failure retrieving resources for com.android.backupconfirm: Resource ID #0x0
W/ResourceType(  800): No package identifier when getting value for resource number 0x00000000
