W/art     (  414): Verification of void com.android.server.wifi.WifiStateMachine.<init>(android.content.Context, java.lang.String, com.android.server.wifi.WifiTrafficPoller) took 233.124ms
E/WifiConfigStore(  414): associatedPartialScanPeriodMilli set to 20000
D/WifiController(  414): isAirplaneModeOn = false, isWifiEnabled = false, isScanningAvailable = false
I/WifiService(  414): Registering wifi
I/SystemServiceManager(  414): Starting com.android.server.wifi.WifiScanningService
I/WifiScanningService(  414): Creating wifiscanner
I/WifiScanningService(  414): Starting wifiscanner
I/SystemServiceManager(  414): Starting com.android.server.wifi.RttService
I/RttService(  414): Creating rttmanager
I/RttService(  414): Starting rttmanager
I/SystemServer(  414): Connectivity Service
D/ConnectivityService(  414): ConnectivityService starting up
I/art     (  414): Background sticky concurrent mark sweep GC freed 5878(416KB) AllocSpace objects, 0(0B) LOS objects, 9% free, 3MB/3MB, paused 5.095ms total 115.653ms
D/ConnectivityService(  414): wifiOnly=false
E/ConnectivityService(  414): Ignoring protectedNetwork 10
E/ConnectivityService(  414): Ignoring protectedNetwork 11
E/ConnectivityService(  414): Ignoring protectedNetwork 12
I/SystemServer(  414): Network Service Discovery Service
D/NsdService(  414): Network service discovery enabled true
I/SystemServer(  414): UpdateLock Service
I/SystemServiceManager(  414): Starting com.android.server.notification.NotificationManagerService
D/ZenLog  (  414): set_zen_mode: off,setting
I/SystemServiceManager(  414): Starting com.android.server.storage.DeviceStorageMonitorService
I/SystemServer(  414): Location Manager
I/SystemServer(  414): Country Detector
I/art     (  414): Background partial concurrent mark sweep GC freed 6416(438KB) AllocSpace objects, 0(0B) LOS objects, 19% free, 3MB/4MB, paused 4.592ms total 243.757ms
I/SystemServer(  414): Search Service
I/SystemServer(  414): DropBox Service
I/SystemServer(  414): Wallpaper Service
W/WallpaperManagerService(  414): no current wallpaper -- first boot?
I/SystemServer(  414): Audio Service
W/TelecomManager(  414): Telecom Service not found.
I/SystemServiceManager(  414): Starting com.android.server.DockObserver
W/DockObserver(  414): This kernel does not have dock station support
I/SystemServer(  414): Wired Accessory Manager
W/WiredAccessoryManager(  414): This kernel does not have usb audio support
W/WiredAccessoryManager(  414): This kernel does not have HDMI audio support
I/SystemServiceManager(  414): Starting com.android.server.usb.UsbService$Lifecycle
E/UsbDeviceManager(  414): failed to write to /sys/class/android_usb/android0/f_rndis/ethaddr
I/SystemServer(  414): Serial Service
I/SystemServiceManager(  414): Starting com.android.server.twilight.TwilightService
I/SystemServiceManager(  414): Starting com.android.server.UiModeManagerService
I/SystemServiceManager(  414): Starting com.android.server.job.JobSchedulerService
I/SystemServiceManager(  414): Starting com.android.server.backup.BackupManagerService$Lifecycle
I/SystemServiceManager(  414): Starting com.android.server.appwidget.AppWidgetService
I/art     (  414): Background sticky concurrent mark sweep GC freed 5614(363KB) AllocSpace objects, 0(0B) LOS objects, 13% free, 4MB/4MB, paused 7.556ms total 113.496ms
I/SystemServiceManager(  414): Starting com.android.server.voiceinteraction.VoiceInteractionManagerService
W/SoundTriggerHelper(  414): listModules status=0, # of modules=0
I/SystemServer(  414): DiskStats Service
I/SystemServer(  414): SamplingProfiler Service
I/SystemServer(  414): NetworkTimeUpdateService
I/SystemServer(  414): CommonTimeManagementService
I/SystemServer(  414): CertBlacklister
I/SystemServiceManager(  414): Starting com.android.server.dreams.DreamManagerService
I/SystemServer(  414): Assets Atlas Service
I/SystemServiceManager(  414): Starting com.android.server.print.PrintManagerService
D/AssetAtlas(  414): Computing best atlas configuration...
D/AssetAtlas(  414): Running Thread-60
I/SystemServiceManager(  414): Starting com.android.server.restrictions.RestrictionsManagerService
D/AssetAtlas(  414): Found best atlas configuration in 0.02s
D/AssetAtlas(  414): Loaded configuration: SliceMinArea (768x768) flags=0x2 count=2
I/SystemServiceManager(  414): Starting com.android.server.media.MediaSessionService
I/SystemServer(  414): Media Router Service
I/SystemServiceManager(  414): Starting com.android.server.trust.TrustManagerService
I/SystemServiceManager(  414): Starting com.android.server.fingerprint.FingerprintService
V/Fingerprint-JNI(  414): nativeInit()
V/Fingerprint-JNI(  414): nativeOpenHal()
E/Fingerprint-JNI(  414): Can't open fingerprint HW Module, error: -2
I/SystemServer(  414): BackgroundDexOptService
I/SystemServiceManager(  414): Starting com.android.server.pm.LauncherAppsService
I/SystemServiceManager(  414): Starting com.android.server.media.projection.MediaProjectionManagerService
I/WindowManager(  414): SAFE MODE not enabled
I/SystemServiceManager(  414): Starting com.android.server.MmsServiceBroker
E/SQLiteLog(  414): (1) no such table: locksettings
I/LockSettingsService(  414): Migrated lock settings to new location
I/LockSettingsService(  414): Migrated per-user lock settings to new location
E/LockSettingsStorage(  414): Cannot read file java.io.FileNotFoundException: /data/system/password.key: open failed: ENOENT (No such file or directory)
E/LockSettingsStorage(  414): Cannot read file java.io.FileNotFoundException: /data/system/gesture.key: open failed: ENOENT (No such file or directory)
I/SystemServiceManager(  414): Starting phase 480
D/AssetAtlas(  414): Rendered atlas in 333.32ms (0.42+332.90ms)
I/SystemServiceManager(  414): Starting phase 500
I/WifiService(  414): WifiService starting up with Wi-Fi disabled
I/art     (  414): Background partial concurrent mark sweep GC freed 7049(476KB) AllocSpace objects, 1(16KB) LOS objects, 19% free, 4MB/5MB, paused 7.390ms total 438.800ms
D/WifiService(  414): New client listening to asynchronous messages
I/WifiScanningService(  414): Registering wifiscanner
D/WifiScanningService(  414): New client, channel: null messenger: null
D/WifiScanningService(  414): DefaultState
D/WifiChangeStateMachine(  414): Entering IdleState
I/RttService(  414): Registering rttmanager
I/ActivityManager(  414): Config changes=200 {1.0 ?mcc?mnc en_US ?layoutDir sw400dp w400dp h375dp 160dpi smll port finger -keyb/h/h -nav/h s.4}
V/BackupManagerService(  414): No ancestral data
D/BackupManagerService(  414): Now staging backup of com.android.browser
D/BackupManagerService(  414): Now staging backup of android
D/BackupManagerService(  414): Now staging backup of com.android.providers.settings
D/BackupManagerService(  414): Now staging backup of com.android.sharedstoragebackup
D/BackupManagerService(  414): Now staging backup of com.android.providers.userdictionary
V/BackupManagerService(  414): Starting with transport android/com.android.internal.backup.LocalTransport
V/BackupManagerService(  414): Found transports: 1
I/BackupManagerService(  414): Binding to transport host ComponentInfo{android/com.android.internal.backup.LocalTransportService}
E/WindowManager(  414): CCCCCCCCCCCCCCCCCCCCCCCCCCCCCCCCCCCCCCCCCCCCCCCCCCCCCC 
E/WindowManager(  414): dw: 400
E/WindowManager(  414): dh: 400
E/WindowManager(  414): config.orientation: 1
E/WindowManager(  414): Configuration.ORIENTATION_PORTRAIT: 1
E/WindowManager(  414): Configuration.ORIENTATION_LANDSCAPE: 2
I/DisplayManagerService(  414): Display device changed: DisplayDeviceInfo{"Built-in Screen": uniqueId="local:0", 400 x 400, 60.000004 fps, supportedRefreshRates [60.000004], density 160, 327.741 x 327.741 dpi, appVsyncOff 0, presDeadline 17666666, touch INTERNAL, rotation 0, type BUILT_IN, state ON, FLAG_DEFAULT_DISPLAY, FLAG_ROTATES_WITH_CONTENT, FLAG_SECURE, FLAG_SUPPORTS_PROTECTED_BUFFERS}
D/SurfaceFlinger(   78): Set power mode=2, type=0 flinger=0x76c82000
D/SurfaceFlinger(   78): Screen type=0 is already mode=2
I/ActivityManager(  414): Sending system update to ComponentInfo{com.android.providers.contacts/com.android.providers.contacts.ContactsUpgradeReceiver} for user 0
I/ActivityManager(  414): Sending system update to ComponentInfo{com.android.managedprovisioning/com.android.managedprovisioning.PreBootListener} for user 0
I/ActivityManager(  414): Sending system update to ComponentInfo{com.android.providers.media/com.android.providers.media.MediaUpgradeReceiver} for user 0
I/ActivityManager(  414): Sending system update to ComponentInfo{com.android.settings/com.android.settings.ManagedProfileSetup} for user 0
I/SystemServer(  414): Enabled StrictMode for system server main thread.
I/Zygote  (  414): Process: zygote socket opened, supported ABIS: mips,mips
I/art     (  414): Background sticky concurrent mark sweep GC freed 6284(454KB) AllocSpace objects, 1(16KB) LOS objects, 16% free, 4MB/5MB, paused 1.860ms total 116.964ms
I/ActivityManager(  414): Start proc 488:android.process.acore/u0a1 for broadcast com.android.providers.contacts/.ContactsUpgradeReceiver
V/ActivityManager(  414): Display changed displayId=0
W/art     (  414): Long monitor contention event with owner method=void com.android.server.am.BroadcastQueue.processNextBroadcast(boolean) from BroadcastQueue.java:542 waiters=1 for 144ms
D/WifiScanningService(  414): SCAN_AVAILABLE : 1
D/WifiScanningService(  414): DefaultState got{ when=-2ms what=160007 target=com.android.internal.util.StateMachine$SmHandler }
D/RttService(  414): SCAN_AVAILABLE : 1
D/RttService(  414): DefaultState got{ when=-2ms what=160513 target=com.android.internal.util.StateMachine$SmHandler }
W/art     (  488): Suspending all threads took: 5.747ms
I/art     (  488): Background sticky concurrent mark sweep GC freed 1074(48KB) AllocSpace objects, 0(0B) LOS objects, 79% free, 126KB/605KB, paused 12.920ms total 96.114ms
I/ActivityManager(  414): Launching preboot mode app: ProcessRecord{1ef1d71c 488:android.process.acore/u0a1}
V/ActivityManager(  414): Display changed displayId=0
V/ActivityManager(  414): Display changed displayId=0
V/BackupManagerService(  414): Connected to transport ComponentInfo{android/com.android.internal.backup.LocalTransportService}
V/BackupManagerService(  414): Registering transport android/com.android.internal.backup.LocalTransportService::android/com.android.internal.backup.LocalTransport = android.app.backup.BackupTransport$TransportImpl@182b4f25
W/art     (  488): Suspending all threads took: 6.905ms
I/ContactsUpgradeReceiver(  488): Creating or opening contacts database
I/ContactsDatabaseHelper(  488): Bootstrapping database version: 910
I/ContactsProviderV1(  488): Bootstrapping database legacy support
I/ContactsDatabaseHelper(  488): Bootstrapping database version: 910
I/ContactsProviderV1(  488): Bootstrapping database legacy support
I/ContactsProvider(  488): Locale has changed from null to en-US
I/ContactsDatabaseHelper(  488): Switching to locale en-US (ICU v53.1.0.1)
I/ContactsDatabaseHelper(  488): Locale change completed in 314ms
I/ContactsDatabaseHelper(  488): Switching to locale en-US (ICU v53.1.0.1)
I/ContactsDatabaseHelper(  488): Locale change completed in 296ms
I/ActivityManager(  414): Start proc 512:com.android.managedprovisioning/u0a4 for broadcast com.android.managedprovisioning/.PreBootListener
I/ActivityManager(  414): Launching preboot mode app: ProcessRecord{182c28fa 512:com.android.managedprovisioning/u0a4}
I/ActivityManager(  414): Start proc 528:android.process.media/u0a5 for broadcast com.android.providers.media/.MediaUpgradeReceiver
I/ActivityManager(  414): Launching preboot mode app: ProcessRecord{2aa5ceab 528:android.process.media/u0a5}
I/ActivityManager(  414): Start proc 544:com.android.settings/1000 for broadcast com.android.settings/.ManagedProfileSetup
I/ActivityManager(  414): Launching preboot mode app: ProcessRecord{30d34908 544:com.android.settings/1000}
I/ActivityManager(  414): Removing system update proc: ProcessRecord{1ef1d71c 488:android.process.acore/u0a1}
I/ActivityManager(  414): Killing 488:android.process.acore/u0a1 (adj 15): system update done
I/art     (  414): Background partial concurrent mark sweep GC freed 4375(506KB) AllocSpace objects, 6(207KB) LOS objects, 19% free, 4MB/5MB, paused 1.762ms total 131.448ms
I/ActivityManager(  414): Removing system update proc: ProcessRecord{182c28fa 512:com.android.managedprovisioning/u0a4}
I/ActivityManager(  414): Killing 512:com.android.managedprovisioning/u0a4 (adj 13): system update done
I/ActivityManager(  414): Removing system update proc: ProcessRecord{2aa5ceab 528:android.process.media/u0a5}
I/ActivityManager(  414): Killing 528:android.process.media/u0a5 (adj 11): system update done
I/ActivityManager(  414): Removing system update proc: ProcessRecord{30d34908 544:com.android.settings/1000}
I/ActivityManager(  414): Killing 544:com.android.settings/1000 (adj 9): system update done
I/ActivityManager(  414): System now ready
W/art     (  414): Long monitor contention event with owner method=void com.android.server.am.ActivityManagerService.systemReady(java.lang.Runnable) from ActivityManagerService.java:11248 waiters=0 for 269ms
W/ActivityManager(  414): Spurious death for ProcessRecord{1ef1d71c 488:android.process.acore/u0a1}, curProc for 488: null
W/ActivityManager(  414): Spurious death for ProcessRecord{182c28fa 512:com.android.managedprovisioning/u0a4}, curProc for 512: null
W/ActivityManager(  414): Spurious death for ProcessRecord{2aa5ceab 528:android.process.media/u0a5}, curProc for 528: null
W/ActivityManager(  414): Spurious death for ProcessRecord{30d34908 544:com.android.settings/1000}, curProc for 544: null
I/SystemServer(  414): Making services ready
I/SystemServiceManager(  414): Starting phase 550
I/Telecom (  414): TelecomGlobals: TelecomGlobals initializing
I/SystemServer(  414): WebViewFactory preparation
I/ActivityManager(  414): Start proc 564:android.process.acore/u0a1 for content provider com.android.providers.contacts/.CallLogProvider
I/ActivityManager(  414): Start proc 579:WebViewLoader-mips/1037 [android.webkit.WebViewFactory$RelroFileCreator] for 
W/art     (  414): Long monitor contention event with owner method=android.app.IActivityManager$ContentProviderHolder com.android.server.am.ActivityManagerService.getContentProviderImpl(android.app.IApplicationThread, java.lang.String, android.os.IBinder, boolean, int) from ActivityManagerService.java:9159 waiters=2 for 164ms
V/WebViewFactory(  579): RelroFileCreator (64bit = false),  32-bit lib: /system/app/webview/lib/mips/libwebviewchromium.so, 64-bit lib: 
I/ActivityManager(  414): Start proc 594:com.android.systemui/u0a8 for service com.android.systemui/.SystemUIService
W/MountService(  414): Duplicate state transition (mounted -> mounted) for /storage/emulated/0
W/art     (  414): Long monitor contention event with owner method=int com.android.server.am.ActivityManagerService.startIsolatedProcess(java.lang.String, java.lang.String[], java.lang.String, java.lang.String, int, java.lang.Runnable) from ActivityManagerService.java:2741 waiters=2 for 161ms
D/BluetoothManagerService(  414): Message: 20
D/BluetoothManagerService(  414): Added callback: android.bluetooth.BluetoothAdapter$1@2c673f4c:true
D/BluetoothManagerService(  414): Message: 30
D/BluetoothManagerService(  414): Trying to bind to profile: 1, while Bluetooth was disabled
D/NetworkManagementService(  414): enabling bandwidth control
I/Telecom (  414): TelecomGlobals: CallsManager initialized
W/ContextImpl(  414): Calling a method in the system process without a qualified user: android.app.ContextImpl.startService:1692 android.content.ContextWrapper.startService:516 com.android.server.telecom.BluetoothPhoneService.start:440 com.android.server.telecom.TelecomGlobals.initialize:93 com.android.server.telecom.TelecomService.onCreate:164 
I/ValidateNoPeople(  414): skipping global notification
I/ValidateNoPeople(  414): skipping global notification
D/BluetoothManagerService(  414): Message: 30
D/BluetoothManagerService(  414): Trying to bind to profile: 1, while Bluetooth was disabled
V/SystemUIService(  594): Starting SystemUI services.
W/art     (  564): Suspending all threads took: 8.670ms
I/art     (  564): Background sticky concurrent mark sweep GC freed 3608(162KB) AllocSpace objects, 0(0B) LOS objects, 30% free, 422KB/605KB, paused 9.836ms total 124.788ms
I/art     (  564): Background partial concurrent mark sweep GC freed 1456(73KB) AllocSpace objects, 0(0B) LOS objects, 50% free, 503KB/1015KB, paused 1.194ms total 160.198ms
V/FingerprintService(  414): startListening(android.service.fingerprint.IFingerprintServiceReceiver$Stub$Proxy@363bfde0)
E/OMXMaster(   86): A component of name 'OMX.LUMEVideoDecoder' already exists, ignoring this one.
E/OMXMaster(   86): A component of name 'OMX.LUMEVideoDecoder' already exists, ignoring this one.
E/OMXMaster(   86): A component of name 'OMX.LUMEVideoDecoder' already exists, ignoring this one.
W/art     (  594): Suspending all threads took: 36.729ms
I/art     (  579): System.exit called, status: 0
I/AndroidRuntime(  579): VM exiting with result code 0, cleanup skipped.
E/NetdConnector(  414): NDC Command {1 bandwidth enable} took too long (1728ms)
I/HardOMXPlugin(   86): ### hard  makeComponentInstance 'OMX.LUMEAudioDecoder'
I/        (   86): ########get handle, lib:libstagefright_hard_alume.so
I/HardOMXPlugin(   86): ### hard  makeComponentInstance 'OMX.LUMEVideoDecoder'
I/        (   86): ########get handle, lib:libstagefright_hard_vlume.so
W/art     (  564): Long monitor contention event with owner method=long android.database.sqlite.SQLiteConnection.nativeOpen(java.lang.String, int, java.lang.String, boolean, boolean) from SQLiteConnection.java:4294967294 waiters=0 for 703ms
E/        (   86): HWVideoDecoder::HWVideoDecoder this:0x7546dca0
E/HWColorConverter(   86): HWColorConverter::HWColorConverter this:0x757414c0
E/HardOMXComponent(   86): HardOMXComponent::GetExtensionIndexWrapper go soft
E/HardOMXComponent(   86): HardOMXComponent::GetExtensionIndexWrapper go soft
E/OMXNodeInstance(   86): getExtensionIndex(f:LUMEVideoDecoder, OMX.google.android.index.storeMetaDataInBuffers) ERROR: Undefined(0x80001001)
E/HardOMXComponent(   86): HardOMXComponent::GetExtensionIndexWrapper go soft
E/OMXNodeInstance(   86): getExtensionIndex(f:LUMEVideoDecoder, OMX.google.android.index.prepareForAdaptivePlayback) ERROR: Undefined(0x80001001)
E/        (   86): HWMultiThreadImpl::~HWMultiThreadImpl this:0x754747c0 in
E/        (   86): HWVideoDecoder::~HWVideoDecoder this:0x7546dca0 in
E/        (   86): HWVideoDecoder::~HWVideoDecoder this:0x7546dca0 out
E/HWColorConverter(   86): HWColorConverter::~HWColorConverter this:0x757414c0 in
E/HWColorConverter(   86): HWColorConverter::~HWColorConverter this:0x757414c0 out
E/        (   86): HWMultiThreadImpl::~HWMultiThreadImpl this:0x754747c0 out
I/HardOMXPlugin(   86): ### hard  makeComponentInstance 'OMX.LUMEVideoDecoder'
I/        (   86): ########get handle, lib:libstagefright_hard_vlume.so
E/        (   86): HWVideoDecoder::HWVideoDecoder this:0x7546dca0
E/HWColorConverter(   86): HWColorConverter::HWColorConverter this:0x757414c0
E/HardOMXComponent(   86): HardOMXComponent::GetExtensionIndexWrapper go soft
E/HardOMXComponent(   86): HardOMXComponent::GetExtensionIndexWrapper go soft
E/OMXNodeInstance(   86): getExtensionIndex(10:LUMEVideoDecoder, OMX.google.android.index.storeMetaDataInBuffers) ERROR: Undefined(0x80001001)
E/HardOMXComponent(   86): HardOMXComponent::GetExtensionIndexWrapper go soft
E/OMXNodeInstance(   86): getExtensionIndex(10:LUMEVideoDecoder, OMX.google.android.index.prepareForAdaptivePlayback) ERROR: Undefined(0x80001001)
E/        (   86): HWMultiThreadImpl::~HWMultiThreadImpl this:0x754747c0 in
E/        (   86): HWVideoDecoder::~HWVideoDecoder this:0x7546dca0 in
E/        (   86): HWVideoDecoder::~HWVideoDecoder this:0x7546dca0 out
E/HWColorConverter(   86): HWColorConverter::~HWColorConverter this:0x757414c0 in
E/HWColorConverter(   86): HWColorConverter::~HWColorConverter this:0x757414c0 out
E/        (   86): HWMultiThreadImpl::~HWMultiThreadImpl this:0x754747c0 out
I/HardOMXPlugin(   86): ### hard  makeComponentInstance 'OMX.LUMEVideoDecoder'
I/        (   86): ########get handle, lib:libstagefright_hard_vlume.so
E/        (   86): HWVideoDecoder::HWVideoDecoder this:0x7546dca0
E/HWColorConverter(   86): HWColorConverter::HWColorConverter this:0x757414c0
E/HardOMXComponent(   86): HardOMXComponent::GetExtensionIndexWrapper go soft
E/HardOMXComponent(   86): HardOMXComponent::GetExtensionIndexWrapper go soft
E/OMXNodeInstance(   86): getExtensionIndex(11:LUMEVideoDecoder, OMX.google.android.index.storeMetaDataInBuffers) ERROR: Undefined(0x80001001)
E/HardOMXComponent(   86): HardOMXComponent::GetExtensionIndexWrapper go soft
E/OMXNodeInstance(   86): getExtensionIndex(11:LUMEVideoDecoder, OMX.google.android.index.prepareForAdaptivePlayback) ERROR: Undefined(0x80001001)
E/        (   86): HWMultiThreadImpl::~HWMultiThreadImpl this:0x754747c0 in
E/        (   86): HWVideoDecoder::~HWVideoDecoder this:0x7546dca0 in
E/        (   86): HWVideoDecoder::~HWVideoDecoder this:0x7546dca0 out
E/HWColorConverter(   86): HWColorConverter::~HWColorConverter this:0x757414c0 in
E/HWColorConverter(   86): HWColorConverter::~HWColorConverter this:0x757414c0 out
E/        (   86): HWMultiThreadImpl::~HWMultiThreadImpl this:0x754747c0 out
I/HardOMXPlugin(   86): ### hard  makeComponentInstance 'OMX.ingenic.x264.encoder'
I/        (   86): ########get handle, lib:libstagefright_hard_x264hwenc.so
V/HardAVCEncoder(   86): mVideoWidth=176,mVideoHeight=144,kInputBufferSize=38016
I/HardAVCEncoder(   86): Construct HardAVCEncoder
E/HardOMXComponent(   86): HardOMXComponent::GetExtensionIndexWrapper go soft
E/HardOMXComponent(   86): HardOMXComponent::GetExtensionIndexWrapper go soft
E/HardOMXComponent(   86): HardOMXComponent::GetExtensionIndexWrapper go soft
W/ACodec  (   86): do not know color format 0x7f000789 = 2130708361
V/HardAVCEncoder(   86): Destruct HardAVCEncoder
W/OMXNodeInstance(   86): [13:google.mpeg4.decoder] component does not support metadata mode; using fallback
W/OMXNodeInstance(   86): [14:google.h263.decoder] component does not support metadata mode; using fallback
W/OMXNodeInstance(   86): [15:google.h264.decoder] component does not support metadata mode; using fallback
D/SoftHEVC(   86): Number of CPU cores: 1
D/SoftHEVC(   86): Initializing decoder
D/SoftHEVC(   86): Set number of cores to 1
D/SoftHEVC(   86): Ittiam decoder version number: @(#)Id:HEVCDEC_production Ver:04.01 Released by ITTIAM Build: Aug 17 2016 @ 10:54:33
W/OMXNodeInstance(   86): [16:google.hevc.decoder] component does not support metadata mode; using fallback
D/SoftHEVC(   86): Freeing codec memory
D/SoftHEVC(   86): Number of CPU cores: 1
D/SoftHEVC(   86): Initializing decoder
D/SoftHEVC(   86): Set number of cores to 1
D/SoftHEVC(   86): Ittiam decoder version number: @(#)Id:HEVCDEC_production Ver:04.01 Released by ITTIAM Build: Aug 17 2016 @ 10:54:33
D/SoftHEVC(   86): In SoftHEVC::~SoftHEVC
D/SoftHEVC(   86): Freeing codec memory
W/OMXNodeInstance(   86): [17:google.vp8.decoder] component does not support metadata mode; using fallback
W/OMXNodeInstance(   86): [18:google.vp9.decoder] component does not support metadata mode; using fallback
I/SoftMPEG4Encoder(   86): Construct SoftMPEG4Encoder
W/ACodec  (   86): do not know color format 0x7f000789 = 2130708361
I/SoftAVCEncoder(   86): Construct SoftAVCEncoder
W/ACodec  (   86): do not know color format 0x7f000789 = 2130708361
I/SoftMPEG4Encoder(   86): Construct SoftMPEG4Encoder
W/ACodec  (   86): do not know color format 0x7f000789 = 2130708361
W/ACodec  (   86): do not know color format 0x7f000789 = 2130708361
I/HardOMXPlugin(   86): ### hard  makeComponentInstance 'OMX.LUMEAudioDecoder'
I/        (   86): ########get handle, lib:libstagefright_hard_alume.so
E/HWAudioDec(   86): onQueueFilled initDecoder
E/lume_audio_dec(   86): sh_audio->codec->drv=ffmpeg dll=vorbis
D/PermissionMonitor(  414): Monitoring
D/PermissionMonitor(  414): Users: 1, Apps: 44
D/BluetoothManagerService(  414): Trying to bind to profile: 1, while Bluetooth was disabled
D/BluetoothManagerService(  414): Message: 30
D/BluetoothManagerService(  414): Message: 30
I/SystemServiceManager(  414): Starting phase 600
D/ZenLog  (  414): downtime: Autotrigger skipped: not in downtime
I/BackupManagerService(  414): Backup enabled => false
I/BackupManagerService(  414): Opting out of backup
E/lume_audio_dec(   86): Error: Audio dec failed with negative out len!
W/HWAudioDec(   86): decoder returned error 1, substituting silence
E/lume_audio_dec(   86): Error: Audio dec failed with negative out len!
E/HWAudioDec(   86): Error: audio decode failed with outputlen:0
E/InputMethodManagerService(  414): Ignoring setImeWindowStatus due to an invalid token. uid:1000 token:null
W/InputMethodManagerService(  414): Reset the default IME as "Resource" is ready here.
I/HardOMXPlugin(   86): ### hard  makeComponentInstance 'OMX.LUMEAudioDecoder'
I/        (   86): ########get handle, lib:libstagefright_hard_alume.so
E/HWAudioDec(   86): onQueueFilled initDecoder
E/lume_audio_dec(   86): sh_audio->codec->drv=ffmpeg dll=vorbis
E/lume_audio_dec(   86): Error: Audio dec failed with negative out len!
I/HWAudioDec(   86): Reconfiguring decoder: 48000 Hz, 2 channels
V/SimpleHardOMXComponent(   86): Port 1 now disabled.
V/SimpleHardOMXComponent(   86): Port 1 now enabled.
E/lume_audio_dec(   86): Error: Audio dec failed with negative out len!
E/HWAudioDec(   86): Error: audio decode failed with outputlen:0
I/InputMethodManagerService(  414): Selected default: com.android.inputmethod.latin/.LatinIME
E/MediaExtractor(   86): [close xbdemux] DLCNT=1 lumeHandle=72d0ebc4
I/art     (  414): Background sticky concurrent mark sweep GC freed 10867(789KB) AllocSpace objects, 0(0B) LOS objects, 10% free, 5MB/5MB, paused 10.119ms total 417.603ms
I/HardOMXPlugin(   86): ### hard  makeComponentInstance 'OMX.LUMEAudioDecoder'
I/        (   86): ########get handle, lib:libstagefright_hard_alume.so
E/MediaExtractor(   86): [close xbdemux] DLCNT=1 lumeHandle=72d0ebc4
E/WindowManager(  414): CCCCCCCCCCCCCCCCCCCCCCCCCCCCCCCCCCCCCCCCCCCCCCCCCCCCCC 
E/WindowManager(  414): dw: 400
E/WindowManager(  414): dh: 400
E/WindowManager(  414): config.orientation: 1
E/WindowManager(  414): Configuration.ORIENTATION_PORTRAIT: 1
E/WindowManager(  414): Configuration.ORIENTATION_LANDSCAPE: 2
E/HWAudioDec(   86): onQueueFilled initDecoder
E/lume_audio_dec(   86): sh_audio->codec->drv=ffmpeg dll=vorbis
I/ActivityManager(  414): Config changes=20 {1.0 ?mcc?mnc en_US ?layoutDir sw400dp w400dp h375dp 160dpi smll port finger -keyb/v/h -nav/h s.5}
E/lume_audio_dec(   86): Error: Audio dec failed with negative out len!
W/HWAudioDec(   86): decoder returned error 1, substituting silence
E/lume_audio_dec(   86): Error: Audio dec failed with negative out len!
E/HWAudioDec(   86): Error: audio decode failed with outputlen:0
I/HardOMXPlugin(   86): ### hard  makeComponentInstance 'OMX.LUMEAudioDecoder'
I/        (   86): ########get handle, lib:libstagefright_hard_alume.so
I/art     (   89): Background concurrent mark sweep GC freed 784(33KB) AllocSpace objects, 0(0B) LOS objects, 84% free, 93KB/605KB, paused 410us total 131.328ms
E/HWAudioDec(   86): onQueueFilled initDecoder
E/lume_audio_dec(   86): sh_audio->codec->drv=ffmpeg dll=vorbis
E/lume_audio_dec(   86): Error: Audio dec failed with negative out len!
I/HWAudioDec(   86): Reconfiguring decoder: 48000 Hz, 1 channels
V/SimpleHardOMXComponent(   86): Port 1 now disabled.
V/SimpleHardOMXComponent(   86): Port 1 now enabled.
I/ActivityManager(  414): Start proc 749:com.android.inputmethod.latin/u0a27 for service com.android.inputmethod.latin/.LatinIME
V/InputMethodManagerService(  414): Adding window token: android.os.Binder@28396748
W/art     (  414): Long monitor contention event with owner method=int java.lang.String.fastIndexOf!(int, int) from String.java:4294967294 waiters=0 for 289ms
W/InputMethodManagerService(  414): Illegal subtype state: old subtype = null, new subtype = android.view.inputmethod.InputMethodSubtype@c9194f98
V/ActivityManager(  414): Display changed displayId=0
E/MediaExtractor(   86): [close xbdemux] DLCNT=1 lumeHandle=72d0ebc4
E/lume_audio_dec(   86): Error: Audio dec failed with negative out len!
E/HWAudioDec(   86): Error: audio decode failed with outputlen:0
W/art     (  594): Suspending all threads took: 5.204ms
D/GpsLocationProvider(  414): Reset GPS properties, previous size = 0
D/GpsLocationProvider(  414): GpsParamsResource: SUPL_HOST=supl.google.com
D/GpsLocationProvider(  414): GpsParamsResource: SUPL_PORT=7275
D/GpsLocationProvider(  414): GpsParamsResource: NTP_SERVER=north-america.pool.ntp.org
D/GpsLocationProvider(  414): GpsParamsResource: SUPL_VER=0x20000
D/GpsLocationProvider(  414): GpsParamsResource: SUPL_MODE=1
W/GpsLocationProvider(  414): Could not open GPS configuration file /etc/gps.conf
D/GpsLocationProvider(  414): GPS properties reloaded, size = 5
E/GpsLocationProvider(  414): no AGPS interface in set_agps_server
E/GpsLocationProvider(  414): no GPS configuration interface in configuraiton_update
D/GpsLocationProvider(  414): final config = #Thu Aug 21 21:35:14 GMT+08:00 2014
D/GpsLocationProvider(  414): SUPL_VER=0x20000
D/GpsLocationProvider(  414): SUPL_HOST=supl.google.com
D/GpsLocationProvider(  414): NTP_SERVER=north-america.pool.ntp.org
D/GpsLocationProvider(  414): SUPL_PORT=7275
D/GpsLocationProvider(  414): SUPL_MODE=1
E/MediaExtractor(   86): [close xbdemux] DLCNT=1 lumeHandle=72d0ebc4
I/art     (  594): Background sticky concurrent mark sweep GC freed 1633(149KB) AllocSpace objects, 0(0B) LOS objects, 25% free, 716KB/962KB, paused 6.456ms total 251.458ms
I/HardOMXPlugin(   86): ### hard  makeComponentInstance 'OMX.LUMEAudioDecoder'
I/        (   86): ########get handle, lib:libstagefright_hard_alume.so
W/LocationManagerService(  414): no network location provider found
I/art     (   89): Explicit concurrent mark sweep GC freed 709(30KB) AllocSpace objects, 0(0B) LOS objects, 84% free, 92KB/604KB, paused 475us total 335.042ms
W/ResourcesManager(  414): Asset path '/system/framework/com.android.location.provider.jar' does not exist or contains no resources.
E/HWAudioDec(   86): onQueueFilled initDecoder
E/lume_audio_dec(   86): sh_audio->codec->drv=ffmpeg dll=vorbis
E/LocationManagerService(  414): no geocoder provider found
E/FlpHardwareProvider(  414): Error hw_get_module 'flp': -2
E/LocationManagerService(  414): FLP HAL not supported
E/lume_audio_dec(   86): Error: Audio dec failed with negative out len!
I/HWAudioDec(   86): Reconfiguring decoder: 48000 Hz, 2 channels
V/SimpleHardOMXComponent(   86): Port 1 now disabled.
V/SimpleHardOMXComponent(   86): Port 1 now enabled.
E/lume_audio_dec(   86): Error: Audio dec failed with negative out len!
E/HWAudioDec(   86): Error: audio decode failed with outputlen:0
E/LocationManagerService(  414): Unable to bind FLP Geofence proxy.
E/ActivityRecognitionHardware(  414): Error hw_get_module: -2
E/LocationManagerService(  414): Hardware Activity-Recognition not supported.
I/HardOMXPlugin(   86): ### hard  makeComponentInstance 'OMX.LUMEAudioDecoder'
I/        (   86): ########get handle, lib:libstagefright_hard_alume.so
I/CommonTimeManagementService(  414): No common time service detected on this platform.  Common time services will be unavailable.
E/MediaExtractor(   86): [close xbdemux] DLCNT=1 lumeHandle=72d0ebc4
E/HWAudioDec(   86): onQueueFilled initDecoder
E/lume_audio_dec(   86): sh_audio->codec->drv=ffmpeg dll=vorbis
I/InputReader(  414): Reconfiguring input devices.  changes=0x00000020
I/InputReader(  414): Reconfiguring input devices.  changes=0x00000010
E/lume_audio_dec(   86): Error: Audio dec failed with negative out len!
I/HWAudioDec(   86): Reconfiguring decoder: 48000 Hz, 1 channels
V/WiredAccessoryManager(  414): notifyWiredAccessoryChanged: when=0 bits= mask=54
W/art     (  594): Suspending all threads took: 16.305ms
V/WiredAccessoryManager(  414): newName=h2w newState=0 headsetState=0 prev headsetState=0
E/WiredAccessoryManager(  414): No state change.
V/WiredAccessoryManager(  414): init()
V/SimpleHardOMXComponent(   86): Port 1 now disabled.
V/SimpleHardOMXComponent(   86): Port 1 now enabled.
I/MmsServiceBroker(  414): Delay connecting to MmsService until an API is called
W/VoiceInteractionManagerService(  414): no available voice recognition services found for user 0
I/art     (  594): Background sticky concurrent mark sweep GC freed 2238(78KB) AllocSpace objects, 0(0B) LOS objects, 17% free, 798KB/962KB, paused 17.455ms total 120.212ms
E/lume_audio_dec(   86): Error: Audio dec failed with negative out len!
E/HWAudioDec(   86): Error: audio decode failed with outputlen:0
I/art     (   89): Explicit concurrent mark sweep GC freed 5(160B) AllocSpace objects, 0(0B) LOS objects, 84% free, 92KB/604KB, paused 468us total 370.058ms
I/ContactLocale(  564): AddressBook Labels [en-US]: [, A, B, C, D, E, F, G, H, I, J, K, L, M, N, O, P, Q, R, S, T, U, V, W, X, Y, Z, , , , , , , , , , , , , , , , , , , , , , , , , , , , , , , , , , , , , , , , , , , , , , , , , , , , , , , , , , , , , , , , , , , , , , , , , , , , , , , , , , , , , , , , , , , , , , , , , , , , , , , , , , , , , , , , , , , , , , , , , , , , , , , , , , , , , , , , , , , , , , , , , , , , , , , , , , , , , , , , , , , , , , , , , , , , , , , , , , , , , , , , , , , , #, ]
E/MediaExtractor(   86): [close xbdemux] DLCNT=0 lumeHandle=0
I/art     (   89): Explicit concurrent mark sweep GC freed 5(160B) AllocSpace objects, 0(0B) LOS objects, 84% free, 92KB/604KB, paused 467us total 162.637ms
I/HardOMXPlugin(   86): ### hard  makeComponentInstance 'OMX.LUMEAudioDecoder'
I/        (   86): ########get handle, lib:libstagefright_hard_alume.so
E/HWAudioDec(   86): onQueueFilled initDecoder
E/lume_audio_dec(   86): sh_audio->codec->drv=ffmpeg dll=vorbis
E/lume_audio_dec(   86): Error: Audio dec failed with negative out len!
I/HWAudioDec(   86): Reconfiguring decoder: 48000 Hz, 1 channels
V/SimpleHardOMXComponent(   86): Port 1 now disabled.
V/SimpleHardOMXComponent(   86): Port 1 now enabled.
E/lume_audio_dec(   86): Error: Audio dec failed with negative out len!
E/HWAudioDec(   86): Error: audio decode failed with outputlen:0
I/art     (   89): Background concurrent mark sweep GC freed 85(3KB) AllocSpace objects, 0(0B) LOS objects, 84% free, 93KB/605KB, paused 442us total 171.639ms
W/art     (  594): Suspending all threads took: 45.362ms
I/art     (  594): Background partial concurrent mark sweep GC freed 694(45KB) AllocSpace objects, 0(0B) LOS objects, 36% free, 909KB/1421KB, paused 46.782ms total 218.589ms
I/ActivityManager(  414): Start proc 781:com.ingenic.iwds.device/u0a38 for added application com.ingenic.iwds.device
I/ActivityManager(  414): START u0 {act=android.intent.action.MAIN cat=[android.intent.category.HOME] flg=0x10000000 cmp=com.android.settings/.CryptKeeper} from uid 0 on display 0
E/MediaExtractor(   86): [close xbdemux] DLCNT=0 lumeHandle=0
W/art     (  414): Suspending all threads took: 13.736ms
W/art     (  414): Long monitor contention event with owner method=boolean android.os.MessageQueue.enqueueMessage(android.os.Message, long) from MessageQueue.java:323 waiters=0 for 381ms
I/FusedLocation(  414): engine started (com.android.location.fused)
V/WindowManager(  414): addAppToken: AppWindowToken{1e09df4d token=Token{1afd6ee4 ActivityRecord{2203b277 u0 com.android.settings/.CryptKeeper t1}}} to stack=0 task=1 at 0
I/art     (  414): Background partial concurrent mark sweep GC freed 6949(453KB) AllocSpace objects, 3(224KB) LOS objects, 19% free, 5MB/6MB, paused 37.728ms total 908.983ms
I/HardOMXPlugin(   86): ### hard  makeComponentInstance 'OMX.LUMEAudioDecoder'
I/        (   86): ########get handle, lib:libstagefright_hard_alume.so
I/art     (   89): Background concurrent mark sweep GC freed 787(33KB) AllocSpace objects, 0(0B) LOS objects, 84% free, 93KB/605KB, paused 411us total 114.738ms
E/HWAudioDec(   86): onQueueFilled initDecoder
E/lume_audio_dec(   86): sh_audio->codec->drv=ffmpeg dll=vorbis
E/lume_audio_dec(   86): Error: Audio dec failed with negative out len!
I/HWAudioDec(   86): Reconfiguring decoder: 48000 Hz, 1 channels
V/SimpleHardOMXComponent(   86): Port 1 now disabled.
V/SimpleHardOMXComponent(   86): Port 1 now enabled.
E/lume_audio_dec(   86): Error: Audio dec failed with negative out len!
E/HWAudioDec(   86): Error: audio decode failed with outputlen:0
I/ActivityManager(  414): Start proc 800:com.android.settings/1000 for activity com.android.settings/.CryptKeeper
W/art     (  414): Long monitor contention event with owner method=void com.android.server.am.ActivityManagerService.systemReady(java.lang.Runnable) from ActivityManagerService.java:11318 waiters=0 for 932ms
W/art     (  414): Long monitor contention event with owner method=void com.android.server.am.ActivityManagerService.systemReady(java.lang.Runnable) from ActivityManagerService.java:11318 waiters=1 for 274ms
D/GpsNetInitiatedHandler(  414): location enabled :false
E/MediaExtractor(   86): [close xbdemux] DLCNT=0 lumeHandle=0
W/art     (  749): Can't call EnsureArtActionInFrontOfSignalChain due to unitialized fault manager
I/art     (   89): Background concurrent mark sweep GC freed 788(33KB) AllocSpace objects, 0(0B) LOS objects, 84% free, 93KB/605KB, paused 410us total 172.932ms
I/HardOMXPlugin(   86): ### hard  makeComponentInstance 'OMX.LUMEAudioDecoder'
I/        (   86): ########get handle, lib:libstagefright_hard_alume.so
E/HWAudioDec(   86): onQueueFilled initDecoder
E/lume_audio_dec(   86): sh_audio->codec->drv=ffmpeg dll=vorbis
E/lume_audio_dec(   86): Error: Audio dec failed with negative out len!
I/HWAudioDec(   86): Reconfiguring decoder: 44100 Hz, 1 channels
I/ActivityManager(  414): Start proc 828:android.process.media/u0a5 for broadcast com.android.providers.media/.MtpReceiver
V/SimpleHardOMXComponent(   86): Port 1 now disabled.
V/SimpleHardOMXComponent(   86): Port 1 now enabled.
E/WindowManager(  414): CCCCCCCCCCCCCCCCCCCCCCCCCCCCCCCCCCCCCCCCCCCCCCCCCCCCCC 
E/WindowManager(  414): dw: 400
E/WindowManager(  414): dh: 400
E/WindowManager(  414): config.orientation: 1
E/WindowManager(  414): Configuration.ORIENTATION_PORTRAIT: 1
E/WindowManager(  414): Configuration.ORIENTATION_LANDSCAPE: 2
E/lume_audio_dec(   86): Error: Audio dec failed with negative out len!
E/HWAudioDec(   86): Error: audio decode failed with outputlen:0
D/VolumeUI(  594): Registering volume controller
W/art     (  749): Suspending all threads took: 33.654ms
I/LatinIME(  749): Hardware accelerated drawing: false
I/IWDS_NATIVE---IWDS WifiDataChannelRegister(  781): ==========
E/MediaExtractor(   86): [close xbdemux] DLCNT=0 lumeHandle=0
W/AppWidgetServiceImpl(  414): Failed to read state: java.io.FileNotFoundException: /data/system/users/0/appwidgets.xml: open failed: ENOENT (No such file or directory)
V/AppWidgetServiceImpl(  414): Upgrading widget database from 0 to 1
W/art     (  781): Can't call EnsureArtActionInFrontOfSignalChain due to unitialized fault manager
I/IWDS_NATIVE---Log(  781): Enable debug.
I/IWDS_NATIVE---DeviceDescriptor(  781): ===== Dump =====
I/IWDS_NATIVE---DeviceDescriptor(  781): Device class: 0
I/IWDS_NATIVE---DeviceDecritptor(  781): Device subclass: 1
I/IWDS_NATIVE---DeviceDescriptor(  781): ================
I/IWDS_NATIVE---IwdsRuntime(  781): ===== Dump =====
I/IWDS_NATIVE---IwdsRuntime(  781): Android API level: 22
I/IWDS_NATIVE---IwdsRuntime(  781): Xburst platform: true
I/IWDS_NATIVE---IwdsRuntime(  781): MTK platform: false
I/IWDS_NATIVE---IwdsRuntime(  781): ================
D/IWDS_NATIVE---Uniconnect(  781): Trace: enter initUniconnect 
D/IWDS_NATIVE---Uniconnect: AndroidBtDataChannel: (  781): Trace: enter probe 
D/IWDS_NATIVE---Uniconnect: AndroidBtDataChannel: (  781): Attaching android...
D/BluetoothManagerService(  414): Message: 300
D/BluetoothManagerService(  414): MESSAGE_USER_SWITCHED
D/PermissionCache(   78): checking android.permission.HARDWARE_TEST for uid=1000 => granted (335 us)
D/BluetoothManagerService(  414): Message: 20
D/BluetoothManagerService(  414): Added callback: android.bluetooth.IBluetoothManagerCallback$Stub$Proxy@222aa7b2:true
D/IWDS_NATIVE---Uniconnect: AndroidBtDataChannel: (  781): Trace: exit probe 
W/art     (  781): Suspending all threads took: 37.879ms
D/IWDS---d(  781): Link state null to null
I/art     (  781): Background sticky concurrent mark sweep GC freed 1678(97KB) AllocSpace objects, 1(16KB) LOS objects, 5% free, 571KB/605KB, paused 39.651ms total 247.705ms
I/IWDS_NATIVE---IWDS--Uniconnect: BleDataChannel: (  781): T
I/IWDS_NATIVE---IWDS--Uniconnect: BleDataChannel: (  781): 
D/IWDS_NATIVE---Uniconnect(  781): Trace: exit initUniconnect 
D/IWDS_NATIVE---UniconnectJni: (  781): Initialize done.
E/IWDS_NATIVE---SmartsenseJni: (  781): SmartSense initialize failed: failed to initialize sensor HAL: not a valid sensor module, name: InvenSense module(must be: Ingenic Sensor Module With IWDS Support)
E/IWDS_NATIVE---VibrateModule: (  781): load: module=/system/lib/hw/haptic.watch.so
E/IWDS_NATIVE---VibrateModule: (  781): dlopen failed: library "/system/lib/hw/haptic.watch.so" not found
E/IWDS_NATIVE---SmartVibrateJni: (  781): VibrateModule load module failed
D/IWDS_NATIVE---SmartVibrateJni: (  781): Initialize done.
I/art     (  594): Background partial concurrent mark sweep GC freed 3376(177KB) AllocSpace objects, 0(0B) LOS objects, 30% free, 1150KB/1662KB, paused 24.073ms total 426.876ms
I/art     (  781): Background partial concurrent mark sweep GC freed 98(19KB) AllocSpace objects, 0(0B) LOS objects, 42% free, 687KB/1199KB, paused 600us total 104.339ms
W/art     (  414): Long monitor contention event with owner method=java.lang.StackTraceElement[] java.lang.Throwable.nativeGetStackTrace!(java.lang.Object) from Throwable.java:4294967294 waiters=2 for 114ms
I/art     (  414): Background sticky concurrent mark sweep GC freed 11029(1168KB) AllocSpace objects, 2(32KB) LOS objects, 15% free, 5MB/6MB, paused 4.713ms total 458.504ms
I/Choreographer(  594): Skipped 74 frames!  The application may be doing too much work on its main thread.
D/IWDS---SensorServiceProxy(  781): initialize
W/art     (  414): Long monitor contention event with owner method=void libcore.io.Posix.close(java.io.FileDescriptor) from Posix.java:4294967294 waiters=0 for 106ms
I/art     (  800): Background sticky concurrent mark sweep GC freed 1821(133KB) AllocSpace objects, 0(0B) LOS objects, 34% free, 399KB/605KB, paused 13.852ms total 201.590ms
I/MediaProvider(  828): Upgrading media database from version 0 to 800, which will destroy all old data
I/IWDS---SensorServiceProxy(  781): start
I/StatusBarManagerService(  414): registerStatusBar bar=com.android.internal.statusbar.IStatusBar$Stub$Proxy@5bb857
D/IWDS---DeviceManagerProxy(  781): initialize
I/IWDS---DeviceManagerProxy(  781): start
I/ActivityManager(  414): Start proc 868:com.android.printspooler/u0a33 for service com.android.printspooler/.model.PrintSpoolerService
W/art     (  414): Long monitor contention event with owner method=int com.android.server.am.ActivityManagerService.bindService(android.app.IApplicationThread, android.os.IBinder, android.content.Intent, java.lang.String, android.app.IServiceConnection, int, int) from ActivityManagerService.java:15320 waiters=0 for 353ms
I/ActivityManager(  414): START u0 {act=android.intent.action.MAIN cat=[android.intent.category.HOME] flg=0x10000000 cmp=com.android.provision/.DefaultActivity} from uid 0 on display 0
V/WindowManager(  414): addAppToken: AppWindowToken{10f982f3 token=Token{5b86162 ActivityRecord{3b6d082d u0 com.android.provision/.DefaultActivity t2}}} to stack=0 task=2 at 0
I/art     (   89): Background concurrent mark sweep GC freed 788(33KB) AllocSpace objects, 0(0B) LOS objects, 84% free, 93KB/605KB, paused 412us total 126.887ms
I/ActivityManager(  414): Start proc 886:com.android.provision/u0a34 for activity com.android.provision/.DefaultActivity
W/InputAttributes(  749): No editor info for this field. Bug?
W/art     (  594): Suspending all threads took: 17.420ms
I/art     (  594): Background sticky concurrent mark sweep GC freed 2626(208KB) AllocSpace objects, 0(0B) LOS objects, 16% free, 1385KB/1662KB, paused 19.570ms total 192.814ms
E/WindowManager(  414): CCCCCCCCCCCCCCCCCCCCCCCCCCCCCCCCCCCCCCCCCCCCCCCCCCCCCC 
E/WindowManager(  414): dw: 400
E/WindowManager(  414): dh: 400
E/WindowManager(  414): config.orientation: 1
E/WindowManager(  414): Configuration.ORIENTATION_PORTRAIT: 1
E/WindowManager(  414): Configuration.ORIENTATION_LANDSCAPE: 2
I/PrintSpoolerService(  868): No existing print spooler state.
W/BackupManagerService(  414): dataChanged but no participant pkg='com.android.providers.settings' uid=10034
D/IWDS_NATIVE---Uniconnect(  781): Trace: enter setLinkStateChangedHandler 
D/IWDS_NATIVE---Uniconnect(  781): Trace: exit setLinkStateChangedHandler 
D/IWDS_NATIVE---Uniconnect(  781): Trace: enter getLinkTypes 
D/IWDS_NATIVE---Uniconnect(  781): Trace: exit getLinkTypes 
I/LatinIME:LogUtils(  749): Dictionary info: dictionary = UserHistoryDictionary.en_US ; version = 1408628119 ; date = ?
I/LatinIME:LogUtils(  749): Dictionary info: dictionary = PersonalizationDictionary.en_US ; version = 1408628119 ; date = ?
I/LatinIME:LogUtils(  749): Dictionary info: dictionary = userunigram.en_US ; version = 1408628119 ; date = ?
I/LatinIME:LogUtils(  749): Dictionary info: dictionary = contacts.en_US ; version = 1408628119 ; date = ?
I/LatinIME:LogUtils(  749): Dictionary info: dictionary = ContextualDictionary.en_US ; version = 1408628119 ; date = ?
D/BluetoothManagerService(  414): checkIfCallerIsForegroundUser: valid=true callingUser=0 parentUser=-10000 foregroundUser=0
D/IWDS---IwdsService(  781): onCreate()
I/LatinIME:LogUtils(  749): Dictionary info: dictionary = PersonalizationDictionary.en_US ; version = 1408628119 ; date = ?
I/LatinIME:LogUtils(  749): Dictionary info: dictionary = PersonalizationDictionary.en_US ; version = 1408628119 ; date = ?
I/ActivityManager(  414): START u0 {act=android.intent.action.MAIN cat=[android.intent.category.HOME] flg=0x10000000 cmp=android/com.android.internal.app.ResolverActivity} from uid 0 on display 0
V/WindowManager(  414): addAppToken: AppWindowToken{3531625e token=Token{82dbf99 ActivityRecord{28f6b0e0 u0 android/com.android.internal.app.ResolverActivity t3}}} to stack=1 task=3 at 0
W/art     (  749): Suspending all threads took: 20.650ms
W/art     (  594): Suspending all threads took: 35.886ms
I/art     (  594): Background sticky concurrent mark sweep GC freed 1028(79KB) AllocSpace objects, 0(0B) LOS objects, 9% free, 1508KB/1662KB, paused 39.624ms total 148.322ms
I/art     (   89): Background concurrent mark sweep GC freed 786(33KB) AllocSpace objects, 0(0B) LOS objects, 84% free, 93KB/605KB, paused 409us total 198.308ms
I/art     (  594): Background sticky concurrent mark sweep GC freed 47(8KB) AllocSpace objects, 0(0B) LOS objects, 5% free, 1571KB/1662KB, paused 5.491ms total 55.473ms
I/ActivityManager(  414): Start proc 911:system:ui/1000 for activity android/com.android.internal.app.ResolverActivity
W/art     (  414): Long monitor contention event with owner method=void com.android.server.am.ActivityManagerService.activityPaused(android.os.IBinder) from ActivityManagerService.java:6308 waiters=0 for 515ms
W/art     (  414): Long monitor contention event with owner method=void com.android.server.am.ActivityManagerService.activityPaused(android.os.IBinder) from ActivityManagerService.java:6308 waiters=1 for 494ms
W/art     (  414): Long monitor contention event with owner method=void com.android.server.am.ActivityManagerService.activityPaused(android.os.IBinder) from ActivityManagerService.java:6308 waiters=3 for 466ms
D/IWDS---ConnectionService(  781): onBind()
I/art     (  749): WaitForGcToComplete blocked for 50.457ms for cause DisableMovingGc
I/art     (  749): WaitForGcToComplete blocked for 53.019ms for cause DisableMovingGc
I/art     (  749): WaitForGcToComplete blocked for 50.598ms for cause DisableMovingGc
I/art     (  594): Background partial concurrent mark sweep GC freed 1411(95KB) AllocSpace objects, 0(0B) LOS objects, 25% free, 1533KB/2045KB, paused 1.642ms total 402.958ms
E/WindowManager(  414): CCCCCCCCCCCCCCCCCCCCCCCCCCCCCCCCCCCCCCCCCCCCCCCCCCCCCC 
E/WindowManager(  414): dw: 400
E/WindowManager(  414): dh: 400
E/WindowManager(  414): config.orientation: 1
E/WindowManager(  414): Configuration.ORIENTATION_PORTRAIT: 1
E/WindowManager(  414): Configuration.ORIENTATION_LANDSCAPE: 2
I/art     (  414): Background partial concurrent mark sweep GC freed 9912(995KB) AllocSpace objects, 9(275KB) LOS objects, 19% free, 5MB/7MB, paused 38.179ms total 1.278s
D/MediaProvider(  828): Adjusting external storage paths to: /storage/emulated/0
V/WindowManager(  414): Based on layer: Adding window Window{2e4dab3 u0 android/com.android.internal.app.ResolverActivity} at 0 of 1
I/ActivityManager(  414): Displayed android/com.android.internal.app.ResolverActivity: +1s926ms
E/SQLiteLog(  828): (1) no such table: album_info
V/KeyguardServiceDelegate(  414): *** Keyguard started
W/KeyguardServiceDelegate(  414): onScreenTurnedOn(): no keyguard service!
W/ResourcesManager(  911): Asset path '/system/framework/android.test.runner.jar' does not exist or contains no resources.
I/art     (  594): Background partial concurrent mark sweep GC freed 1691(120KB) AllocSpace objects, 0(0B) LOS objects, 25% free, 1903KB/2MB, paused 1.307ms total 227.252ms
D/MtpService(  828): updating state; isCurrentUser=true, mMtpLocked=true
D/MtpService(  828): updating state; isCurrentUser=true, mMtpLocked=true
